Archive member included to satisfy reference by file (symbol)

C:/ST/STM32CubeIDE_1.13.1/STM32CubeIDE/plugins/com.st.stm32cube.ide.mcu.externaltools.gnu-tools-for-stm32.11.3.rel1.win32_1.1.100.202309141235/tools/bin/../lib/gcc/arm-none-eabi/11.3.1/../../../../arm-none-eabi/lib/thumb/v7e-m+fp/hard\libc_nano.a(libc_a-assert.o)
                              ./Core/Src/adc.o (__assert_func)
C:/ST/STM32CubeIDE_1.13.1/STM32CubeIDE/plugins/com.st.stm32cube.ide.mcu.externaltools.gnu-tools-for-stm32.11.3.rel1.win32_1.1.100.202309141235/tools/bin/../lib/gcc/arm-none-eabi/11.3.1/../../../../arm-none-eabi/lib/thumb/v7e-m+fp/hard\libc_nano.a(libc_a-exit.o)
                              C:/ST/STM32CubeIDE_1.13.1/STM32CubeIDE/plugins/com.st.stm32cube.ide.mcu.externaltools.gnu-tools-for-stm32.11.3.rel1.win32_1.1.100.202309141235/tools/bin/../lib/gcc/arm-none-eabi/11.3.1/../../../../arm-none-eabi/lib/thumb/v7e-m+fp/hard/crt0.o (exit)
C:/ST/STM32CubeIDE_1.13.1/STM32CubeIDE/plugins/com.st.stm32cube.ide.mcu.externaltools.gnu-tools-for-stm32.11.3.rel1.win32_1.1.100.202309141235/tools/bin/../lib/gcc/arm-none-eabi/11.3.1/../../../../arm-none-eabi/lib/thumb/v7e-m+fp/hard\libc_nano.a(libc_a-itoa.o)
                              ./Core/Src/bt_protocol.o (itoa)
C:/ST/STM32CubeIDE_1.13.1/STM32CubeIDE/plugins/com.st.stm32cube.ide.mcu.externaltools.gnu-tools-for-stm32.11.3.rel1.win32_1.1.100.202309141235/tools/bin/../lib/gcc/arm-none-eabi/11.3.1/../../../../arm-none-eabi/lib/thumb/v7e-m+fp/hard\libc_nano.a(libc_a-malloc.o)
                              ./Core/ThreadSafe/newlib_lock_glue.o (malloc)
C:/ST/STM32CubeIDE_1.13.1/STM32CubeIDE/plugins/com.st.stm32cube.ide.mcu.externaltools.gnu-tools-for-stm32.11.3.rel1.win32_1.1.100.202309141235/tools/bin/../lib/gcc/arm-none-eabi/11.3.1/../../../../arm-none-eabi/lib/thumb/v7e-m+fp/hard\libc_nano.a(libc_a-mallocr.o)
                              C:/ST/STM32CubeIDE_1.13.1/STM32CubeIDE/plugins/com.st.stm32cube.ide.mcu.externaltools.gnu-tools-for-stm32.11.3.rel1.win32_1.1.100.202309141235/tools/bin/../lib/gcc/arm-none-eabi/11.3.1/../../../../arm-none-eabi/lib/thumb/v7e-m+fp/hard\libc_nano.a(libc_a-malloc.o) (_malloc_r)
C:/ST/STM32CubeIDE_1.13.1/STM32CubeIDE/plugins/com.st.stm32cube.ide.mcu.externaltools.gnu-tools-for-stm32.11.3.rel1.win32_1.1.100.202309141235/tools/bin/../lib/gcc/arm-none-eabi/11.3.1/../../../../arm-none-eabi/lib/thumb/v7e-m+fp/hard\libc_nano.a(libc_a-mlock.o)
                              C:/ST/STM32CubeIDE_1.13.1/STM32CubeIDE/plugins/com.st.stm32cube.ide.mcu.externaltools.gnu-tools-for-stm32.11.3.rel1.win32_1.1.100.202309141235/tools/bin/../lib/gcc/arm-none-eabi/11.3.1/../../../../arm-none-eabi/lib/thumb/v7e-m+fp/hard\libc_nano.a(libc_a-mallocr.o) (__malloc_lock)
C:/ST/STM32CubeIDE_1.13.1/STM32CubeIDE/plugins/com.st.stm32cube.ide.mcu.externaltools.gnu-tools-for-stm32.11.3.rel1.win32_1.1.100.202309141235/tools/bin/../lib/gcc/arm-none-eabi/11.3.1/../../../../arm-none-eabi/lib/thumb/v7e-m+fp/hard\libc_nano.a(libc_a-utoa.o)
                              C:/ST/STM32CubeIDE_1.13.1/STM32CubeIDE/plugins/com.st.stm32cube.ide.mcu.externaltools.gnu-tools-for-stm32.11.3.rel1.win32_1.1.100.202309141235/tools/bin/../lib/gcc/arm-none-eabi/11.3.1/../../../../arm-none-eabi/lib/thumb/v7e-m+fp/hard\libc_nano.a(libc_a-itoa.o) (__utoa)
C:/ST/STM32CubeIDE_1.13.1/STM32CubeIDE/plugins/com.st.stm32cube.ide.mcu.externaltools.gnu-tools-for-stm32.11.3.rel1.win32_1.1.100.202309141235/tools/bin/../lib/gcc/arm-none-eabi/11.3.1/../../../../arm-none-eabi/lib/thumb/v7e-m+fp/hard\libc_nano.a(libc_a-findfp.o)
                              ./Middlewares/Third_Party/FreeRTOS/Source/tasks.o (__sf)
C:/ST/STM32CubeIDE_1.13.1/STM32CubeIDE/plugins/com.st.stm32cube.ide.mcu.externaltools.gnu-tools-for-stm32.11.3.rel1.win32_1.1.100.202309141235/tools/bin/../lib/gcc/arm-none-eabi/11.3.1/../../../../arm-none-eabi/lib/thumb/v7e-m+fp/hard\libc_nano.a(libc_a-fprintf.o)
                              C:/ST/STM32CubeIDE_1.13.1/STM32CubeIDE/plugins/com.st.stm32cube.ide.mcu.externaltools.gnu-tools-for-stm32.11.3.rel1.win32_1.1.100.202309141235/tools/bin/../lib/gcc/arm-none-eabi/11.3.1/../../../../arm-none-eabi/lib/thumb/v7e-m+fp/hard\libc_nano.a(libc_a-assert.o) (fiprintf)
C:/ST/STM32CubeIDE_1.13.1/STM32CubeIDE/plugins/com.st.stm32cube.ide.mcu.externaltools.gnu-tools-for-stm32.11.3.rel1.win32_1.1.100.202309141235/tools/bin/../lib/gcc/arm-none-eabi/11.3.1/../../../../arm-none-eabi/lib/thumb/v7e-m+fp/hard\libc_nano.a(libc_a-fwalk.o)
                              C:/ST/STM32CubeIDE_1.13.1/STM32CubeIDE/plugins/com.st.stm32cube.ide.mcu.externaltools.gnu-tools-for-stm32.11.3.rel1.win32_1.1.100.202309141235/tools/bin/../lib/gcc/arm-none-eabi/11.3.1/../../../../arm-none-eabi/lib/thumb/v7e-m+fp/hard\libc_nano.a(libc_a-findfp.o) (_fwalk_sglue)
[...]
Memory Configuration

Name             Origin             Length             Attributes
RAM              0x0000000020000000 0x0000000000020000 xrw
FLASH            0x0000000008000000 0x0000000000080000 xr
*default*        0x0000000000000000 0xffffffffffffffff

Linker script and memory map

LOAD C:/ST/STM32CubeIDE_1.13.1/STM32CubeIDE/plugins/com.st.stm32cube.ide.mcu.externaltools.gnu-tools-for-stm32.11.3.rel1.win32_1.1.100.202309141235/tools/bin/../lib/gcc/arm-none-eabi/11.3.1/thumb/v7e-m+fp/hard/crti.o
LOAD C:/ST/STM32CubeIDE_1.13.1/STM32CubeIDE/plugins/com.st.stm32cube.ide.mcu.externaltools.gnu-tools-for-stm32.11.3.rel1.win32_1.1.100.202309141235/tools/bin/../lib/gcc/arm-none-eabi/11.3.1/thumb/v7e-m+fp/hard/crtbegin.o
LOAD C:/ST/STM32CubeIDE_1.13.1/STM32CubeIDE/plugins/com.st.stm32cube.ide.mcu.externaltools.gnu-tools-for-stm32.11.3.rel1.win32_1.1.100.202309141235/tools/bin/../lib/gcc/arm-none-eabi/11.3.1/../../../../arm-none-eabi/lib/thumb/v7e-m+fp/hard/crt0.o
LOAD ./Core/Src/ACB_comms_handler.o
LOAD ./Core/Src/adc.o
LOAD ./Core/Src/apps_brake.o
LOAD ./Core/Src/bt_protocol.o
LOAD ./Core/Src/can.o
LOAD ./Core/Src/car_state.o
LOAD ./Core/Src/dashboard_leds.o
LOAD ./Core/Src/dashboard_mgmt.o
LOAD ./Core/Src/dma.o
LOAD ./Core/Src/error_handler.o
LOAD ./Core/Src/freertos.o
LOAD ./Core/Src/gpio.o
LOAD ./Core/Src/heartbeat.o
LOAD ./Core/Src/iwdg.o
LOAD ./Core/Src/logger.o
LOAD ./Core/Src/lv_battery_tap.o
LOAD ./Core/Src/main.o
LOAD ./Core/Src/motor_controller_can.o
LOAD ./Core/Src/pedal_encoder.o
LOAD ./Core/Src/startup_condition.o
LOAD ./Core/Src/stm32f4xx_hal_msp.o
LOAD ./Core/Src/stm32f4xx_hal_timebase_tim.o
LOAD ./Core/Src/stm32f4xx_it.o
LOAD ./Core/Src/syscalls.o
LOAD ./Core/Src/sysmem.o
LOAD ./Core/Src/system_stm32f4xx.o
LOAD ./Core/Src/tim.o
LOAD ./Core/Src/usart.o
LOAD ./Core/Src/vcu_startup.o
LOAD ./Core/Startup/startup_stm32f446vetx.o
LOAD ./Core/ThreadSafe/newlib_lock_glue.o
LOAD ./Drivers/STM32F4xx_HAL_Driver/Src/stm32f4xx_hal.o
LOAD ./Drivers/STM32F4xx_HAL_Driver/Src/stm32f4xx_hal_adc.o
LOAD ./Drivers/STM32F4xx_HAL_Driver/Src/stm32f4xx_hal_adc_ex.o
LOAD ./Drivers/STM32F4xx_HAL_Driver/Src/stm32f4xx_hal_can.o
LOAD ./Drivers/STM32F4xx_HAL_Driver/Src/stm32f4xx_hal_cortex.o
LOAD ./Drivers/STM32F4xx_HAL_Driver/Src/stm32f4xx_hal_dma.o
LOAD ./Drivers/STM32F4xx_HAL_Driver/Src/stm32f4xx_hal_dma_ex.o
LOAD ./Drivers/STM32F4xx_HAL_Driver/Src/stm32f4xx_hal_exti.o
LOAD ./Drivers/STM32F4xx_HAL_Driver/Src/stm32f4xx_hal_flash.o
LOAD ./Drivers/STM32F4xx_HAL_Driver/Src/stm32f4xx_hal_flash_ex.o
LOAD ./Drivers/STM32F4xx_HAL_Driver/Src/stm32f4xx_hal_flash_ramfunc.o
LOAD ./Drivers/STM32F4xx_HAL_Driver/Src/stm32f4xx_hal_gpio.o
LOAD ./Drivers/STM32F4xx_HAL_Driver/Src/stm32f4xx_hal_iwdg.o
LOAD ./Drivers/STM32F4xx_HAL_Driver/Src/stm32f4xx_hal_pwr.o
LOAD ./Drivers/STM32F4xx_HAL_Driver/Src/stm32f4xx_hal_pwr_ex.o
LOAD ./Drivers/STM32F4xx_HAL_Driver/Src/stm32f4xx_hal_rcc.o
LOAD ./Drivers/STM32F4xx_HAL_Driver/Src/stm32f4xx_hal_rcc_ex.o
LOAD ./Drivers/STM32F4xx_HAL_Driver/Src/stm32f4xx_hal_tim.o
LOAD ./Drivers/STM32F4xx_HAL_Driver/Src/stm32f4xx_hal_tim_ex.o
LOAD ./Drivers/STM32F4xx_HAL_Driver/Src/stm32f4xx_hal_usart.o
LOAD ./Drivers/STM32F4xx_HAL_Driver/Src/stm32f4xx_ll_adc.o
LOAD ./Middlewares/Third_Party/FreeRTOS/Source/CMSIS_RTOS_V2/cmsis_os2.o
LOAD ./Middlewares/Third_Party/FreeRTOS/Source/croutine.o
LOAD ./Middlewares/Third_Party/FreeRTOS/Source/event_groups.o
LOAD ./Middlewares/Third_Party/FreeRTOS/Source/list.o
LOAD ./Middlewares/Third_Party/FreeRTOS/Source/queue.o
LOAD ./Middlewares/Third_Party/FreeRTOS/Source/stream_buffer.o
LOAD ./Middlewares/Third_Party/FreeRTOS/Source/tasks.o
LOAD ./Middlewares/Third_Party/FreeRTOS/Source/timers.o
LOAD ./Middlewares/Third_Party/FreeRTOS/Source/portable/GCC/ARM_CM4F/port.o
LOAD ./Middlewares/Third_Party/FreeRTOS/Source/portable/MemMang/heap_4.o
START GROUP
LOAD C:/ST/STM32CubeIDE_1.13.1/STM32CubeIDE/plugins/com.st.stm32cube.ide.mcu.externaltools.gnu-tools-for-stm32.11.3.rel1.win32_1.1.100.202309141235/tools/bin/../lib/gcc/arm-none-eabi/11.3.1/../../../../arm-none-eabi/lib/thumb/v7e-m+fp/hard\libc_nano.a
LOAD C:/ST/STM32CubeIDE_1.13.1/STM32CubeIDE/plugins/com.st.stm32cube.ide.mcu.externaltools.gnu-tools-for-stm32.11.3.rel1.win32_1.1.100.202309141235/tools/bin/../lib/gcc/arm-none-eabi/11.3.1/../../../../arm-none-eabi/lib/thumb/v7e-m+fp/hard\libm.a
END GROUP
START GROUP
LOAD C:/ST/STM32CubeIDE_1.13.1/STM32CubeIDE/plugins/com.st.stm32cube.ide.mcu.externaltools.gnu-tools-for-stm32.11.3.rel1.win32_1.1.100.202309141235/tools/bin/../lib/gcc/arm-none-eabi/11.3.1/thumb/v7e-m+fp/hard\libgcc.a
LOAD C:/ST/STM32CubeIDE_1.13.1/STM32CubeIDE/plugins/com.st.stm32cube.ide.mcu.externaltools.gnu-tools-for-stm32.11.3.rel1.win32_1.1.100.202309141235/tools/bin/../lib/gcc/arm-none-eabi/11.3.1/../../../../arm-none-eabi/lib/thumb/v7e-m+fp/hard\libc_nano.a
END GROUP
START GROUP
LOAD C:/ST/STM32CubeIDE_1.13.1/STM32CubeIDE/plugins/com.st.stm32cube.ide.mcu.externaltools.gnu-tools-for-stm32.11.3.rel1.win32_1.1.100.202309141235/tools/bin/../lib/gcc/arm-none-eabi/11.3.1/thumb/v7e-m+fp/hard\libgcc.a
LOAD C:/ST/STM32CubeIDE_1.13.1/STM32CubeIDE/plugins/com.st.stm32cube.ide.mcu.externaltools.gnu-tools-for-stm32.11.3.rel1.win32_1.1.100.202309141235/tools/bin/../lib/gcc/arm-none-eabi/11.3.1/../../../../arm-none-eabi/lib/thumb/v7e-m+fp/hard\libc_nano.a
LOAD C:/ST/STM32CubeIDE_1.13.1/STM32CubeIDE/plugins/com.st.stm32cube.ide.mcu.externaltools.gnu-tools-for-stm32.11.3.rel1.win32_1.1.100.202309141235/tools/bin/../lib/gcc/arm-none-eabi/11.3.1/../../../../arm-none-eabi/lib/thumb/v7e-m+fp/hard\libnosys.a
END GROUP
START GROUP
LOAD C:/ST/STM32CubeIDE_1.13.1/STM32CubeIDE/plugins/com.st.stm32cube.ide.mcu.externaltools.gnu-tools-for-stm32.11.3.rel1.win32_1.1.100.202309141235/tools/bin/../lib/gcc/arm-none-eabi/11.3.1/thumb/v7e-m+fp/hard\libgcc.a
LOAD C:/ST/STM32CubeIDE_1.13.1/STM32CubeIDE/plugins/com.st.stm32cube.ide.mcu.externaltools.gnu-tools-for-stm32.11.3.rel1.win32_1.1.100.202309141235/tools/bin/../lib/gcc/arm-none-eabi/11.3.1/../../../../arm-none-eabi/lib/thumb/v7e-m+fp/hard\libc_nano.a
LOAD C:/ST/STM32CubeIDE_1.13.1/STM32CubeIDE/plugins/com.st.stm32cube.ide.mcu.externaltools.gnu-tools-for-stm32.11.3.rel1.win32_1.1.100.202309141235/tools/bin/../lib/gcc/arm-none-eabi/11.3.1/../../../../arm-none-eabi/lib/thumb/v7e-m+fp/hard\libnosys.a
END GROUP
LOAD C:/ST/STM32CubeIDE_1.13.1/STM32CubeIDE/plugins/com.st.stm32cube.ide.mcu.externaltools.gnu-tools-for-stm32.11.3.rel1.win32_1.1.100.202309141235/tools/bin/../lib/gcc/arm-none-eabi/11.3.1/thumb/v7e-m+fp/hard/crtend.o
LOAD C:/ST/STM32CubeIDE_1.13.1/STM32CubeIDE/plugins/com.st.stm32cube.ide.mcu.externaltools.gnu-tools-for-stm32.11.3.rel1.win32_1.1.100.202309141235/tools/bin/../lib/gcc/arm-none-eabi/11.3.1/thumb/v7e-m+fp/hard/crtn.o
                0x0000000020020000                _estack = (ORIGIN (RAM) + LENGTH (RAM))
                0x0000000000000200                _Min_Heap_Size = 0x200
                0x0000000000000400                _Min_Stack_Size = 0x400

.isr_vector     0x0000000008000000      0x1c4
                0x0000000008000000                . = ALIGN (0x4)
 *(.isr_vector)
 .isr_vector    0x0000000008000000      0x1c4 ./Core/Startup/startup_stm32f446vetx.o
                0x0000000008000000                g_pfnVectors
                0x00000000080001c4                . = ALIGN (0x4)

.text           0x00000000080001d0     0xc610
                0x00000000080001d0                . = ALIGN (0x4)
 *(.text)
 .text          0x00000000080001d0       0x40 C:/ST/STM32CubeIDE_1.13.1/STM32CubeIDE/plugins/com.st.stm32cube.ide.mcu.externaltools.gnu-tools-for-stm32.11.3.rel1.win32_1.1.100.202309141235/tools/bin/../lib/gcc/arm-none-eabi/11.3.1/thumb/v7e-m+fp/hard/crtbegin.o
 .text          0x0000000008000210       0x14 C:/ST/STM32CubeIDE_1.13.1/STM32CubeIDE/plugins/com.st.stm32cube.ide.mcu.externaltools.gnu-tools-for-stm32.11.3.rel1.win32_1.1.100.202309141235/tools/bin/../lib/gcc/arm-none-eabi/11.3.1/../../../../arm-none-eabi/lib/thumb/v7e-m+fp/hard\libc_nano.a(libc_a-strcmp.o)
                0x0000000008000210                strcmp
 .text          0x0000000008000224       0x10 C:/ST/STM32CubeIDE_1.13.1/STM32CubeIDE/plugins/com.st.stm32cube.ide.mcu.externaltools.gnu-tools-for-stm32.11.3.rel1.win32_1.1.100.202309141235/tools/bin/../lib/gcc/arm-none-eabi/11.3.1/../../../../arm-none-eabi/lib/thumb/v7e-m+fp/hard\libc_nano.a(libc_a-strlen.o)
                0x0000000008000224                strlen
 *fill*         0x0000000008000234        0xc 
 .text          0x0000000008000240       0xa0 C:/ST/STM32CubeIDE_1.13.1/STM32CubeIDE/plugins/com.st.stm32cube.ide.mcu.externaltools.gnu-tools-for-stm32.11.3.rel1.win32_1.1.100.202309141235/tools/bin/../lib/gcc/arm-none-eabi/11.3.1/../../../../arm-none-eabi/lib/thumb/v7e-m+fp/hard\libc_nano.a(libc_a-memchr.o)
                0x0000000008000240                memchr
 .text          0x00000000080002e0      0x254 C:/ST/STM32CubeIDE_1.13.1/STM32CubeIDE/plugins/com.st.stm32cube.ide.mcu.externaltools.gnu-tools-for-stm32.11.3.rel1.win32_1.1.100.202309141235/tools/bin/../lib/gcc/arm-none-eabi/11.3.1/thumb/v7e-m+fp/hard\libgcc.a(_arm_muldf3.o)
                0x00000000080002e0                __muldf3
                0x00000000080002e0                __aeabi_dmul
 .text          0x0000000008000534      0x378 C:/ST/STM32CubeIDE_1.13.1/STM32CubeIDE/plugins/com.st.stm32cube.ide.mcu.externaltools.gnu-tools-for-stm32.11.3.rel1.win32_1.1.100.202309141235/tools/bin/../lib/gcc/arm-none-eabi/11.3.1/thumb/v7e-m+fp/hard\libgcc.a(_arm_addsubdf3.o)
                0x0000000008000534                __aeabi_drsub
                0x000000000800053c                __aeabi_dsub
                0x000000000800053c                __subdf3
                0x0000000008000540                __aeabi_dadd
                0x0000000008000540                __adddf3
                0x00000000080007b8                __floatunsidf
                0x00000000080007b8                __aeabi_ui2d
                0x00000000080007d8                __floatsidf
                0x00000000080007d8                __aeabi_i2d
                0x00000000080007fc                __aeabi_f2d
                0x00000000080007fc                __extendsfdf2
                0x0000000008000840                __floatundidf
                0x0000000008000840                __aeabi_ul2d
                0x0000000008000850                __floatdidf
                0x0000000008000850                __aeabi_l2d
 .text          0x00000000080008ac      0x110 C:/ST/STM32CubeIDE_1.13.1/STM32CubeIDE/plugins/com.st.stm32cube.ide.mcu.externaltools.gnu-tools-for-stm32.11.3.rel1.win32_1.1.100.202309141235/tools/bin/../lib/gcc/arm-none-eabi/11.3.1/thumb/v7e-m+fp/hard\libgcc.a(_arm_cmpdf2.o)
                0x00000000080008ac                __gtdf2
                0x00000000080008ac                __gedf2
                0x00000000080008b4                __ltdf2
                0x00000000080008b4                __ledf2
                0x00000000080008bc                __nedf2
                0x00000000080008bc                __eqdf2
                0x00000000080008bc                __cmpdf2
                0x0000000008000938                __aeabi_cdrcmple
                0x0000000008000948                __aeabi_cdcmpeq
                0x0000000008000948                __aeabi_cdcmple
                0x0000000008000958                __aeabi_dcmpeq
                0x000000000800096c                __aeabi_dcmplt
                0x0000000008000980                __aeabi_dcmple
                0x0000000008000994                __aeabi_dcmpge
                0x00000000080009a8                __aeabi_dcmpgt
 .text          0x00000000080009bc       0x40 C:/ST/STM32CubeIDE_1.13.1/STM32CubeIDE/plugins/com.st.stm32cube.ide.mcu.externaltools.gnu-tools-for-stm32.11.3.rel1.win32_1.1.100.202309141235/tools/bin/../lib/gcc/arm-none-eabi/11.3.1/thumb/v7e-m+fp/hard\libgcc.a(_arm_fixunsdfsi.o)
                0x00000000080009bc                __aeabi_d2uiz
                0x00000000080009bc                __fixunsdfsi
 .text          0x00000000080009fc       0xa0 C:/ST/STM32CubeIDE_1.13.1/STM32CubeIDE/plugins/com.st.stm32cube.ide.mcu.externaltools.gnu-tools-for-stm32.11.3.rel1.win32_1.1.100.202309141235/tools/bin/../lib/gcc/arm-none-eabi/11.3.1/thumb/v7e-m+fp/hard\libgcc.a(_arm_truncdfsf2.o)
                0x00000000080009fc                __truncdfsf2
                0x00000000080009fc                __aeabi_d2f
 .text          0x0000000008000a9c       0x30 C:/ST/STM32CubeIDE_1.13.1/STM32CubeIDE/plugins/com.st.stm32cube.ide.mcu.externaltools.gnu-tools-for-stm32.11.3.rel1.win32_1.1.100.202309141235/tools/bin/../lib/gcc/arm-none-eabi/11.3.1/thumb/v7e-m+fp/hard\libgcc.a(_aeabi_uldivmod.o)
                0x0000000008000a9c                __aeabi_uldivmod
 .text          0x0000000008000acc      0x2c8 C:/ST/STM32CubeIDE_1.13.1/STM32CubeIDE/plugins/com.st.stm32cube.ide.mcu.externaltools.gnu-tools-for-stm32.11.3.rel1.win32_1.1.100.202309141235/tools/bin/../lib/gcc/arm-none-eabi/11.3.1/thumb/v7e-m+fp/hard\libgcc.a(_udivmoddi4.o)
                0x0000000008000acc                __udivmoddi4
 .text          0x0000000008000d94        0x4 C:/ST/STM32CubeIDE_1.13.1/STM32CubeIDE/plugins/com.st.stm32cube.ide.mcu.externaltools.gnu-tools-for-stm32.11.3.rel1.win32_1.1.100.202309141235/tools/bin/../lib/gcc/arm-none-eabi/11.3.1/thumb/v7e-m+fp/hard\libgcc.a(_dvmd_tls.o)
                0x0000000008000d94                __aeabi_idiv0
                0x0000000008000d94                __aeabi_ldiv0
 *(.text*)
 .text.set_ACB_State
                0x0000000008000d98       0x30 ./Core/Src/ACB_comms_handler.o
                0x0000000008000d98                set_ACB_State
 .text.send_ACB_mesg
                0x0000000008000dc8       0x30 ./Core/Src/ACB_comms_handler.o
                0x0000000008000dc8                send_ACB_mesg
 .text.MX_ADC1_Init
                0x0000000008000df8       0xf8 ./Core/Src/adc.o
                0x0000000008000df8                MX_ADC1_Init
 .text.HAL_ADC_MspInit
                0x0000000008000ef0      0x13c ./Core/Src/adc.o
                0x0000000008000ef0                HAL_ADC_MspInit
 .text.ADC_get_val
                0x000000000800102c       0x4c ./Core/Src/adc.o
                0x000000000800102c                ADC_get_val
 .text.map      0x0000000008001078       0x54 ./Core/Src/apps_brake.o
                0x0000000008001078                map
 .text.StartAppsProcessTask
                0x00000000080010cc      0x260 ./Core/Src/apps_brake.o
                0x00000000080010cc                StartAppsProcessTask
 .text.sendTorqueWithFaultFixing
                0x000000000800132c       0x38 ./Core/Src/apps_brake.o
                0x000000000800132c                sendTorqueWithFaultFixing
 .text.twoFootRulePassed
                0x0000000008001364       0xa8 ./Core/Src/apps_brake.o
                0x0000000008001364                twoFootRulePassed
 .text.StartBrakeProcessTask
                0x000000000800140c       0xb8 ./Core/Src/apps_brake.o
                0x000000000800140c                StartBrakeProcessTask
 .text.handleImpossiblilty
                0x00000000080014c4        0xe ./Core/Src/apps_brake.o
 .text.brakePressed
                0x00000000080014d2       0x20 ./Core/Src/apps_brake.o
                0x00000000080014d2                brakePressed
 .text.detectBrake
                0x00000000080014f2       0x30 ./Core/Src/apps_brake.o
                0x00000000080014f2                detectBrake
 *fill*         0x0000000008001522        0x2 
 .text.btInitialize
                0x0000000008001524       0x44 ./Core/Src/bt_protocol.o
                0x0000000008001524                btInitialize
 .text.btSendPacket
                0x0000000008001568       0x50 ./Core/Src/bt_protocol.o
                0x0000000008001568                btSendPacket
 .text.btUpdateData
                0x00000000080015b8      0x16c ./Core/Src/bt_protocol.o
                0x00000000080015b8                btUpdateData
 .text.initPacket
                0x0000000008001724       0xcc ./Core/Src/bt_protocol.o
 .text.buildPacket
                0x00000000080017f0       0x24 ./Core/Src/bt_protocol.o
 .text.setStartFlag
                0x0000000008001814       0x18 ./Core/Src/bt_protocol.o
 .text.setAcknowledgement
                0x000000000800182c       0x18 ./Core/Src/bt_protocol.o
 .text.setHeader
                0x0000000008001844       0x18 ./Core/Src/bt_protocol.o
 .text.setExpansion
                0x000000000800185c       0x18 ./Core/Src/bt_protocol.o
 .text.setChecksum
                0x0000000008001874       0x18 ./Core/Src/bt_protocol.o
 .text.setEndFlag
                0x000000000800188c       0x1c ./Core/Src/bt_protocol.o
 .text.updateSequence
                0x00000000080018a8       0x64 ./Core/Src/bt_protocol.o
 .text.StartBluetoothDumpTask
                0x000000000800190c       0x60 ./Core/Src/bt_protocol.o
                0x000000000800190c                StartBluetoothDumpTask
 .text.MX_CAN1_Init
                0x000000000800196c       0x68 ./Core/Src/can.o
                0x000000000800196c                MX_CAN1_Init
 .text.HAL_CAN_MspInit
                0x00000000080019d4       0x90 ./Core/Src/can.o
                0x00000000080019d4                HAL_CAN_MspInit
 .text.sendCan  0x0000000008001a64      0x110 ./Core/Src/can.o
                0x0000000008001a64                sendCan
 .text.nullTerminate
                0x0000000008001b74       0x3e ./Core/Src/can.o
                0x0000000008001b74                nullTerminate
 *fill*         0x0000000008001bb2        0x2 
 .text.messageReceivedFromControlUnit
                0x0000000008001bb4       0xe4 ./Core/Src/can.o
                0x0000000008001bb4                messageReceivedFromControlUnit
 .text.CAN_Polling
                0x0000000008001c98       0x4c ./Core/Src/can.o
                0x0000000008001c98                CAN_Polling
 .text.StartCanRxTask
                0x0000000008001ce4      0x1dc ./Core/Src/can.o
                0x0000000008001ce4                StartCanRxTask
 .text.StartCanTxTask
                0x0000000008001ec0        0xa ./Core/Src/can.o
                0x0000000008001ec0                StartCanTxTask
 *fill*         0x0000000008001eca        0x2 
 .text.set_car_state
                0x0000000008001ecc       0x28 ./Core/Src/car_state.o
                0x0000000008001ecc                set_car_state
 .text.get_car_state
                0x0000000008001ef4       0x20 ./Core/Src/car_state.o
                0x0000000008001ef4                get_car_state
 .text.dash_clear_all_leds
                0x0000000008001f14       0x34 ./Core/Src/dashboard_leds.o
                0x0000000008001f14                dash_clear_all_leds
 .text.dash_set_all_leds
                0x0000000008001f48       0x34 ./Core/Src/dashboard_leds.o
                0x0000000008001f48                dash_set_all_leds
 .text.dash_set_tsa_teal
                0x0000000008001f7c       0x20 ./Core/Src/dashboard_leds.o
                0x0000000008001f7c                dash_set_tsa_teal
 .text.dash_set_tsa_green
                0x0000000008001f9c       0x20 ./Core/Src/dashboard_leds.o
                0x0000000008001f9c                dash_set_tsa_green
 .text.dash_set_tsa_blue
                0x0000000008001fbc       0x20 ./Core/Src/dashboard_leds.o
                0x0000000008001fbc                dash_set_tsa_blue
 .text.dash_set_rtd_green
                0x0000000008001fdc       0x20 ./Core/Src/dashboard_leds.o
                0x0000000008001fdc                dash_set_rtd_green
 .text.dash_set_rtd_blue
                0x0000000008001ffc       0x20 ./Core/Src/dashboard_leds.o
                0x0000000008001ffc                dash_set_rtd_blue
 .text.dash_set_rtd_teal
                0x000000000800201c       0x20 ./Core/Src/dashboard_leds.o
                0x000000000800201c                dash_set_rtd_teal
 .text.vcu_debug_led
                0x000000000800203c       0x70 ./Core/Src/dashboard_leds.o
                0x000000000800203c                vcu_debug_led
 .text.led_mgmt_set_error
                0x00000000080020ac       0x24 ./Core/Src/dashboard_mgmt.o
                0x00000000080020ac                led_mgmt_set_error
 .text.led_mgmt_clear_error
                0x00000000080020d0       0x24 ./Core/Src/dashboard_mgmt.o
                0x00000000080020d0                led_mgmt_clear_error
 .text.StartDashboardLedTask
                0x00000000080020f4       0xe4 ./Core/Src/dashboard_mgmt.o
                0x00000000080020f4                StartDashboardLedTask
 .text.MX_DMA_Init
                0x00000000080021d8       0x40 ./Core/Src/dma.o
                0x00000000080021d8                MX_DMA_Init
 .text.log_and_handle_error
                0x0000000008002218      0x1a0 ./Core/Src/error_handler.o
                0x0000000008002218                log_and_handle_error
 .text.MX_FREERTOS_Init
                0x00000000080023b8      0x13c ./Core/Src/freertos.o
                0x00000000080023b8                MX_FREERTOS_Init
 .text.StartDefaultTask
                0x00000000080024f4       0x10 ./Core/Src/freertos.o
                0x00000000080024f4                StartDefaultTask
 .text.MX_GPIO_Init
                0x0000000008002504      0x260 ./Core/Src/gpio.o
                0x0000000008002504                MX_GPIO_Init
 .text.StartAcuHeartbeatTask
                0x0000000008002764      0x10c ./Core/Src/heartbeat.o
                0x0000000008002764                StartAcuHeartbeatTask
 .text.StartMcHeartbeatTask
                0x0000000008002870       0xa8 ./Core/Src/heartbeat.o
                0x0000000008002870                StartMcHeartbeatTask
 .text.get_acu_heartbeat_State
                0x0000000008002918       0x18 ./Core/Src/heartbeat.o
                0x0000000008002918                get_acu_heartbeat_State
 .text.get_mc_heartbeat_State
                0x0000000008002930       0x18 ./Core/Src/heartbeat.o
                0x0000000008002930                get_mc_heartbeat_State
 .text.heartbeat_MC_get_task
                0x0000000008002948       0x18 ./Core/Src/heartbeat.o
                0x0000000008002948                heartbeat_MC_get_task
 .text.MX_IWDG_Init
                0x0000000008002960       0x38 ./Core/Src/iwdg.o
                0x0000000008002960                MX_IWDG_Init
 .text.initWdEventGroup
                0x0000000008002998       0x50 ./Core/Src/iwdg.o
 .text.wd_criticalTaskKick
                0x00000000080029e8       0x48 ./Core/Src/iwdg.o
                0x00000000080029e8                wd_criticalTaskKick
 .text.startFromIWDG
                0x0000000008002a30       0x38 ./Core/Src/iwdg.o
                0x0000000008002a30                startFromIWDG
 .text.wdErrorHandler
                0x0000000008002a68       0x14 ./Core/Src/iwdg.o
                0x0000000008002a68                wdErrorHandler
 .text.StartWatchDogTask
                0x0000000008002a7c       0x34 ./Core/Src/iwdg.o
                0x0000000008002a7c                StartWatchDogTask
 .text.logInitialize
                0x0000000008002ab0       0x44 ./Core/Src/logger.o
                0x0000000008002ab0                logInitialize
 .text.logIndicator
                0x0000000008002af4       0x34 ./Core/Src/logger.o
                0x0000000008002af4                logIndicator
 .text.enableVCULogging
                0x0000000008002b28       0x18 ./Core/Src/logger.o
                0x0000000008002b28                enableVCULogging
 .text.logMessage
                0x0000000008002b40       0xac ./Core/Src/logger.o
                0x0000000008002b40                logMessage
 .text.logSensor
                0x0000000008002bec       0x30 ./Core/Src/logger.o
                0x0000000008002bec                logSensor
 *fill*         0x0000000008002c1c        0x4 
 .text.lv_battery_voltage
                0x0000000008002c20       0x84 ./Core/Src/lv_battery_tap.o
                0x0000000008002c20                lv_battery_voltage
 .text.main     0x0000000008002ca4       0x74 ./Core/Src/main.o
                0x0000000008002ca4                main
 .text.SystemClock_Config
                0x0000000008002d18       0xc4 ./Core/Src/main.o
                0x0000000008002d18                SystemClock_Config
 .text.HAL_TIM_PeriodElapsedCallback
                0x0000000008002ddc       0x24 ./Core/Src/main.o
                0x0000000008002ddc                HAL_TIM_PeriodElapsedCallback
 .text.Error_Handler
                0x0000000008002e00       0x28 ./Core/Src/main.o
                0x0000000008002e00                Error_Handler
 .text.mc_getAverageIGBTTemp
                0x0000000008002e28       0x50 ./Core/Src/motor_controller_can.o
                0x0000000008002e28                mc_getAverageIGBTTemp
 .text.mc_getMotorTemp
                0x0000000008002e78       0x34 ./Core/Src/motor_controller_can.o
                0x0000000008002e78                mc_getMotorTemp
 .text.mc_getBusCurrent
                0x0000000008002eac       0x2c ./Core/Src/motor_controller_can.o
                0x0000000008002eac                mc_getBusCurrent
 .text.mc_set_inverter_enable
                0x0000000008002ed8       0x24 ./Core/Src/motor_controller_can.o
                0x0000000008002ed8                mc_set_inverter_enable
 .text.mc_process_temp1_can
                0x0000000008002efc       0x6c ./Core/Src/motor_controller_can.o
                0x0000000008002efc                mc_process_temp1_can
 .text.mc_process_temp3_can
                0x0000000008002f68       0x34 ./Core/Src/motor_controller_can.o
                0x0000000008002f68                mc_process_temp3_can
 .text.fixFaults
                0x0000000008002f9c       0xd4 ./Core/Src/motor_controller_can.o
                0x0000000008002f9c                fixFaults
 .text.mc_process_fast_can
                0x0000000008003070       0xf4 ./Core/Src/motor_controller_can.o
                0x0000000008003070                mc_process_fast_can
 .text.mc_process_current_can
                0x0000000008003164       0xa0 ./Core/Src/motor_controller_can.o
                0x0000000008003164                mc_process_current_can
 .text.sendTorque
                0x0000000008003204       0xfc ./Core/Src/motor_controller_can.o
                0x0000000008003204                sendTorque
 .text.mc_send_param_command_message
                0x0000000008003300       0x4c ./Core/Src/motor_controller_can.o
                0x0000000008003300                mc_send_param_command_message
 .text.mc_enable_broadcast_msgs
                0x000000000800334c       0x22 ./Core/Src/motor_controller_can.o
                0x000000000800334c                mc_enable_broadcast_msgs
 .text.update_heartbeat
                0x000000000800336e       0x32 ./Core/Src/motor_controller_can.o
 .text.EnableMC
                0x00000000080033a0       0x18 ./Core/Src/motor_controller_can.o
                0x00000000080033a0                EnableMC
 .text.DisableMC
                0x00000000080033b8       0x18 ./Core/Src/motor_controller_can.o
                0x00000000080033b8                DisableMC
 .text.detectPedal
                0x00000000080033d0      0x108 ./Core/Src/pedal_encoder.o
                0x00000000080033d0                detectPedal
 .text.sensAgreement_990
                0x00000000080034d8      0x1a0 ./Core/Src/pedal_encoder.o
                0x00000000080034d8                sensAgreement_990
 .text.bad_pedal_struct_err_handler
                0x0000000008003678        0xe ./Core/Src/pedal_encoder.o
                0x0000000008003678                bad_pedal_struct_err_handler
 *fill*         0x0000000008003686        0x2 
 .text.checkStartupCondition
                0x0000000008003688       0xdc ./Core/Src/startup_condition.o
                0x0000000008003688                checkStartupCondition
 .text.HAL_MspInit
                0x0000000008003764       0x58 ./Core/Src/stm32f4xx_hal_msp.o
                0x0000000008003764                HAL_MspInit
 .text.HAL_InitTick
                0x00000000080037bc       0xe4 ./Core/Src/stm32f4xx_hal_timebase_tim.o
                0x00000000080037bc                HAL_InitTick
 .text.NMI_Handler
                0x00000000080038a0        0x6 ./Core/Src/stm32f4xx_it.o
                0x00000000080038a0                NMI_Handler
 .text.HardFault_Handler
                0x00000000080038a6        0x6 ./Core/Src/stm32f4xx_it.o
                0x00000000080038a6                HardFault_Handler
 .text.MemManage_Handler
                0x00000000080038ac        0x6 ./Core/Src/stm32f4xx_it.o
                0x00000000080038ac                MemManage_Handler
 .text.BusFault_Handler
                0x00000000080038b2        0x6 ./Core/Src/stm32f4xx_it.o
                0x00000000080038b2                BusFault_Handler
 .text.UsageFault_Handler
                0x00000000080038b8        0x6 ./Core/Src/stm32f4xx_it.o
                0x00000000080038b8                UsageFault_Handler
 .text.DebugMon_Handler
                0x00000000080038be        0xe ./Core/Src/stm32f4xx_it.o
                0x00000000080038be                DebugMon_Handler
 .text.TIM1_UP_TIM10_IRQHandler
                0x00000000080038cc       0x14 ./Core/Src/stm32f4xx_it.o
                0x00000000080038cc                TIM1_UP_TIM10_IRQHandler
 .text.DMA2_Stream0_IRQHandler
                0x00000000080038e0       0x14 ./Core/Src/stm32f4xx_it.o
                0x00000000080038e0                DMA2_Stream0_IRQHandler
 .text._getpid  0x00000000080038f4       0x10 ./Core/Src/syscalls.o
                0x00000000080038f4                _getpid
 .text._kill    0x0000000008003904       0x20 ./Core/Src/syscalls.o
                0x0000000008003904                _kill
 .text._exit    0x0000000008003924       0x14 ./Core/Src/syscalls.o
                0x0000000008003924                _exit
 .text._read    0x0000000008003938       0x3a ./Core/Src/syscalls.o
                0x0000000008003938                _read
 .text._write   0x0000000008003972       0x38 ./Core/Src/syscalls.o
                0x0000000008003972                _write
 .text._close   0x00000000080039aa       0x18 ./Core/Src/syscalls.o
                0x00000000080039aa                _close
 .text._fstat   0x00000000080039c2       0x20 ./Core/Src/syscalls.o
                0x00000000080039c2                _fstat
 .text._isatty  0x00000000080039e2       0x16 ./Core/Src/syscalls.o
                0x00000000080039e2                _isatty
 .text._lseek   0x00000000080039f8       0x1a ./Core/Src/syscalls.o
                0x00000000080039f8                _lseek
 *fill*         0x0000000008003a12        0x2 
 .text._sbrk    0x0000000008003a14       0x6c ./Core/Src/sysmem.o
                0x0000000008003a14                _sbrk
 .text.SystemInit
                0x0000000008003a80       0x24 ./Core/Src/system_stm32f4xx.o
                0x0000000008003a80                SystemInit
 .text.MX_TIM12_Init
                0x0000000008003aa4       0xd8 ./Core/Src/tim.o
                0x0000000008003aa4                MX_TIM12_Init
 .text.HAL_TIM_IC_MspInit
                0x0000000008003b7c       0x90 ./Core/Src/tim.o
                0x0000000008003b7c                HAL_TIM_IC_MspInit
 .text.MX_USART2_Init
                0x0000000008003c0c       0x58 ./Core/Src/usart.o
                0x0000000008003c0c                MX_USART2_Init
 .text.HAL_USART_MspInit
                0x0000000008003c64       0x90 ./Core/Src/usart.o
                0x0000000008003c64                HAL_USART_MspInit
 .text.StartVcuStateTask
                0x0000000008003cf4      0x2bc ./Core/Src/vcu_startup.o
                0x0000000008003cf4                StartVcuStateTask
 .text.read_saftey_loop
                0x0000000008003fb0       0x20 ./Core/Src/vcu_startup.o
                0x0000000008003fb0                read_saftey_loop
 .text.go_idle  0x0000000008003fd0       0x22 ./Core/Src/vcu_startup.o
                0x0000000008003fd0                go_idle
 .text.fail_pulse
                0x0000000008003ff2       0x24 ./Core/Src/vcu_startup.o
 .text.isButtonPressed
                0x0000000008004016       0x2a ./Core/Src/vcu_startup.o
                0x0000000008004016                isButtonPressed
 .text.Reset_Handler
                0x0000000008004040       0x50 ./Core/Startup/startup_stm32f446vetx.o
                0x0000000008004040                Reset_Handler
 .text.Default_Handler
                0x0000000008004090        0x2 ./Core/Startup/startup_stm32f446vetx.o
                0x0000000008004090                RTC_Alarm_IRQHandler
                0x0000000008004090                EXTI2_IRQHandler
                0x0000000008004090                TIM8_CC_IRQHandler
                0x0000000008004090                FMPI2C1_EV_IRQHandler
                0x0000000008004090                SPI4_IRQHandler
                0x0000000008004090                TIM1_CC_IRQHandler
                0x0000000008004090                DMA2_Stream5_IRQHandler
                0x0000000008004090                DMA1_Stream5_IRQHandler
                0x0000000008004090                PVD_IRQHandler
                0x0000000008004090                SDIO_IRQHandler
                0x0000000008004090                TAMP_STAMP_IRQHandler
                0x0000000008004090                CAN2_RX1_IRQHandler
                0x0000000008004090                EXTI3_IRQHandler
                0x0000000008004090                TIM8_TRG_COM_TIM14_IRQHandler
                0x0000000008004090                TIM8_UP_TIM13_IRQHandler
                0x0000000008004090                I2C3_ER_IRQHandler
                0x0000000008004090                EXTI0_IRQHandler
                0x0000000008004090                I2C2_EV_IRQHandler
                0x0000000008004090                DMA1_Stream2_IRQHandler
                0x0000000008004090                CAN1_RX0_IRQHandler
                0x0000000008004090                FPU_IRQHandler
                0x0000000008004090                OTG_HS_WKUP_IRQHandler
                0x0000000008004090                CAN2_SCE_IRQHandler
                0x0000000008004090                DMA2_Stream2_IRQHandler
                0x0000000008004090                SPI1_IRQHandler
                0x0000000008004090                TIM6_DAC_IRQHandler
                0x0000000008004090                TIM1_BRK_TIM9_IRQHandler
                0x0000000008004090                DCMI_IRQHandler
                0x0000000008004090                CAN2_RX0_IRQHandler
                0x0000000008004090                DMA2_Stream3_IRQHandler
                0x0000000008004090                SAI2_IRQHandler
                0x0000000008004090                USART6_IRQHandler
                0x0000000008004090                USART3_IRQHandler
                0x0000000008004090                CAN1_RX1_IRQHandler
                0x0000000008004090                UART5_IRQHandler
                0x0000000008004090                TIM4_IRQHandler
                0x0000000008004090                QUADSPI_IRQHandler
                0x0000000008004090                I2C1_EV_IRQHandler
                0x0000000008004090                DMA1_Stream6_IRQHandler
                0x0000000008004090                DMA1_Stream1_IRQHandler
                0x0000000008004090                UART4_IRQHandler
                0x0000000008004090                TIM3_IRQHandler
                0x0000000008004090                RCC_IRQHandler
                0x0000000008004090                TIM8_BRK_TIM12_IRQHandler
                0x0000000008004090                Default_Handler
                0x0000000008004090                CEC_IRQHandler
                0x0000000008004090                EXTI15_10_IRQHandler
                0x0000000008004090                ADC_IRQHandler
                0x0000000008004090                DMA1_Stream7_IRQHandler
                0x0000000008004090                TIM7_IRQHandler
                0x0000000008004090                CAN2_TX_IRQHandler
                0x0000000008004090                TIM5_IRQHandler
                0x0000000008004090                DMA2_Stream7_IRQHandler
                0x0000000008004090                I2C3_EV_IRQHandler
                0x0000000008004090                EXTI9_5_IRQHandler
                0x0000000008004090                RTC_WKUP_IRQHandler
                0x0000000008004090                SPDIF_RX_IRQHandler
                0x0000000008004090                SPI2_IRQHandler
                0x0000000008004090                OTG_HS_EP1_IN_IRQHandler
                0x0000000008004090                DMA1_Stream0_IRQHandler
                0x0000000008004090                CAN1_TX_IRQHandler
                0x0000000008004090                FMPI2C1_ER_IRQHandler
                0x0000000008004090                EXTI4_IRQHandler
                0x0000000008004090                OTG_HS_EP1_OUT_IRQHandler
                0x0000000008004090                WWDG_IRQHandler
                0x0000000008004090                TIM2_IRQHandler
                0x0000000008004090                OTG_FS_WKUP_IRQHandler
                0x0000000008004090                TIM1_TRG_COM_TIM11_IRQHandler
                0x0000000008004090                OTG_HS_IRQHandler
                0x0000000008004090                EXTI1_IRQHandler
                0x0000000008004090                USART2_IRQHandler
                0x0000000008004090                I2C2_ER_IRQHandler
                0x0000000008004090                DMA2_Stream1_IRQHandler
                0x0000000008004090                CAN1_SCE_IRQHandler
                0x0000000008004090                FLASH_IRQHandler
                0x0000000008004090                DMA2_Stream4_IRQHandler
                0x0000000008004090                USART1_IRQHandler
                0x0000000008004090                OTG_FS_IRQHandler
                0x0000000008004090                SPI3_IRQHandler
                0x0000000008004090                DMA1_Stream4_IRQHandler
                0x0000000008004090                I2C1_ER_IRQHandler
                0x0000000008004090                FMC_IRQHandler
                0x0000000008004090                DMA2_Stream6_IRQHandler
                0x0000000008004090                SAI1_IRQHandler
                0x0000000008004090                DMA1_Stream3_IRQHandler
 .text.stm32_lock_init
                0x0000000008004092       0x42 ./Core/ThreadSafe/newlib_lock_glue.o
 .text.stm32_lock_acquire
                0x00000000080040d4       0x60 ./Core/ThreadSafe/newlib_lock_glue.o
 .text.stm32_lock_release
                0x0000000008004134       0x54 ./Core/ThreadSafe/newlib_lock_glue.o
 .text.__retarget_lock_init_recursive
                0x0000000008004188       0x4c ./Core/ThreadSafe/newlib_lock_glue.o
                0x0000000008004188                __retarget_lock_init_recursive
 .text.__retarget_lock_acquire_recursive
                0x00000000080041d4       0x28 ./Core/ThreadSafe/newlib_lock_glue.o
                0x00000000080041d4                __retarget_lock_acquire_recursive
 .text.__retarget_lock_release_recursive
                0x00000000080041fc       0x28 ./Core/ThreadSafe/newlib_lock_glue.o
                0x00000000080041fc                __retarget_lock_release_recursive
 .text.HAL_Init
                0x0000000008004224       0x44 ./Drivers/STM32F4xx_HAL_Driver/Src/stm32f4xx_hal.o
                0x0000000008004224                HAL_Init
 .text.HAL_IncTick
                0x0000000008004268       0x28 ./Drivers/STM32F4xx_HAL_Driver/Src/stm32f4xx_hal.o
                0x0000000008004268                HAL_IncTick
 .text.HAL_GetTick
                0x0000000008004290       0x18 ./Drivers/STM32F4xx_HAL_Driver/Src/stm32f4xx_hal.o
                0x0000000008004290                HAL_GetTick
 .text.HAL_Delay
                0x00000000080042a8       0x48 ./Drivers/STM32F4xx_HAL_Driver/Src/stm32f4xx_hal.o
                0x00000000080042a8                HAL_Delay
 .text.HAL_ADC_Init
                0x00000000080042f0       0x86 ./Drivers/STM32F4xx_HAL_Driver/Src/stm32f4xx_hal_adc.o
                0x00000000080042f0                HAL_ADC_Init
 *fill*         0x0000000008004376        0x2 
 .text.HAL_ADC_ConfigChannel
                0x0000000008004378      0x264 ./Drivers/STM32F4xx_HAL_Driver/Src/stm32f4xx_hal_adc.o
                0x0000000008004378                HAL_ADC_ConfigChannel
 .text.ADC_Init
                0x00000000080045dc      0x1f8 ./Drivers/STM32F4xx_HAL_Driver/Src/stm32f4xx_hal_adc.o
 .text.HAL_CAN_Init
                0x00000000080047d4      0x1f6 ./Drivers/STM32F4xx_HAL_Driver/Src/stm32f4xx_hal_can.o
                0x00000000080047d4                HAL_CAN_Init
 .text.HAL_CAN_Start
                0x00000000080049ca       0x88 ./Drivers/STM32F4xx_HAL_Driver/Src/stm32f4xx_hal_can.o
                0x00000000080049ca                HAL_CAN_Start
 .text.HAL_CAN_AddTxMessage
                0x0000000008004a52      0x1a0 ./Drivers/STM32F4xx_HAL_Driver/Src/stm32f4xx_hal_can.o
                0x0000000008004a52                HAL_CAN_AddTxMessage
 .text.HAL_CAN_GetRxMessage
                0x0000000008004bf2      0x244 ./Drivers/STM32F4xx_HAL_Driver/Src/stm32f4xx_hal_can.o
                0x0000000008004bf2                HAL_CAN_GetRxMessage
 .text.HAL_CAN_GetRxFifoFillLevel
                0x0000000008004e36       0x50 ./Drivers/STM32F4xx_HAL_Driver/Src/stm32f4xx_hal_can.o
                0x0000000008004e36                HAL_CAN_GetRxFifoFillLevel
 *fill*         0x0000000008004e86        0x2 
 .text.__NVIC_SetPriorityGrouping
                0x0000000008004e88       0x48 ./Drivers/STM32F4xx_HAL_Driver/Src/stm32f4xx_hal_cortex.o
 .text.__NVIC_GetPriorityGrouping
                0x0000000008004ed0       0x1c ./Drivers/STM32F4xx_HAL_Driver/Src/stm32f4xx_hal_cortex.o
 .text.__NVIC_EnableIRQ
                0x0000000008004eec       0x3c ./Drivers/STM32F4xx_HAL_Driver/Src/stm32f4xx_hal_cortex.o
 .text.__NVIC_SetPriority
                0x0000000008004f28       0x54 ./Drivers/STM32F4xx_HAL_Driver/Src/stm32f4xx_hal_cortex.o
 .text.NVIC_EncodePriority
                0x0000000008004f7c       0x66 ./Drivers/STM32F4xx_HAL_Driver/Src/stm32f4xx_hal_cortex.o
 .text.HAL_NVIC_SetPriorityGrouping
                0x0000000008004fe2       0x16 ./Drivers/STM32F4xx_HAL_Driver/Src/stm32f4xx_hal_cortex.o
                0x0000000008004fe2                HAL_NVIC_SetPriorityGrouping
 .text.HAL_NVIC_SetPriority
                0x0000000008004ff8       0x38 ./Drivers/STM32F4xx_HAL_Driver/Src/stm32f4xx_hal_cortex.o
                0x0000000008004ff8                HAL_NVIC_SetPriority
 .text.HAL_NVIC_EnableIRQ
                0x0000000008005030       0x1c ./Drivers/STM32F4xx_HAL_Driver/Src/stm32f4xx_hal_cortex.o
                0x0000000008005030                HAL_NVIC_EnableIRQ
 .text.HAL_DMA_Init
                0x000000000800504c      0x15c ./Drivers/STM32F4xx_HAL_Driver/Src/stm32f4xx_hal_dma.o
                0x000000000800504c                HAL_DMA_Init
 .text.HAL_DMA_IRQHandler
                0x00000000080051a8      0x314 ./Drivers/STM32F4xx_HAL_Driver/Src/stm32f4xx_hal_dma.o
                0x00000000080051a8                HAL_DMA_IRQHandler
 .text.DMA_CalcBaseAndBitshift
                0x00000000080054bc       0x6c ./Drivers/STM32F4xx_HAL_Driver/Src/stm32f4xx_hal_dma.o
 .text.DMA_CheckFifoParam
                0x0000000008005528       0xf8 ./Drivers/STM32F4xx_HAL_Driver/Src/stm32f4xx_hal_dma.o
 .text.HAL_GPIO_Init
                0x0000000008005620      0x328 ./Drivers/STM32F4xx_HAL_Driver/Src/stm32f4xx_hal_gpio.o
                0x0000000008005620                HAL_GPIO_Init
 .text.HAL_GPIO_ReadPin
                0x0000000008005948       0x30 ./Drivers/STM32F4xx_HAL_Driver/Src/stm32f4xx_hal_gpio.o
                0x0000000008005948                HAL_GPIO_ReadPin
 .text.HAL_GPIO_WritePin
                0x0000000008005978       0x32 ./Drivers/STM32F4xx_HAL_Driver/Src/stm32f4xx_hal_gpio.o
                0x0000000008005978                HAL_GPIO_WritePin
 .text.HAL_IWDG_Init
                0x00000000080059aa       0x84 ./Drivers/STM32F4xx_HAL_Driver/Src/stm32f4xx_hal_iwdg.o
                0x00000000080059aa                HAL_IWDG_Init
 .text.HAL_IWDG_Refresh
                0x0000000008005a2e       0x20 ./Drivers/STM32F4xx_HAL_Driver/Src/stm32f4xx_hal_iwdg.o
                0x0000000008005a2e                HAL_IWDG_Refresh
 *fill*         0x0000000008005a4e        0x2 
 .text.HAL_RCC_ClockConfig
                0x0000000008005a50      0x1cc ./Drivers/STM32F4xx_HAL_Driver/Src/stm32f4xx_hal_rcc.o
                0x0000000008005a50                HAL_RCC_ClockConfig
 .text.HAL_RCC_GetHCLKFreq
                0x0000000008005c1c       0x18 ./Drivers/STM32F4xx_HAL_Driver/Src/stm32f4xx_hal_rcc.o
                0x0000000008005c1c                HAL_RCC_GetHCLKFreq
 .text.HAL_RCC_GetPCLK1Freq
                0x0000000008005c34       0x28 ./Drivers/STM32F4xx_HAL_Driver/Src/stm32f4xx_hal_rcc.o
                0x0000000008005c34                HAL_RCC_GetPCLK1Freq
 .text.HAL_RCC_GetPCLK2Freq
                0x0000000008005c5c       0x28 ./Drivers/STM32F4xx_HAL_Driver/Src/stm32f4xx_hal_rcc.o
                0x0000000008005c5c                HAL_RCC_GetPCLK2Freq
 .text.HAL_RCC_GetClockConfig
                0x0000000008005c84       0x64 ./Drivers/STM32F4xx_HAL_Driver/Src/stm32f4xx_hal_rcc.o
                0x0000000008005c84                HAL_RCC_GetClockConfig
 .text.HAL_RCC_GetSysClockFreq
                0x0000000008005ce8      0x354 ./Drivers/STM32F4xx_HAL_Driver/Src/stm32f4xx_hal_rcc_ex.o
                0x0000000008005ce8                HAL_RCC_GetSysClockFreq
 .text.HAL_RCC_OscConfig
                0x000000000800603c      0x53c ./Drivers/STM32F4xx_HAL_Driver/Src/stm32f4xx_hal_rcc_ex.o
                0x000000000800603c                HAL_RCC_OscConfig
 .text.HAL_TIM_Base_Init
                0x0000000008006578       0x9e ./Drivers/STM32F4xx_HAL_Driver/Src/stm32f4xx_hal_tim.o
                0x0000000008006578                HAL_TIM_Base_Init
 .text.HAL_TIM_Base_MspInit
                0x0000000008006616       0x14 ./Drivers/STM32F4xx_HAL_Driver/Src/stm32f4xx_hal_tim.o
                0x0000000008006616                HAL_TIM_Base_MspInit
 *fill*         0x000000000800662a        0x2 
 .text.HAL_TIM_Base_Start_IT
                0x000000000800662c       0xe0 ./Drivers/STM32F4xx_HAL_Driver/Src/stm32f4xx_hal_tim.o
                0x000000000800662c                HAL_TIM_Base_Start_IT
 .text.HAL_TIM_IC_Init
                0x000000000800670c       0x9e ./Drivers/STM32F4xx_HAL_Driver/Src/stm32f4xx_hal_tim.o
                0x000000000800670c                HAL_TIM_IC_Init
 .text.HAL_TIM_IRQHandler
                0x00000000080067aa      0x1e0 ./Drivers/STM32F4xx_HAL_Driver/Src/stm32f4xx_hal_tim.o
                0x00000000080067aa                HAL_TIM_IRQHandler
 .text.HAL_TIM_IC_ConfigChannel
                0x000000000800698a      0x138 ./Drivers/STM32F4xx_HAL_Driver/Src/stm32f4xx_hal_tim.o
                0x000000000800698a                HAL_TIM_IC_ConfigChannel
 .text.HAL_TIM_SlaveConfigSynchro
                0x0000000008006ac2       0x84 ./Drivers/STM32F4xx_HAL_Driver/Src/stm32f4xx_hal_tim.o
                0x0000000008006ac2                HAL_TIM_SlaveConfigSynchro
 .text.HAL_TIM_OC_DelayElapsedCallback
                0x0000000008006b46       0x14 ./Drivers/STM32F4xx_HAL_Driver/Src/stm32f4xx_hal_tim.o
                0x0000000008006b46                HAL_TIM_OC_DelayElapsedCallback
 .text.HAL_TIM_IC_CaptureCallback
                0x0000000008006b5a       0x14 ./Drivers/STM32F4xx_HAL_Driver/Src/stm32f4xx_hal_tim.o
                0x0000000008006b5a                HAL_TIM_IC_CaptureCallback
 .text.HAL_TIM_PWM_PulseFinishedCallback
                0x0000000008006b6e       0x14 ./Drivers/STM32F4xx_HAL_Driver/Src/stm32f4xx_hal_tim.o
                0x0000000008006b6e                HAL_TIM_PWM_PulseFinishedCallback
 .text.HAL_TIM_TriggerCallback
                0x0000000008006b82       0x14 ./Drivers/STM32F4xx_HAL_Driver/Src/stm32f4xx_hal_tim.o
                0x0000000008006b82                HAL_TIM_TriggerCallback
 *fill*         0x0000000008006b96        0x2 
 .text.TIM_Base_SetConfig
                0x0000000008006b98      0x158 ./Drivers/STM32F4xx_HAL_Driver/Src/stm32f4xx_hal_tim.o
                0x0000000008006b98                TIM_Base_SetConfig
 .text.TIM_SlaveTimer_SetConfig
                0x0000000008006cf0      0x122 ./Drivers/STM32F4xx_HAL_Driver/Src/stm32f4xx_hal_tim.o
 *fill*         0x0000000008006e12        0x2 
 .text.TIM_TI1_SetConfig
                0x0000000008006e14       0xe8 ./Drivers/STM32F4xx_HAL_Driver/Src/stm32f4xx_hal_tim.o
                0x0000000008006e14                TIM_TI1_SetConfig
 .text.TIM_TI1_ConfigInputStage
                0x0000000008006efc       0x5e ./Drivers/STM32F4xx_HAL_Driver/Src/stm32f4xx_hal_tim.o
 .text.TIM_TI2_SetConfig
                0x0000000008006f5a       0x7a ./Drivers/STM32F4xx_HAL_Driver/Src/stm32f4xx_hal_tim.o
 .text.TIM_TI2_ConfigInputStage
                0x0000000008006fd4       0x60 ./Drivers/STM32F4xx_HAL_Driver/Src/stm32f4xx_hal_tim.o
 .text.TIM_TI3_SetConfig
                0x0000000008007034       0x78 ./Drivers/STM32F4xx_HAL_Driver/Src/stm32f4xx_hal_tim.o
 .text.TIM_TI4_SetConfig
                0x00000000080070ac       0x7a ./Drivers/STM32F4xx_HAL_Driver/Src/stm32f4xx_hal_tim.o
 .text.TIM_ETR_SetConfig
                0x0000000008007126       0x40 ./Drivers/STM32F4xx_HAL_Driver/Src/stm32f4xx_hal_tim.o
                0x0000000008007126                TIM_ETR_SetConfig
 .text.HAL_TIMEx_CommutCallback
                0x0000000008007166       0x14 ./Drivers/STM32F4xx_HAL_Driver/Src/stm32f4xx_hal_tim_ex.o
                0x0000000008007166                HAL_TIMEx_CommutCallback
 .text.HAL_TIMEx_BreakCallback
                0x000000000800717a       0x14 ./Drivers/STM32F4xx_HAL_Driver/Src/stm32f4xx_hal_tim_ex.o
                0x000000000800717a                HAL_TIMEx_BreakCallback
 .text.HAL_USART_Init
                0x000000000800718e       0x82 ./Drivers/STM32F4xx_HAL_Driver/Src/stm32f4xx_hal_usart.o
                0x000000000800718e                HAL_USART_Init
 .text.HAL_USART_Transmit
                0x0000000008007210      0x120 ./Drivers/STM32F4xx_HAL_Driver/Src/stm32f4xx_hal_usart.o
                0x0000000008007210                HAL_USART_Transmit
 .text.USART_WaitOnFlagUntilTimeout
                0x0000000008007330       0xac ./Drivers/STM32F4xx_HAL_Driver/Src/stm32f4xx_hal_usart.o
 .text.USART_SetConfig
                0x00000000080073dc      0x530 ./Drivers/STM32F4xx_HAL_Driver/Src/stm32f4xx_hal_usart.o
 .text.__NVIC_SetPriority
                0x000000000800790c       0x54 ./Middlewares/Third_Party/FreeRTOS/Source/CMSIS_RTOS_V2/cmsis_os2.o
 .text.SysTick_Handler
                0x0000000008007960       0x20 ./Middlewares/Third_Party/FreeRTOS/Source/CMSIS_RTOS_V2/cmsis_os2.o
                0x0000000008007960                SysTick_Handler
 .text.SVC_Setup
                0x0000000008007980       0x12 ./Middlewares/Third_Party/FreeRTOS/Source/CMSIS_RTOS_V2/cmsis_os2.o
 *fill*         0x0000000008007992        0x2 
 .text.osKernelInitialize
                0x0000000008007994       0x48 ./Middlewares/Third_Party/FreeRTOS/Source/CMSIS_RTOS_V2/cmsis_os2.o
                0x0000000008007994                osKernelInitialize
 .text.osKernelStart
                0x00000000080079dc       0x4c ./Middlewares/Third_Party/FreeRTOS/Source/CMSIS_RTOS_V2/cmsis_os2.o
                0x00000000080079dc                osKernelStart
 .text.osThreadNew
                0x0000000008007a28      0x124 ./Middlewares/Third_Party/FreeRTOS/Source/CMSIS_RTOS_V2/cmsis_os2.o
                0x0000000008007a28                osThreadNew
 .text.osThreadFlagsSet
                0x0000000008007b4c       0x9c ./Middlewares/Third_Party/FreeRTOS/Source/CMSIS_RTOS_V2/cmsis_os2.o
                0x0000000008007b4c                osThreadFlagsSet
 .text.osDelay  0x0000000008007be8       0x36 ./Middlewares/Third_Party/FreeRTOS/Source/CMSIS_RTOS_V2/cmsis_os2.o
                0x0000000008007be8                osDelay
 *fill*         0x0000000008007c1e        0x2 
 .text.vApplicationGetIdleTaskMemory
                0x0000000008007c20       0x34 ./Middlewares/Third_Party/FreeRTOS/Source/CMSIS_RTOS_V2/cmsis_os2.o
                0x0000000008007c20                vApplicationGetIdleTaskMemory
 .text.vApplicationGetTimerTaskMemory
                0x0000000008007c54       0x34 ./Middlewares/Third_Party/FreeRTOS/Source/CMSIS_RTOS_V2/cmsis_os2.o
                0x0000000008007c54                vApplicationGetTimerTaskMemory
 .text.xEventGroupCreate
                0x0000000008007c88       0x34 ./Middlewares/Third_Party/FreeRTOS/Source/event_groups.o
                0x0000000008007c88                xEventGroupCreate
 .text.xEventGroupWaitBits
                0x0000000008007cbc      0x19c ./Middlewares/Third_Party/FreeRTOS/Source/event_groups.o
                0x0000000008007cbc                xEventGroupWaitBits
 .text.xEventGroupSetBits
                0x0000000008007e58      0x116 ./Middlewares/Third_Party/FreeRTOS/Source/event_groups.o
                0x0000000008007e58                xEventGroupSetBits
 .text.prvTestWaitCondition
                0x0000000008007f6e       0x44 ./Middlewares/Third_Party/FreeRTOS/Source/event_groups.o
 .text.vListInitialise
                0x0000000008007fb2       0x40 ./Middlewares/Third_Party/FreeRTOS/Source/list.o
                0x0000000008007fb2                vListInitialise
 .text.vListInitialiseItem
                0x0000000008007ff2       0x1a ./Middlewares/Third_Party/FreeRTOS/Source/list.o
                0x0000000008007ff2                vListInitialiseItem
 .text.vListInsertEnd
                0x000000000800800c       0x48 ./Middlewares/Third_Party/FreeRTOS/Source/list.o
                0x000000000800800c                vListInsertEnd
 .text.vListInsert
                0x0000000008008054       0x72 ./Middlewares/Third_Party/FreeRTOS/Source/list.o
                0x0000000008008054                vListInsert
 .text.uxListRemove
                0x00000000080080c6       0x54 ./Middlewares/Third_Party/FreeRTOS/Source/list.o
                0x00000000080080c6                uxListRemove
 *fill*         0x000000000800811a        0x2 
 .text.xQueueGenericReset
                0x000000000800811c       0xd0 ./Middlewares/Third_Party/FreeRTOS/Source/queue.o
                0x000000000800811c                xQueueGenericReset
 .text.xQueueGenericCreateStatic
                0x00000000080081ec       0xf0 ./Middlewares/Third_Party/FreeRTOS/Source/queue.o
                0x00000000080081ec                xQueueGenericCreateStatic
 .text.xQueueGenericCreate
                0x00000000080082dc       0x74 ./Middlewares/Third_Party/FreeRTOS/Source/queue.o
                0x00000000080082dc                xQueueGenericCreate
 .text.prvInitialiseNewQueue
                0x0000000008008350       0x46 ./Middlewares/Third_Party/FreeRTOS/Source/queue.o
 .text.prvInitialiseMutex
                0x0000000008008396       0x34 ./Middlewares/Third_Party/FreeRTOS/Source/queue.o
 .text.xQueueCreateMutex
                0x00000000080083ca       0x30 ./Middlewares/Third_Party/FreeRTOS/Source/queue.o
                0x00000000080083ca                xQueueCreateMutex
 *fill*         0x00000000080083fa        0x2 
 .text.xQueueGenericSend
                0x00000000080083fc      0x1fc ./Middlewares/Third_Party/FreeRTOS/Source/queue.o
                0x00000000080083fc                xQueueGenericSend
 .text.xQueueGenericSendFromISR
                0x00000000080085f8      0x136 ./Middlewares/Third_Party/FreeRTOS/Source/queue.o
                0x00000000080085f8                xQueueGenericSendFromISR
 *fill*         0x000000000800872e        0x2 
 .text.xQueueReceive
                0x0000000008008730      0x1c0 ./Middlewares/Third_Party/FreeRTOS/Source/queue.o
                0x0000000008008730                xQueueReceive
 .text.xQueueSemaphoreTake
                0x00000000080088f0      0x218 ./Middlewares/Third_Party/FreeRTOS/Source/queue.o
                0x00000000080088f0                xQueueSemaphoreTake
 .text.prvGetDisinheritPriorityAfterTimeout
                0x0000000008008b08       0x30 ./Middlewares/Third_Party/FreeRTOS/Source/queue.o
 .text.prvCopyDataToQueue
                0x0000000008008b38       0xd4 ./Middlewares/Third_Party/FreeRTOS/Source/queue.o
 .text.prvCopyDataFromQueue
                0x0000000008008c0c       0x4c ./Middlewares/Third_Party/FreeRTOS/Source/queue.o
 .text.prvUnlockQueue
                0x0000000008008c58       0xa4 ./Middlewares/Third_Party/FreeRTOS/Source/queue.o
 .text.prvIsQueueEmpty
                0x0000000008008cfc       0x2c ./Middlewares/Third_Party/FreeRTOS/Source/queue.o
 .text.prvIsQueueFull
                0x0000000008008d28       0x30 ./Middlewares/Third_Party/FreeRTOS/Source/queue.o
 .text.vQueueAddToRegistry
                0x0000000008008d58       0x54 ./Middlewares/Third_Party/FreeRTOS/Source/queue.o
                0x0000000008008d58                vQueueAddToRegistry
 .text.vQueueWaitForMessageRestricted
                0x0000000008008dac       0x68 ./Middlewares/Third_Party/FreeRTOS/Source/queue.o
                0x0000000008008dac                vQueueWaitForMessageRestricted
 .text.xTaskCreateStatic
                0x0000000008008e14       0xba ./Middlewares/Third_Party/FreeRTOS/Source/tasks.o
                0x0000000008008e14                xTaskCreateStatic
 .text.xTaskCreate
                0x0000000008008ece       0x8a ./Middlewares/Third_Party/FreeRTOS/Source/tasks.o
                0x0000000008008ece                xTaskCreate
 .text.prvInitialiseNewTask
                0x0000000008008f58      0x14c ./Middlewares/Third_Party/FreeRTOS/Source/tasks.o
 .text.prvAddNewTaskToReadyList
                0x00000000080090a4       0xe0 ./Middlewares/Third_Party/FreeRTOS/Source/tasks.o
 .text.vTaskDelay
                0x0000000008009184       0x68 ./Middlewares/Third_Party/FreeRTOS/Source/tasks.o
                0x0000000008009184                vTaskDelay
 .text.vTaskStartScheduler
                0x00000000080091ec       0xe0 ./Middlewares/Third_Party/FreeRTOS/Source/tasks.o
                0x00000000080091ec                vTaskStartScheduler
 .text.vTaskSuspendAll
                0x00000000080092cc       0x1c ./Middlewares/Third_Party/FreeRTOS/Source/tasks.o
                0x00000000080092cc                vTaskSuspendAll
 .text.xTaskResumeAll
                0x00000000080092e8      0x13c ./Middlewares/Third_Party/FreeRTOS/Source/tasks.o
                0x00000000080092e8                xTaskResumeAll
 .text.xTaskGetTickCount
                0x0000000008009424       0x20 ./Middlewares/Third_Party/FreeRTOS/Source/tasks.o
                0x0000000008009424                xTaskGetTickCount
 .text.xTaskIncrementTick
                0x0000000008009444      0x174 ./Middlewares/Third_Party/FreeRTOS/Source/tasks.o
                0x0000000008009444                xTaskIncrementTick
 .text.vTaskSwitchContext
                0x00000000080095b8       0xc8 ./Middlewares/Third_Party/FreeRTOS/Source/tasks.o
                0x00000000080095b8                vTaskSwitchContext
 .text.vTaskPlaceOnEventList
                0x0000000008009680       0x48 ./Middlewares/Third_Party/FreeRTOS/Source/tasks.o
                0x0000000008009680                vTaskPlaceOnEventList
 .text.vTaskPlaceOnUnorderedEventList
                0x00000000080096c8       0x78 ./Middlewares/Third_Party/FreeRTOS/Source/tasks.o
                0x00000000080096c8                vTaskPlaceOnUnorderedEventList
 .text.vTaskPlaceOnEventListRestricted
                0x0000000008009740       0x58 ./Middlewares/Third_Party/FreeRTOS/Source/tasks.o
                0x0000000008009740                vTaskPlaceOnEventListRestricted
 .text.xTaskRemoveFromEventList
                0x0000000008009798       0xc8 ./Middlewares/Third_Party/FreeRTOS/Source/tasks.o
                0x0000000008009798                xTaskRemoveFromEventList
 .text.vTaskRemoveFromUnorderedEventList
                0x0000000008009860       0xc4 ./Middlewares/Third_Party/FreeRTOS/Source/tasks.o
                0x0000000008009860                vTaskRemoveFromUnorderedEventList
 .text.vTaskInternalSetTimeOutState
                0x0000000008009924       0x2c ./Middlewares/Third_Party/FreeRTOS/Source/tasks.o
                0x0000000008009924                vTaskInternalSetTimeOutState
 .text.xTaskCheckForTimeOut
                0x0000000008009950       0xc4 ./Middlewares/Third_Party/FreeRTOS/Source/tasks.o
                0x0000000008009950                xTaskCheckForTimeOut
 .text.vTaskMissedYield
                0x0000000008009a14       0x18 ./Middlewares/Third_Party/FreeRTOS/Source/tasks.o
                0x0000000008009a14                vTaskMissedYield
 .text.prvIdleTask
                0x0000000008009a2c       0x30 ./Middlewares/Third_Party/FreeRTOS/Source/tasks.o
 .text.prvInitialiseTaskLists
                0x0000000008009a5c       0x80 ./Middlewares/Third_Party/FreeRTOS/Source/tasks.o
 .text.prvCheckTasksWaitingTermination
                0x0000000008009adc       0x5c ./Middlewares/Third_Party/FreeRTOS/Source/tasks.o
 .text.prvDeleteTCB
                0x0000000008009b38       0x68 ./Middlewares/Third_Party/FreeRTOS/Source/tasks.o
 .text.prvResetNextTaskUnblockTime
                0x0000000008009ba0       0x40 ./Middlewares/Third_Party/FreeRTOS/Source/tasks.o
 .text.xTaskGetSchedulerState
                0x0000000008009be0       0x3c ./Middlewares/Third_Party/FreeRTOS/Source/tasks.o
                0x0000000008009be0                xTaskGetSchedulerState
 .text.xTaskPriorityInherit
                0x0000000008009c1c       0xd0 ./Middlewares/Third_Party/FreeRTOS/Source/tasks.o
                0x0000000008009c1c                xTaskPriorityInherit
 .text.xTaskPriorityDisinherit
                0x0000000008009cec       0xdc ./Middlewares/Third_Party/FreeRTOS/Source/tasks.o
                0x0000000008009cec                xTaskPriorityDisinherit
 .text.vTaskPriorityDisinheritAfterTimeout
                0x0000000008009dc8      0x104 ./Middlewares/Third_Party/FreeRTOS/Source/tasks.o
                0x0000000008009dc8                vTaskPriorityDisinheritAfterTimeout
 .text.uxTaskResetEventItemValue
                0x0000000008009ecc       0x30 ./Middlewares/Third_Party/FreeRTOS/Source/tasks.o
                0x0000000008009ecc                uxTaskResetEventItemValue
 .text.pvTaskIncrementMutexHeldCount
                0x0000000008009efc       0x28 ./Middlewares/Third_Party/FreeRTOS/Source/tasks.o
                0x0000000008009efc                pvTaskIncrementMutexHeldCount
 .text.xTaskNotifyWait
                0x0000000008009f24       0xc0 ./Middlewares/Third_Party/FreeRTOS/Source/tasks.o
                0x0000000008009f24                xTaskNotifyWait
 .text.xTaskGenericNotify
                0x0000000008009fe4      0x17c ./Middlewares/Third_Party/FreeRTOS/Source/tasks.o
                0x0000000008009fe4                xTaskGenericNotify
 .text.xTaskGenericNotifyFromISR
                0x000000000800a160      0x1c8 ./Middlewares/Third_Party/FreeRTOS/Source/tasks.o
                0x000000000800a160                xTaskGenericNotifyFromISR
 .text.prvAddCurrentTaskToDelayedList
                0x000000000800a328       0xa8 ./Middlewares/Third_Party/FreeRTOS/Source/tasks.o
 .text.xTimerCreateTimerTask
                0x000000000800a3d0       0x90 ./Middlewares/Third_Party/FreeRTOS/Source/timers.o
                0x000000000800a3d0                xTimerCreateTimerTask
 .text.xTimerGenericCommand
                0x000000000800a460       0x9c ./Middlewares/Third_Party/FreeRTOS/Source/timers.o
                0x000000000800a460                xTimerGenericCommand
 .text.prvProcessExpiredTimer
                0x000000000800a4fc       0x98 ./Middlewares/Third_Party/FreeRTOS/Source/timers.o
 .text.prvTimerTask
                0x000000000800a594       0x24 ./Middlewares/Third_Party/FreeRTOS/Source/timers.o
 .text.prvProcessTimerOrBlockTask
                0x000000000800a5b8       0x9c ./Middlewares/Third_Party/FreeRTOS/Source/timers.o
 .text.prvGetNextExpireTime
                0x000000000800a654       0x48 ./Middlewares/Third_Party/FreeRTOS/Source/timers.o
 .text.prvSampleTimeNow
                0x000000000800a69c       0x40 ./Middlewares/Third_Party/FreeRTOS/Source/timers.o
 .text.prvInsertTimerInActiveList
                0x000000000800a6dc       0x84 ./Middlewares/Third_Party/FreeRTOS/Source/timers.o
 .text.prvProcessReceivedCommands
                0x000000000800a760      0x1c4 ./Middlewares/Third_Party/FreeRTOS/Source/timers.o
 .text.prvSwitchTimerLists
                0x000000000800a924       0xc8 ./Middlewares/Third_Party/FreeRTOS/Source/timers.o
 .text.prvCheckForValidListAndQueue
                0x000000000800a9ec       0x80 ./Middlewares/Third_Party/FreeRTOS/Source/timers.o
 .text.pxPortInitialiseStack
                0x000000000800aa6c       0x68 ./Middlewares/Third_Party/FreeRTOS/Source/portable/GCC/ARM_CM4F/port.o
                0x000000000800aa6c                pxPortInitialiseStack
 .text.prvTaskExitError
                0x000000000800aad4       0x58 ./Middlewares/Third_Party/FreeRTOS/Source/portable/GCC/ARM_CM4F/port.o
 *fill*         0x000000000800ab2c        0x4 
 .text.SVC_Handler
                0x000000000800ab30       0x28 ./Middlewares/Third_Party/FreeRTOS/Source/portable/GCC/ARM_CM4F/port.o
                0x000000000800ab30                SVC_Handler
 .text.prvPortStartFirstTask
                0x000000000800ab58       0x28 ./Middlewares/Third_Party/FreeRTOS/Source/portable/GCC/ARM_CM4F/port.o
 .text.xPortStartScheduler
                0x000000000800ab80      0x144 ./Middlewares/Third_Party/FreeRTOS/Source/portable/GCC/ARM_CM4F/port.o
                0x000000000800ab80                xPortStartScheduler
 .text.vPortEnterCritical
                0x000000000800acc4       0x60 ./Middlewares/Third_Party/FreeRTOS/Source/portable/GCC/ARM_CM4F/port.o
                0x000000000800acc4                vPortEnterCritical
 .text.vPortExitCritical
                0x000000000800ad24       0x54 ./Middlewares/Third_Party/FreeRTOS/Source/portable/GCC/ARM_CM4F/port.o
                0x000000000800ad24                vPortExitCritical
 *fill*         0x000000000800ad78        0x8 
 .text.PendSV_Handler
                0x000000000800ad80       0x68 ./Middlewares/Third_Party/FreeRTOS/Source/portable/GCC/ARM_CM4F/port.o
                0x000000000800ad80                PendSV_Handler
 .text.xPortSysTickHandler
                0x000000000800ade8       0x44 ./Middlewares/Third_Party/FreeRTOS/Source/portable/GCC/ARM_CM4F/port.o
                0x000000000800ade8                xPortSysTickHandler
 .text.vPortSetupTimerInterrupt
                0x000000000800ae2c       0x48 ./Middlewares/Third_Party/FreeRTOS/Source/portable/GCC/ARM_CM4F/port.o
                0x000000000800ae2c                vPortSetupTimerInterrupt
 .text.vPortEnableVFP
                0x000000000800ae74       0x14 ./Middlewares/Third_Party/FreeRTOS/Source/portable/GCC/ARM_CM4F/port.o
 .text.vPortValidateInterruptPriority
                0x000000000800ae88       0x80 ./Middlewares/Third_Party/FreeRTOS/Source/portable/GCC/ARM_CM4F/port.o
                0x000000000800ae88                vPortValidateInterruptPriority
 .text.pvPortMalloc
                0x000000000800af08      0x198 ./Middlewares/Third_Party/FreeRTOS/Source/portable/MemMang/heap_4.o
                0x000000000800af08                pvPortMalloc
 .text.vPortFree
                0x000000000800b0a0       0xc4 ./Middlewares/Third_Party/FreeRTOS/Source/portable/MemMang/heap_4.o
                0x000000000800b0a0                vPortFree
 .text.prvHeapInit
                0x000000000800b164       0xc4 ./Middlewares/Third_Party/FreeRTOS/Source/portable/MemMang/heap_4.o
 .text.prvInsertBlockIntoFreeList
                0x000000000800b228       0xb4 ./Middlewares/Third_Party/FreeRTOS/Source/portable/MemMang/heap_4.o
 .text.__assert_func
                0x000000000800b2dc       0x3c C:/ST/STM32CubeIDE_1.13.1/STM32CubeIDE/plugins/com.st.stm32cube.ide.mcu.externaltools.gnu-tools-for-stm32.11.3.rel1.win32_1.1.100.202309141235/tools/bin/../lib/gcc/arm-none-eabi/11.3.1/../../../../arm-none-eabi/lib/thumb/v7e-m+fp/hard\libc_nano.a(libc_a-assert.o)
                0x000000000800b2dc                __assert_func
 .text.__itoa   0x000000000800b318       0x30 C:/ST/STM32CubeIDE_1.13.1/STM32CubeIDE/plugins/com.st.stm32cube.ide.mcu.externaltools.gnu-tools-for-stm32.11.3.rel1.win32_1.1.100.202309141235/tools/bin/../lib/gcc/arm-none-eabi/11.3.1/../../../../arm-none-eabi/lib/thumb/v7e-m+fp/hard\libc_nano.a(libc_a-itoa.o)
                0x000000000800b318                __itoa
 .text.itoa     0x000000000800b348        0x4 C:/ST/STM32CubeIDE_1.13.1/STM32CubeIDE/plugins/com.st.stm32cube.ide.mcu.externaltools.gnu-tools-for-stm32.11.3.rel1.win32_1.1.100.202309141235/tools/bin/../lib/gcc/arm-none-eabi/11.3.1/../../../../arm-none-eabi/lib/thumb/v7e-m+fp/hard\libc_nano.a(libc_a-itoa.o)
                0x000000000800b348                itoa
 .text.malloc   0x000000000800b34c       0x10 C:/ST/STM32CubeIDE_1.13.1/STM32CubeIDE/plugins/com.st.stm32cube.ide.mcu.externaltools.gnu-tools-for-stm32.11.3.rel1.win32_1.1.100.202309141235/tools/bin/../lib/gcc/arm-none-eabi/11.3.1/../../../../arm-none-eabi/lib/thumb/v7e-m+fp/hard\libc_nano.a(libc_a-malloc.o)
                0x000000000800b34c                malloc
 .text.sbrk_aligned
                0x000000000800b35c       0x40 C:/ST/STM32CubeIDE_1.13.1/STM32CubeIDE/plugins/com.st.stm32cube.ide.mcu.externaltools.gnu-tools-for-stm32.11.3.rel1.win32_1.1.100.202309141235/tools/bin/../lib/gcc/arm-none-eabi/11.3.1/../../../../arm-none-eabi/lib/thumb/v7e-m+fp/hard\libc_nano.a(libc_a-mallocr.o)
 .text._malloc_r
                0x000000000800b39c      0x100 C:/ST/STM32CubeIDE_1.13.1/STM32CubeIDE/plugins/com.st.stm32cube.ide.mcu.externaltools.gnu-tools-for-stm32.11.3.rel1.win32_1.1.100.202309141235/tools/bin/../lib/gcc/arm-none-eabi/11.3.1/../../../../arm-none-eabi/lib/thumb/v7e-m+fp/hard\libc_nano.a(libc_a-mallocr.o)
                0x000000000800b39c                _malloc_r
 .text.__malloc_lock
                0x000000000800b49c        0xc C:/ST/STM32CubeIDE_1.13.1/STM32CubeIDE/plugins/com.st.stm32cube.ide.mcu.externaltools.gnu-tools-for-stm32.11.3.rel1.win32_1.1.100.202309141235/tools/bin/../lib/gcc/arm-none-eabi/11.3.1/../../../../arm-none-eabi/lib/thumb/v7e-m+fp/hard\libc_nano.a(libc_a-mlock.o)
                0x000000000800b49c                __malloc_lock
 .text.__malloc_unlock
                0x000000000800b4a8        0xc C:/ST/STM32CubeIDE_1.13.1/STM32CubeIDE/plugins/com.st.stm32cube.ide.mcu.externaltools.gnu-tools-for-stm32.11.3.rel1.win32_1.1.100.202309141235/tools/bin/../lib/gcc/arm-none-eabi/11.3.1/../../../../arm-none-eabi/lib/thumb/v7e-m+fp/hard\libc_nano.a(libc_a-mlock.o)
                0x000000000800b4a8                __malloc_unlock
 .text.__utoa   0x000000000800b4b4       0x84 C:/ST/STM32CubeIDE_1.13.1/STM32CubeIDE/plugins/com.st.stm32cube.ide.mcu.externaltools.gnu-tools-for-stm32.11.3.rel1.win32_1.1.100.202309141235/tools/bin/../lib/gcc/arm-none-eabi/11.3.1/../../../../arm-none-eabi/lib/thumb/v7e-m+fp/hard\libc_nano.a(libc_a-utoa.o)
                0x000000000800b4b4                __utoa
 .text.std      0x000000000800b538       0x6c C:/ST/STM32CubeIDE_1.13.1/STM32CubeIDE/plugins/com.st.stm32cube.ide.mcu.externaltools.gnu-tools-for-stm32.11.3.rel1.win32_1.1.100.202309141235/tools/bin/../lib/gcc/arm-none-eabi/11.3.1/../../../../arm-none-eabi/lib/thumb/v7e-m+fp/hard\libc_nano.a(libc_a-findfp.o)
 .text.stdio_exit_handler
                0x000000000800b5a4       0x18 C:/ST/STM32CubeIDE_1.13.1/STM32CubeIDE/plugins/com.st.stm32cube.ide.mcu.externaltools.gnu-tools-for-stm32.11.3.rel1.win32_1.1.100.202309141235/tools/bin/../lib/gcc/arm-none-eabi/11.3.1/../../../../arm-none-eabi/lib/thumb/v7e-m+fp/hard\libc_nano.a(libc_a-findfp.o)
 .text.cleanup_stdio
                0x000000000800b5bc       0x40 C:/ST/STM32CubeIDE_1.13.1/STM32CubeIDE/plugins/com.st.stm32cube.ide.mcu.externaltools.gnu-tools-for-stm32.11.3.rel1.win32_1.1.100.202309141235/tools/bin/../lib/gcc/arm-none-eabi/11.3.1/../../../../arm-none-eabi/lib/thumb/v7e-m+fp/hard\libc_nano.a(libc_a-findfp.o)
 .text.global_stdio_init.part.0
                0x000000000800b5fc       0x3c C:/ST/STM32CubeIDE_1.13.1/STM32CubeIDE/plugins/com.st.stm32cube.ide.mcu.externaltools.gnu-tools-for-stm32.11.3.rel1.win32_1.1.100.202309141235/tools/bin/../lib/gcc/arm-none-eabi/11.3.1/../../../../arm-none-eabi/lib/thumb/v7e-m+fp/hard\libc_nano.a(libc_a-findfp.o)
 .text.__sfp_lock_acquire
                0x000000000800b638        0xc C:/ST/STM32CubeIDE_1.13.1/STM32CubeIDE/plugins/com.st.stm32cube.ide.mcu.externaltools.gnu-tools-for-stm32.11.3.rel1.win32_1.1.100.202309141235/tools/bin/../lib/gcc/arm-none-eabi/11.3.1/../../../../arm-none-eabi/lib/thumb/v7e-m+fp/hard\libc_nano.a(libc_a-findfp.o)
                0x000000000800b638                __sfp_lock_acquire
 .text.__sfp_lock_release
                0x000000000800b644        0xc C:/ST/STM32CubeIDE_1.13.1/STM32CubeIDE/plugins/com.st.stm32cube.ide.mcu.externaltools.gnu-tools-for-stm32.11.3.rel1.win32_1.1.100.202309141235/tools/bin/../lib/gcc/arm-none-eabi/11.3.1/../../../../arm-none-eabi/lib/thumb/v7e-m+fp/hard\libc_nano.a(libc_a-findfp.o)
                0x000000000800b644                __sfp_lock_release
 .text.__sinit  0x000000000800b650       0x30 C:/ST/STM32CubeIDE_1.13.1/STM32CubeIDE/plugins/com.st.stm32cube.ide.mcu.externaltools.gnu-tools-for-stm32.11.3.rel1.win32_1.1.100.202309141235/tools/bin/../lib/gcc/arm-none-eabi/11.3.1/../../../../arm-none-eabi/lib/thumb/v7e-m+fp/hard\libc_nano.a(libc_a-findfp.o)
                0x000000000800b650                __sinit
 .text.fprintf  0x000000000800b680       0x24 C:/ST/STM32CubeIDE_1.13.1/STM32CubeIDE/plugins/com.st.stm32cube.ide.mcu.externaltools.gnu-tools-for-stm32.11.3.rel1.win32_1.1.100.202309141235/tools/bin/../lib/gcc/arm-none-eabi/11.3.1/../../../../arm-none-eabi/lib/thumb/v7e-m+fp/hard\libc_nano.a(libc_a-fprintf.o)
                0x000000000800b680                fiprintf
                0x000000000800b680                fprintf
 .text._fwalk_sglue
                0x000000000800b6a4       0x3c C:/ST/STM32CubeIDE_1.13.1/STM32CubeIDE/plugins/com.st.stm32cube.ide.mcu.externaltools.gnu-tools-for-stm32.11.3.rel1.win32_1.1.100.202309141235/tools/bin/../lib/gcc/arm-none-eabi/11.3.1/../../../../arm-none-eabi/lib/thumb/v7e-m+fp/hard\libc_nano.a(libc_a-fwalk.o)
                0x000000000800b6a4                _fwalk_sglue
 .text.snprintf
                0x000000000800b6e0       0x68 C:/ST/STM32CubeIDE_1.13.1/STM32CubeIDE/plugins/com.st.stm32cube.ide.mcu.externaltools.gnu-tools-for-stm32.11.3.rel1.win32_1.1.100.202309141235/tools/bin/../lib/gcc/arm-none-eabi/11.3.1/../../../../arm-none-eabi/lib/thumb/v7e-m+fp/hard\libc_nano.a(libc_a-snprintf.o)
                0x000000000800b6e0                sniprintf
                0x000000000800b6e0                snprintf
 .text.sprintf  0x000000000800b748       0x40 C:/ST/STM32CubeIDE_1.13.1/STM32CubeIDE/plugins/com.st.stm32cube.ide.mcu.externaltools.gnu-tools-for-stm32.11.3.rel1.win32_1.1.100.202309141235/tools/bin/../lib/gcc/arm-none-eabi/11.3.1/../../../../arm-none-eabi/lib/thumb/v7e-m+fp/hard\libc_nano.a(libc_a-sprintf.o)
                0x000000000800b748                siprintf
                0x000000000800b748                sprintf
 .text.__sread  0x000000000800b788       0x22 C:/ST/STM32CubeIDE_1.13.1/STM32CubeIDE/plugins/com.st.stm32cube.ide.mcu.externaltools.gnu-tools-for-stm32.11.3.rel1.win32_1.1.100.202309141235/tools/bin/../lib/gcc/arm-none-eabi/11.3.1/../../../../arm-none-eabi/lib/thumb/v7e-m+fp/hard\libc_nano.a(libc_a-stdio.o)
                0x000000000800b788                __sread
 .text.__swrite
                0x000000000800b7aa       0x38 C:/ST/STM32CubeIDE_1.13.1/STM32CubeIDE/plugins/com.st.stm32cube.ide.mcu.externaltools.gnu-tools-for-stm32.11.3.rel1.win32_1.1.100.202309141235/tools/bin/../lib/gcc/arm-none-eabi/11.3.1/../../../../arm-none-eabi/lib/thumb/v7e-m+fp/hard\libc_nano.a(libc_a-stdio.o)
                0x000000000800b7aa                __swrite
 .text.__sseek  0x000000000800b7e2       0x24 C:/ST/STM32CubeIDE_1.13.1/STM32CubeIDE/plugins/com.st.stm32cube.ide.mcu.externaltools.gnu-tools-for-stm32.11.3.rel1.win32_1.1.100.202309141235/tools/bin/../lib/gcc/arm-none-eabi/11.3.1/../../../../arm-none-eabi/lib/thumb/v7e-m+fp/hard\libc_nano.a(libc_a-stdio.o)
                0x000000000800b7e2                __sseek
 .text.__sclose
                0x000000000800b806        0x8 C:/ST/STM32CubeIDE_1.13.1/STM32CubeIDE/plugins/com.st.stm32cube.ide.mcu.externaltools.gnu-tools-for-stm32.11.3.rel1.win32_1.1.100.202309141235/tools/bin/../lib/gcc/arm-none-eabi/11.3.1/../../../../arm-none-eabi/lib/thumb/v7e-m+fp/hard\libc_nano.a(libc_a-stdio.o)
                0x000000000800b806                __sclose
 .text.memset   0x000000000800b80e       0x10 C:/ST/STM32CubeIDE_1.13.1/STM32CubeIDE/plugins/com.st.stm32cube.ide.mcu.externaltools.gnu-tools-for-stm32.11.3.rel1.win32_1.1.100.202309141235/tools/bin/../lib/gcc/arm-none-eabi/11.3.1/../../../../arm-none-eabi/lib/thumb/v7e-m+fp/hard\libc_nano.a(libc_a-memset.o)
                0x000000000800b80e                memset
 .text.strncpy  0x000000000800b81e       0x26 C:/ST/STM32CubeIDE_1.13.1/STM32CubeIDE/plugins/com.st.stm32cube.ide.mcu.externaltools.gnu-tools-for-stm32.11.3.rel1.win32_1.1.100.202309141235/tools/bin/../lib/gcc/arm-none-eabi/11.3.1/../../../../arm-none-eabi/lib/thumb/v7e-m+fp/hard\libc_nano.a(libc_a-strncpy.o)
                0x000000000800b81e                strncpy
 .text._close_r
                0x000000000800b844       0x20 C:/ST/STM32CubeIDE_1.13.1/STM32CubeIDE/plugins/com.st.stm32cube.ide.mcu.externaltools.gnu-tools-for-stm32.11.3.rel1.win32_1.1.100.202309141235/tools/bin/../lib/gcc/arm-none-eabi/11.3.1/../../../../arm-none-eabi/lib/thumb/v7e-m+fp/hard\libc_nano.a(libc_a-closer.o)
                0x000000000800b844                _close_r
 .text._reclaim_reent
                0x000000000800b864       0xac C:/ST/STM32CubeIDE_1.13.1/STM32CubeIDE/plugins/com.st.stm32cube.ide.mcu.externaltools.gnu-tools-for-stm32.11.3.rel1.win32_1.1.100.202309141235/tools/bin/../lib/gcc/arm-none-eabi/11.3.1/../../../../arm-none-eabi/lib/thumb/v7e-m+fp/hard\libc_nano.a(libc_a-reent.o)
                0x000000000800b864                _reclaim_reent
 .text._lseek_r
                0x000000000800b910       0x24 C:/ST/STM32CubeIDE_1.13.1/STM32CubeIDE/plugins/com.st.stm32cube.ide.mcu.externaltools.gnu-tools-for-stm32.11.3.rel1.win32_1.1.100.202309141235/tools/bin/../lib/gcc/arm-none-eabi/11.3.1/../../../../arm-none-eabi/lib/thumb/v7e-m+fp/hard\libc_nano.a(libc_a-lseekr.o)
                0x000000000800b910                _lseek_r
 .text._read_r  0x000000000800b934       0x24 C:/ST/STM32CubeIDE_1.13.1/STM32CubeIDE/plugins/com.st.stm32cube.ide.mcu.externaltools.gnu-tools-for-stm32.11.3.rel1.win32_1.1.100.202309141235/tools/bin/../lib/gcc/arm-none-eabi/11.3.1/../../../../arm-none-eabi/lib/thumb/v7e-m+fp/hard\libc_nano.a(libc_a-readr.o)
                0x000000000800b934                _read_r
 .text._sbrk_r  0x000000000800b958       0x20 C:/ST/STM32CubeIDE_1.13.1/STM32CubeIDE/plugins/com.st.stm32cube.ide.mcu.externaltools.gnu-tools-for-stm32.11.3.rel1.win32_1.1.100.202309141235/tools/bin/../lib/gcc/arm-none-eabi/11.3.1/../../../../arm-none-eabi/lib/thumb/v7e-m+fp/hard\libc_nano.a(libc_a-sbrkr.o)
                0x000000000800b958                _sbrk_r
 .text._write_r
                0x000000000800b978       0x24 C:/ST/STM32CubeIDE_1.13.1/STM32CubeIDE/plugins/com.st.stm32cube.ide.mcu.externaltools.gnu-tools-for-stm32.11.3.rel1.win32_1.1.100.202309141235/tools/bin/../lib/gcc/arm-none-eabi/11.3.1/../../../../arm-none-eabi/lib/thumb/v7e-m+fp/hard\libc_nano.a(libc_a-writer.o)
                0x000000000800b978                _write_r
 .text.__errno  0x000000000800b99c        0xc C:/ST/STM32CubeIDE_1.13.1/STM32CubeIDE/plugins/com.st.stm32cube.ide.mcu.externaltools.gnu-tools-for-stm32.11.3.rel1.win32_1.1.100.202309141235/tools/bin/../lib/gcc/arm-none-eabi/11.3.1/../../../../arm-none-eabi/lib/thumb/v7e-m+fp/hard\libc_nano.a(libc_a-errno.o)
                0x000000000800b99c                __errno
 .text.__libc_init_array
                0x000000000800b9a8       0x48 C:/ST/STM32CubeIDE_1.13.1/STM32CubeIDE/plugins/com.st.stm32cube.ide.mcu.externaltools.gnu-tools-for-stm32.11.3.rel1.win32_1.1.100.202309141235/tools/bin/../lib/gcc/arm-none-eabi/11.3.1/../../../../arm-none-eabi/lib/thumb/v7e-m+fp/hard\libc_nano.a(libc_a-init.o)
                0x000000000800b9a8                __libc_init_array
 .text.memcpy   0x000000000800b9f0       0x1c C:/ST/STM32CubeIDE_1.13.1/STM32CubeIDE/plugins/com.st.stm32cube.ide.mcu.externaltools.gnu-tools-for-stm32.11.3.rel1.win32_1.1.100.202309141235/tools/bin/../lib/gcc/arm-none-eabi/11.3.1/../../../../arm-none-eabi/lib/thumb/v7e-m+fp/hard\libc_nano.a(libc_a-memcpy-stub.o)
                0x000000000800b9f0                memcpy
 .text.abort    0x000000000800ba0c        0xe C:/ST/STM32CubeIDE_1.13.1/STM32CubeIDE/plugins/com.st.stm32cube.ide.mcu.externaltools.gnu-tools-for-stm32.11.3.rel1.win32_1.1.100.202309141235/tools/bin/../lib/gcc/arm-none-eabi/11.3.1/../../../../arm-none-eabi/lib/thumb/v7e-m+fp/hard\libc_nano.a(libc_a-abort.o)
                0x000000000800ba0c                abort
 *fill*         0x000000000800ba1a        0x2 
 .text._free_r  0x000000000800ba1c       0x98 C:/ST/STM32CubeIDE_1.13.1/STM32CubeIDE/plugins/com.st.stm32cube.ide.mcu.externaltools.gnu-tools-for-stm32.11.3.rel1.win32_1.1.100.202309141235/tools/bin/../lib/gcc/arm-none-eabi/11.3.1/../../../../arm-none-eabi/lib/thumb/v7e-m+fp/hard\libc_nano.a(libc_a-freer.o)
                0x000000000800ba1c                _free_r
 .text.__ssputs_r
                0x000000000800bab4       0xb4 C:/ST/STM32CubeIDE_1.13.1/STM32CubeIDE/plugins/com.st.stm32cube.ide.mcu.externaltools.gnu-tools-for-stm32.11.3.rel1.win32_1.1.100.202309141235/tools/bin/../lib/gcc/arm-none-eabi/11.3.1/../../../../arm-none-eabi/lib/thumb/v7e-m+fp/hard\libc_nano.a(libc_a-nano-svfprintf.o)
                0x000000000800bab4                __ssputs_r
 .text._svfprintf_r
                0x000000000800bb68      0x1fc C:/ST/STM32CubeIDE_1.13.1/STM32CubeIDE/plugins/com.st.stm32cube.ide.mcu.externaltools.gnu-tools-for-stm32.11.3.rel1.win32_1.1.100.202309141235/tools/bin/../lib/gcc/arm-none-eabi/11.3.1/../../../../arm-none-eabi/lib/thumb/v7e-m+fp/hard\libc_nano.a(libc_a-nano-svfprintf.o)
                0x000000000800bb68                _svfiprintf_r
                0x000000000800bb68                _svfprintf_r
 .text.__sfputc_r
                0x000000000800bd64       0x2e C:/ST/STM32CubeIDE_1.13.1/STM32CubeIDE/plugins/com.st.stm32cube.ide.mcu.externaltools.gnu-tools-for-stm32.11.3.rel1.win32_1.1.100.202309141235/tools/bin/../lib/gcc/arm-none-eabi/11.3.1/../../../../arm-none-eabi/lib/thumb/v7e-m+fp/hard\libc_nano.a(libc_a-nano-vfprintf.o)
 .text.__sfputs_r
                0x000000000800bd92       0x24 C:/ST/STM32CubeIDE_1.13.1/STM32CubeIDE/plugins/com.st.stm32cube.ide.mcu.externaltools.gnu-tools-for-stm32.11.3.rel1.win32_1.1.100.202309141235/tools/bin/../lib/gcc/arm-none-eabi/11.3.1/../../../../arm-none-eabi/lib/thumb/v7e-m+fp/hard\libc_nano.a(libc_a-nano-vfprintf.o)
                0x000000000800bd92                __sfputs_r
 *fill*         0x000000000800bdb6        0x2 
 .text._vfprintf_r
                0x000000000800bdb8      0x234 C:/ST/STM32CubeIDE_1.13.1/STM32CubeIDE/plugins/com.st.stm32cube.ide.mcu.externaltools.gnu-tools-for-stm32.11.3.rel1.win32_1.1.100.202309141235/tools/bin/../lib/gcc/arm-none-eabi/11.3.1/../../../../arm-none-eabi/lib/thumb/v7e-m+fp/hard\libc_nano.a(libc_a-nano-vfprintf.o)
                0x000000000800bdb8                _vfprintf_r
                0x000000000800bdb8                _vfiprintf_r
 .text._printf_common
                0x000000000800bfec       0xda C:/ST/STM32CubeIDE_1.13.1/STM32CubeIDE/plugins/com.st.stm32cube.ide.mcu.externaltools.gnu-tools-for-stm32.11.3.rel1.win32_1.1.100.202309141235/tools/bin/../lib/gcc/arm-none-eabi/11.3.1/../../../../arm-none-eabi/lib/thumb/v7e-m+fp/hard\libc_nano.a(libc_a-nano-vfprintf_i.o)
                0x000000000800bfec                _printf_common
 *fill*         0x000000000800c0c6        0x2 
 .text._printf_i
                0x000000000800c0c8      0x244 C:/ST/STM32CubeIDE_1.13.1/STM32CubeIDE/plugins/com.st.stm32cube.ide.mcu.externaltools.gnu-tools-for-stm32.11.3.rel1.win32_1.1.100.202309141235/tools/bin/../lib/gcc/arm-none-eabi/11.3.1/../../../../arm-none-eabi/lib/thumb/v7e-m+fp/hard\libc_nano.a(libc_a-nano-vfprintf_i.o)
                0x000000000800c0c8                _printf_i
 .text.__sflush_r
                0x000000000800c30c      0x10c C:/ST/STM32CubeIDE_1.13.1/STM32CubeIDE/plugins/com.st.stm32cube.ide.mcu.externaltools.gnu-tools-for-stm32.11.3.rel1.win32_1.1.100.202309141235/tools/bin/../lib/gcc/arm-none-eabi/11.3.1/../../../../arm-none-eabi/lib/thumb/v7e-m+fp/hard\libc_nano.a(libc_a-fflush.o)
                0x000000000800c30c                __sflush_r
 .text._fflush_r
                0x000000000800c418       0x50 C:/ST/STM32CubeIDE_1.13.1/STM32CubeIDE/plugins/com.st.stm32cube.ide.mcu.externaltools.gnu-tools-for-stm32.11.3.rel1.win32_1.1.100.202309141235/tools/bin/../lib/gcc/arm-none-eabi/11.3.1/../../../../arm-none-eabi/lib/thumb/v7e-m+fp/hard\libc_nano.a(libc_a-fflush.o)
                0x000000000800c418                _fflush_r
 .text.__swbuf_r
                0x000000000800c468       0x7a C:/ST/STM32CubeIDE_1.13.1/STM32CubeIDE/plugins/com.st.stm32cube.ide.mcu.externaltools.gnu-tools-for-stm32.11.3.rel1.win32_1.1.100.202309141235/tools/bin/../lib/gcc/arm-none-eabi/11.3.1/../../../../arm-none-eabi/lib/thumb/v7e-m+fp/hard\libc_nano.a(libc_a-wbuf.o)
                0x000000000800c468                __swbuf_r
 *fill*         0x000000000800c4e2        0x2 
 .text.__swsetup_r
                0x000000000800c4e4       0xb0 C:/ST/STM32CubeIDE_1.13.1/STM32CubeIDE/plugins/com.st.stm32cube.ide.mcu.externaltools.gnu-tools-for-stm32.11.3.rel1.win32_1.1.100.202309141235/tools/bin/../lib/gcc/arm-none-eabi/11.3.1/../../../../arm-none-eabi/lib/thumb/v7e-m+fp/hard\libc_nano.a(libc_a-wsetup.o)
                0x000000000800c4e4                __swsetup_r
 .text.memmove  0x000000000800c594       0x34 C:/ST/STM32CubeIDE_1.13.1/STM32CubeIDE/plugins/com.st.stm32cube.ide.mcu.externaltools.gnu-tools-for-stm32.11.3.rel1.win32_1.1.100.202309141235/tools/bin/../lib/gcc/arm-none-eabi/11.3.1/../../../../arm-none-eabi/lib/thumb/v7e-m+fp/hard\libc_nano.a(libc_a-memmove.o)
                0x000000000800c594                memmove
 .text._raise_r
                0x000000000800c5c8       0x50 C:/ST/STM32CubeIDE_1.13.1/STM32CubeIDE/plugins/com.st.stm32cube.ide.mcu.externaltools.gnu-tools-for-stm32.11.3.rel1.win32_1.1.100.202309141235/tools/bin/../lib/gcc/arm-none-eabi/11.3.1/../../../../arm-none-eabi/lib/thumb/v7e-m+fp/hard\libc_nano.a(libc_a-signal.o)
                0x000000000800c5c8                _raise_r
 .text.raise    0x000000000800c618       0x10 C:/ST/STM32CubeIDE_1.13.1/STM32CubeIDE/plugins/com.st.stm32cube.ide.mcu.externaltools.gnu-tools-for-stm32.11.3.rel1.win32_1.1.100.202309141235/tools/bin/../lib/gcc/arm-none-eabi/11.3.1/../../../../arm-none-eabi/lib/thumb/v7e-m+fp/hard\libc_nano.a(libc_a-signal.o)
                0x000000000800c618                raise
 .text._kill_r  0x000000000800c628       0x24 C:/ST/STM32CubeIDE_1.13.1/STM32CubeIDE/plugins/com.st.stm32cube.ide.mcu.externaltools.gnu-tools-for-stm32.11.3.rel1.win32_1.1.100.202309141235/tools/bin/../lib/gcc/arm-none-eabi/11.3.1/../../../../arm-none-eabi/lib/thumb/v7e-m+fp/hard\libc_nano.a(libc_a-signalr.o)
                0x000000000800c628                _kill_r
 .text._getpid_r
                0x000000000800c64c        0x4 C:/ST/STM32CubeIDE_1.13.1/STM32CubeIDE/plugins/com.st.stm32cube.ide.mcu.externaltools.gnu-tools-for-stm32.11.3.rel1.win32_1.1.100.202309141235/tools/bin/../lib/gcc/arm-none-eabi/11.3.1/../../../../arm-none-eabi/lib/thumb/v7e-m+fp/hard\libc_nano.a(libc_a-signalr.o)
                0x000000000800c64c                _getpid_r
 .text._realloc_r
                0x000000000800c650       0x5e C:/ST/STM32CubeIDE_1.13.1/STM32CubeIDE/plugins/com.st.stm32cube.ide.mcu.externaltools.gnu-tools-for-stm32.11.3.rel1.win32_1.1.100.202309141235/tools/bin/../lib/gcc/arm-none-eabi/11.3.1/../../../../arm-none-eabi/lib/thumb/v7e-m+fp/hard\libc_nano.a(libc_a-reallocr.o)
                0x000000000800c650                _realloc_r
 .text.__swhatbuf_r
                0x000000000800c6ae       0x4c C:/ST/STM32CubeIDE_1.13.1/STM32CubeIDE/plugins/com.st.stm32cube.ide.mcu.externaltools.gnu-tools-for-stm32.11.3.rel1.win32_1.1.100.202309141235/tools/bin/../lib/gcc/arm-none-eabi/11.3.1/../../../../arm-none-eabi/lib/thumb/v7e-m+fp/hard\libc_nano.a(libc_a-makebuf.o)
                0x000000000800c6ae                __swhatbuf_r
 .text.__smakebuf_r
                0x000000000800c6fa       0x78 C:/ST/STM32CubeIDE_1.13.1/STM32CubeIDE/plugins/com.st.stm32cube.ide.mcu.externaltools.gnu-tools-for-stm32.11.3.rel1.win32_1.1.100.202309141235/tools/bin/../lib/gcc/arm-none-eabi/11.3.1/../../../../arm-none-eabi/lib/thumb/v7e-m+fp/hard\libc_nano.a(libc_a-makebuf.o)
                0x000000000800c6fa                __smakebuf_r
 *fill*         0x000000000800c772        0x2 
 .text._fstat_r
                0x000000000800c774       0x24 C:/ST/STM32CubeIDE_1.13.1/STM32CubeIDE/plugins/com.st.stm32cube.ide.mcu.externaltools.gnu-tools-for-stm32.11.3.rel1.win32_1.1.100.202309141235/tools/bin/../lib/gcc/arm-none-eabi/11.3.1/../../../../arm-none-eabi/lib/thumb/v7e-m+fp/hard\libc_nano.a(libc_a-fstatr.o)
                0x000000000800c774                _fstat_r
 .text._isatty_r
                0x000000000800c798       0x20 C:/ST/STM32CubeIDE_1.13.1/STM32CubeIDE/plugins/com.st.stm32cube.ide.mcu.externaltools.gnu-tools-for-stm32.11.3.rel1.win32_1.1.100.202309141235/tools/bin/../lib/gcc/arm-none-eabi/11.3.1/../../../../arm-none-eabi/lib/thumb/v7e-m+fp/hard\libc_nano.a(libc_a-isattyr.o)
                0x000000000800c798                _isatty_r
 .text._malloc_usable_size_r
                0x000000000800c7b8       0x10 C:/ST/STM32CubeIDE_1.13.1/STM32CubeIDE/plugins/com.st.stm32cube.ide.mcu.externaltools.gnu-tools-for-stm32.11.3.rel1.win32_1.1.100.202309141235/tools/bin/../lib/gcc/arm-none-eabi/11.3.1/../../../../arm-none-eabi/lib/thumb/v7e-m+fp/hard\libc_nano.a(libc_a-msizer.o)
                0x000000000800c7b8                _malloc_usable_size_r
 *(.glue_7)
 .glue_7        0x000000000800c7c8        0x0 linker stubs
 *(.glue_7t)
 .glue_7t       0x000000000800c7c8        0x0 linker stubs
 *(.eh_frame)
 .eh_frame      0x000000000800c7c8        0x0 C:/ST/STM32CubeIDE_1.13.1/STM32CubeIDE/plugins/com.st.stm32cube.ide.mcu.externaltools.gnu-tools-for-stm32.11.3.rel1.win32_1.1.100.202309141235/tools/bin/../lib/gcc/arm-none-eabi/11.3.1/thumb/v7e-m+fp/hard/crtbegin.o
 *(.init)
 .init          0x000000000800c7c8        0x4 C:/ST/STM32CubeIDE_1.13.1/STM32CubeIDE/plugins/com.st.stm32cube.ide.mcu.externaltools.gnu-tools-for-stm32.11.3.rel1.win32_1.1.100.202309141235/tools/bin/../lib/gcc/arm-none-eabi/11.3.1/thumb/v7e-m+fp/hard/crti.o
                0x000000000800c7c8                _init
 .init          0x000000000800c7cc        0x8 C:/ST/STM32CubeIDE_1.13.1/STM32CubeIDE/plugins/com.st.stm32cube.ide.mcu.externaltools.gnu-tools-for-stm32.11.3.rel1.win32_1.1.100.202309141235/tools/bin/../lib/gcc/arm-none-eabi/11.3.1/thumb/v7e-m+fp/hard/crtn.o
 *(.fini)
 .fini          0x000000000800c7d4        0x4 C:/ST/STM32CubeIDE_1.13.1/STM32CubeIDE/plugins/com.st.stm32cube.ide.mcu.externaltools.gnu-tools-for-stm32.11.3.rel1.win32_1.1.100.202309141235/tools/bin/../lib/gcc/arm-none-eabi/11.3.1/thumb/v7e-m+fp/hard/crti.o
                0x000000000800c7d4                _fini
 .fini          0x000000000800c7d8        0x8 C:/ST/STM32CubeIDE_1.13.1/STM32CubeIDE/plugins/com.st.stm32cube.ide.mcu.externaltools.gnu-tools-for-stm32.11.3.rel1.win32_1.1.100.202309141235/tools/bin/../lib/gcc/arm-none-eabi/11.3.1/thumb/v7e-m+fp/hard/crtn.o
                0x000000000800c7e0                . = ALIGN (0x4)
                0x000000000800c7e0                _etext = .

.vfp11_veneer   0x000000000800c7e0        0x0
 .vfp11_veneer  0x000000000800c7e0        0x0 linker stubs

.v4_bx          0x000000000800c7e0        0x0
 .v4_bx         0x000000000800c7e0        0x0 linker stubs

.iplt           0x000000000800c7e0        0x0
 .iplt          0x000000000800c7e0        0x0 C:/ST/STM32CubeIDE_1.13.1/STM32CubeIDE/plugins/com.st.stm32cube.ide.mcu.externaltools.gnu-tools-for-stm32.11.3.rel1.win32_1.1.100.202309141235/tools/bin/../lib/gcc/arm-none-eabi/11.3.1/thumb/v7e-m+fp/hard/crtbegin.o

.rodata         0x000000000800c7e0      0xa08
                0x000000000800c7e0                . = ALIGN (0x4)
 *(.rodata)
 .rodata        0x000000000800c7e0       0x2a ./Core/Src/adc.o
 *fill*         0x000000000800c80a        0x2 
 .rodata        0x000000000800c80c        0xe ./Core/Src/apps_brake.o
 *fill*         0x000000000800c81a        0x2 
 .rodata        0x000000000800c81c       0xe9 ./Core/Src/bt_protocol.o
 *fill*         0x000000000800c905        0x3 
 .rodata        0x000000000800c908      0x10b ./Core/Src/can.o
 *fill*         0x000000000800ca13        0x1 
 .rodata        0x000000000800ca14       0x1a ./Core/Src/dashboard_leds.o
 *fill*         0x000000000800ca2e        0x2 
 .rodata        0x000000000800ca30      0x142 ./Core/Src/error_handler.o
 *fill*         0x000000000800cb72        0x2 
 .rodata        0x000000000800cb74       0x99 ./Core/Src/freertos.o
 *fill*         0x000000000800cc0d        0x3 
 .rodata        0x000000000800cc10       0xe3 ./Core/Src/heartbeat.o
 *fill*         0x000000000800ccf3        0x1 
 .rodata        0x000000000800ccf4       0x1b ./Core/Src/iwdg.o
 *fill*         0x000000000800cd0f        0x1 
 .rodata        0x000000000800cd10       0x18 ./Core/Src/logger.o
 .rodata        0x000000000800cd28       0x25 ./Core/Src/main.o
 *fill*         0x000000000800cd4d        0x3 