../Core/Src/apps_brake.c:59:6:map	32	static
../Core/Src/apps_brake.c:78:6:StartAppsProcessTask	48	static
../Core/Src/apps_brake.c:166:6:sendTorqueWithFaultFixing	16	static
../Core/Src/apps_brake.c:177:6:twoFootRulePassed	16	static
../Core/Src/apps_brake.c:211:6:StartBrakeProcessTask	24	static
../Core/Src/apps_brake.c:254:13:handleImpossiblilty	8	static
../Core/Src/apps_brake.c:312:10:get_apps	8	static
../Core/Src/apps_brake.c:320:10:get_brake	8	static
../Core/Src/apps_brake.c:328:6:get_brake_press	24	static
../Core/Src/apps_brake.c:340:6:brakePressed	8	static
../Core/Src/apps_brake.c:348:6:detectBrake	16	static
../Core/Src/apps_brake.c:371:6:EV2_4_check	48	static
