../Core/Src/motor_controller_can.c:67:6:UpdateMCState	16	static
../Core/Src/motor_controller_can.c:92:7:mc_getAverageIGBTTemp	4	static
../Core/Src/motor_controller_can.c:96:7:mc_getIGBTATemp	4	static
../Core/Src/motor_controller_can.c:100:7:mc_getIGBTBTemp	4	static
../Core/Src/motor_controller_can.c:104:7:mc_getIGBTCTemp	4	static
../Core/Src/motor_controller_can.c:108:7:mc_getMotorTemp	4	static
../Core/Src/motor_controller_can.c:112:7:mc_getBusVoltage	4	static
../Core/Src/motor_controller_can.c:116:7:mc_getBusCurrent	4	static
../Core/Src/motor_controller_can.c:120:7:mc_getIGBTACurrent	4	static
../Core/Src/motor_controller_can.c:124:7:mc_getIGBTBCurrent	4	static
../Core/Src/motor_controller_can.c:128:7:mc_getIGBTCCurrent	4	static
../Core/Src/motor_controller_can.c:132:5:mc_getRPM	4	static
../Core/Src/motor_controller_can.c:136:7:mc_getOutputVoltage	4	static
../Core/Src/motor_controller_can.c:140:7:mc_getCommandedTorque	4	static
../Core/Src/motor_controller_can.c:144:7:mc_getFeedbackTorque	4	static
../Core/Src/motor_controller_can.c:148:7:mc_get_vd	4	static
../Core/Src/motor_controller_can.c:152:7:mc_get_vq	4	static
../Core/Src/motor_controller_can.c:166:6:mc_set_torque_limit	16	static
../Core/Src/motor_controller_can.c:176:6:mc_set_torque	16	static
../Core/Src/motor_controller_can.c:185:6:mc_set_speed	16	static
../Core/Src/motor_controller_can.c:193:6:mc_set_direction	16	static
../Core/Src/motor_controller_can.c:201:6:mc_set_inverter_enable	16	static
../Core/Src/motor_controller_can.c:209:6:mc_set_inverter_discharge	16	static
../Core/Src/motor_controller_can.c:222:9:isMCBusCharged	16	static
../Core/Src/motor_controller_can.c:234:6:mc_process_temp1_can	16	static
../Core/Src/motor_controller_can.c:240:6:mc_process_temp3_can	16	static
../Core/Src/motor_controller_can.c:244:6:fixFaults	48	dynamic
../Core/Src/motor_controller_can.c:268:6:mc_process_faults	64	dynamic
../Core/Src/motor_controller_can.c:303:6:mc_process_fast_can	16	static
../Core/Src/motor_controller_can.c:331:6:mc_process_current_can	16	static
../Core/Src/motor_controller_can.c:345:6:mc_send_command_msg	64	dynamic
../Core/Src/motor_controller_can.c:386:6:sendTorque	64	dynamic
../Core/Src/motor_controller_can.c:418:6:mc_send_param_command_message	32	static
../Core/Src/motor_controller_can.c:448:6:sendZeroTorque	8	static
../Core/Src/motor_controller_can.c:452:6:mc_enable_broadcast_msgs	16	static
../Core/Src/motor_controller_can.c:460:6:mc_disable_broadcast_msgs	16	static
../Core/Src/motor_controller_can.c:476:6:update_heartbeat	16	static
../Core/Src/motor_controller_can.c:485:6:EnableMC	4	static
../Core/Src/motor_controller_can.c:489:6:DisableMC	4	static
