Archive member included to satisfy reference by file (symbol)

c:/progra~2/armgnu~1/125863~1.3re/bin/../lib/gcc/arm-none-eabi/12.3.1/thumb/v7e-m+fp/hard\libgcc.a(_arm_muldf3.o)
                              CMakeFiles/VCU2.0.elf.dir/Core/Src/apps_brake.c.obj (__aeabi_dmul)
c:/progra~2/armgnu~1/125863~1.3re/bin/../lib/gcc/arm-none-eabi/12.3.1/thumb/v7e-m+fp/hard\libgcc.a(_arm_addsubdf3.o)
                              CMakeFiles/VCU2.0.elf.dir/Core/Src/apps_brake.c.obj (__aeabi_dadd)
c:/progra~2/armgnu~1/125863~1.3re/bin/../lib/gcc/arm-none-eabi/12.3.1/thumb/v7e-m+fp/hard\libgcc.a(_arm_cmpdf2.o)
                              CMakeFiles/VCU2.0.elf.dir/Core/Src/apps_brake.c.obj (__aeabi_dcmplt)
c:/progra~2/armgnu~1/125863~1.3re/bin/../lib/gcc/arm-none-eabi/12.3.1/thumb/v7e-m+fp/hard\libgcc.a(_arm_fixunsdfsi.o)
                              CMakeFiles/VCU2.0.elf.dir/Core/Src/apps_brake.c.obj (__aeabi_d2uiz)
c:/progra~2/armgnu~1/125863~1.3re/bin/../lib/gcc/arm-none-eabi/12.3.1/thumb/v7e-m+fp/hard\libgcc.a(_arm_truncdfsf2.o)
                              CMakeFiles/VCU2.0.elf.dir/Core/Src/lv_battery_tap.c.obj (__aeabi_d2f)
c:/progra~2/armgnu~1/125863~1.3re/bin/../lib/gcc/arm-none-eabi/12.3.1/thumb/v7e-m+fp/hard\libgcc.a(_aeabi_uldivmod.o)
                              CMakeFiles/VCU2.0.elf.dir/Drivers/STM32F4xx_HAL_Driver/Src/stm32f4xx_hal_rcc.c.obj (__aeabi_uldivmod)
c:/progra~2/armgnu~1/125863~1.3re/bin/../lib/gcc/arm-none-eabi/12.3.1/thumb/v7e-m+fp/hard\libgcc.a(_udivmoddi4.o)
                              c:/progra~2/armgnu~1/125863~1.3re/bin/../lib/gcc/arm-none-eabi/12.3.1/thumb/v7e-m+fp/hard\libgcc.a(_aeabi_uldivmod.o) (__udivmoddi4)
c:/progra~2/armgnu~1/125863~1.3re/bin/../lib/gcc/arm-none-eabi/12.3.1/thumb/v7e-m+fp/hard\libgcc.a(_dvmd_tls.o)
                              c:/progra~2/armgnu~1/125863~1.3re/bin/../lib/gcc/arm-none-eabi/12.3.1/thumb/v7e-m+fp/hard\libgcc.a(_aeabi_uldivmod.o) (__aeabi_ldiv0)
c:/progra~2/armgnu~1/125863~1.3re/bin/../lib/gcc/arm-none-eabi/12.3.1/thumb/v7e-m+fp/hard\libg.a(libc_a-assert.o)
                              CMakeFiles/VCU2.0.elf.dir/Core/Src/adc.c.obj (__assert_func)
c:/progra~2/armgnu~1/125863~1.3re/bin/../lib/gcc/arm-none-eabi/12.3.1/thumb/v7e-m+fp/hard\libg.a(libc_a-exit.o)
                              c:/progra~2/armgnu~1/125863~1.3re/bin/../lib/gcc/arm-none-eabi/12.3.1/thumb/v7e-m+fp/hard/crt0.o (exit)
c:/progra~2/armgnu~1/125863~1.3re/bin/../lib/gcc/arm-none-eabi/12.3.1/thumb/v7e-m+fp/hard\libg.a(libc_a-itoa.o)
                              CMakeFiles/VCU2.0.elf.dir/Core/Src/bt_protocol.c.obj (itoa)
c:/progra~2/armgnu~1/125863~1.3re/bin/../lib/gcc/arm-none-eabi/12.3.1/thumb/v7e-m+fp/hard\libg.a(libc_a-malloc.o)
                              CMakeFiles/VCU2.0.elf.dir/Core/ThreadSafe/newlib_lock_glue.c.obj (malloc)
c:/progra~2/armgnu~1/125863~1.3re/bin/../lib/gcc/arm-none-eabi/12.3.1/thumb/v7e-m+fp/hard\libg.a(libc_a-mallocr.o)
                              c:/progra~2/armgnu~1/125863~1.3re/bin/../lib/gcc/arm-none-eabi/12.3.1/thumb/v7e-m+fp/hard\libg.a(libc_a-malloc.o) (_malloc_r)
c:/progra~2/armgnu~1/125863~1.3re/bin/../lib/gcc/arm-none-eabi/12.3.1/thumb/v7e-m+fp/hard\libg.a(libc_a-mlock.o)
                              c:/progra~2/armgnu~1/125863~1.3re/bin/../lib/gcc/arm-none-eabi/12.3.1/thumb/v7e-m+fp/hard\libg.a(libc_a-mallocr.o) (__malloc_lock)
c:/progra~2/armgnu~1/125863~1.3re/bin/../lib/gcc/arm-none-eabi/12.3.1/thumb/v7e-m+fp/hard\libg.a(libc_a-utoa.o)
                              c:/progra~2/armgnu~1/125863~1.3re/bin/../lib/gcc/arm-none-eabi/12.3.1/thumb/v7e-m+fp/hard\libg.a(libc_a-itoa.o) (__utoa)
c:/progra~2/armgnu~1/125863~1.3re/bin/../lib/gcc/arm-none-eabi/12.3.1/thumb/v7e-m+fp/hard\libg.a(libc_a-fiprintf.o)
                              c:/progra~2/armgnu~1/125863~1.3re/bin/../lib/gcc/arm-none-eabi/12.3.1/thumb/v7e-m+fp/hard\libg.a(libc_a-assert.o) (fiprintf)
c:/progra~2/armgnu~1/125863~1.3re/bin/../lib/gcc/arm-none-eabi/12.3.1/thumb/v7e-m+fp/hard\libg.a(libc_a-vfiprintf.o)
                              c:/progra~2/armgnu~1/125863~1.3re/bin/../lib/gcc/arm-none-eabi/12.3.1/thumb/v7e-m+fp/hard\libg.a(libc_a-fiprintf.o) (_vfiprintf_r)
c:/progra~2/armgnu~1/125863~1.3re/bin/../lib/gcc/arm-none-eabi/12.3.1/thumb/v7e-m+fp/hard\libg.a(libc_a-fflush.o)
                              c:/progra~2/armgnu~1/125863~1.3re/bin/../lib/gcc/arm-none-eabi/12.3.1/thumb/v7e-m+fp/hard\libg.a(libc_a-vfiprintf.o) (_fflush_r)
c:/progra~2/armgnu~1/125863~1.3re/bin/../lib/gcc/arm-none-eabi/12.3.1/thumb/v7e-m+fp/hard\libg.a(libc_a-findfp.o)
                              c:/progra~2/armgnu~1/125863~1.3re/bin/../lib/gcc/arm-none-eabi/12.3.1/thumb/v7e-m+fp/hard\libg.a(libc_a-fflush.o) (__sglue)
c:/progra~2/armgnu~1/125863~1.3re/bin/../lib/gcc/arm-none-eabi/12.3.1/thumb/v7e-m+fp/hard\libg.a(libc_a-fvwrite.o)
                              c:/progra~2/armgnu~1/125863~1.3re/bin/../lib/gcc/arm-none-eabi/12.3.1/thumb/v7e-m+fp/hard\libg.a(libc_a-vfiprintf.o) (__sfvwrite_r)
[...]
Memory Configuration

Name             Origin             Length             Attributes
RAM              0x20000000         0x00020000         xrw
FLASH            0x08000000         0x00080000         xr
*default*        0x00000000         0xffffffff

Linker script and memory map

LOAD c:/progra~2/armgnu~1/125863~1.3re/bin/../lib/gcc/arm-none-eabi/12.3.1/thumb/v7e-m+fp/hard/crti.o
LOAD c:/progra~2/armgnu~1/125863~1.3re/bin/../lib/gcc/arm-none-eabi/12.3.1/thumb/v7e-m+fp/hard/crtbegin.o
LOAD c:/progra~2/armgnu~1/125863~1.3re/bin/../lib/gcc/arm-none-eabi/12.3.1/thumb/v7e-m+fp/hard/crt0.o
LOAD CMakeFiles/VCU2.0.elf.dir/Core/Src/ACB_comms_handler.c.obj
LOAD CMakeFiles/VCU2.0.elf.dir/Core/Src/adc.c.obj
LOAD CMakeFiles/VCU2.0.elf.dir/Core/Src/apps_brake.c.obj
LOAD CMakeFiles/VCU2.0.elf.dir/Core/Src/bt_protocol.c.obj
LOAD CMakeFiles/VCU2.0.elf.dir/Core/Src/can.c.obj
LOAD CMakeFiles/VCU2.0.elf.dir/Core/Src/car_state.c.obj
LOAD CMakeFiles/VCU2.0.elf.dir/Core/Src/dashboard_leds.c.obj
LOAD CMakeFiles/VCU2.0.elf.dir/Core/Src/dashboard_mgmt.c.obj
LOAD CMakeFiles/VCU2.0.elf.dir/Core/Src/dma.c.obj
LOAD CMakeFiles/VCU2.0.elf.dir/Core/Src/error_handler.c.obj
LOAD CMakeFiles/VCU2.0.elf.dir/Core/Src/freertos.c.obj
LOAD CMakeFiles/VCU2.0.elf.dir/Core/Src/gpio.c.obj
LOAD CMakeFiles/VCU2.0.elf.dir/Core/Src/heartbeat.c.obj
LOAD CMakeFiles/VCU2.0.elf.dir/Core/Src/iwdg.c.obj
LOAD CMakeFiles/VCU2.0.elf.dir/Core/Src/logger.c.obj
LOAD CMakeFiles/VCU2.0.elf.dir/Core/Src/lv_battery_tap.c.obj
LOAD CMakeFiles/VCU2.0.elf.dir/Core/Src/main.c.obj
LOAD CMakeFiles/VCU2.0.elf.dir/Core/Src/motor_controller_can.c.obj
LOAD CMakeFiles/VCU2.0.elf.dir/Core/Src/pedal_encoder.c.obj
LOAD CMakeFiles/VCU2.0.elf.dir/Core/Src/startup_condition.c.obj
LOAD CMakeFiles/VCU2.0.elf.dir/Core/Src/stm32f4xx_hal_msp.c.obj
LOAD CMakeFiles/VCU2.0.elf.dir/Core/Src/stm32f4xx_hal_timebase_tim.c.obj
LOAD CMakeFiles/VCU2.0.elf.dir/Core/Src/stm32f4xx_it.c.obj
LOAD CMakeFiles/VCU2.0.elf.dir/Core/Src/syscalls.c.obj
LOAD CMakeFiles/VCU2.0.elf.dir/Core/Src/sysmem.c.obj
LOAD CMakeFiles/VCU2.0.elf.dir/Core/Src/system_stm32f4xx.c.obj
LOAD CMakeFiles/VCU2.0.elf.dir/Core/Src/tim.c.obj
LOAD CMakeFiles/VCU2.0.elf.dir/Core/Src/usart.c.obj
LOAD CMakeFiles/VCU2.0.elf.dir/Core/Src/vcu_startup.c.obj
LOAD CMakeFiles/VCU2.0.elf.dir/Core/Startup/startup_stm32f446vetx.s.obj
LOAD CMakeFiles/VCU2.0.elf.dir/Core/ThreadSafe/newlib_lock_glue.c.obj
LOAD CMakeFiles/VCU2.0.elf.dir/Drivers/STM32F4xx_HAL_Driver/Src/stm32f4xx_hal.c.obj
LOAD CMakeFiles/VCU2.0.elf.dir/Drivers/STM32F4xx_HAL_Driver/Src/stm32f4xx_hal_adc.c.obj
LOAD CMakeFiles/VCU2.0.elf.dir/Drivers/STM32F4xx_HAL_Driver/Src/stm32f4xx_hal_adc_ex.c.obj
LOAD CMakeFiles/VCU2.0.elf.dir/Drivers/STM32F4xx_HAL_Driver/Src/stm32f4xx_hal_can.c.obj
LOAD CMakeFiles/VCU2.0.elf.dir/Drivers/STM32F4xx_HAL_Driver/Src/stm32f4xx_hal_cortex.c.obj
LOAD CMakeFiles/VCU2.0.elf.dir/Drivers/STM32F4xx_HAL_Driver/Src/stm32f4xx_hal_dma.c.obj
LOAD CMakeFiles/VCU2.0.elf.dir/Drivers/STM32F4xx_HAL_Driver/Src/stm32f4xx_hal_dma_ex.c.obj
LOAD CMakeFiles/VCU2.0.elf.dir/Drivers/STM32F4xx_HAL_Driver/Src/stm32f4xx_hal_exti.c.obj
LOAD CMakeFiles/VCU2.0.elf.dir/Drivers/STM32F4xx_HAL_Driver/Src/stm32f4xx_hal_flash.c.obj
LOAD CMakeFiles/VCU2.0.elf.dir/Drivers/STM32F4xx_HAL_Driver/Src/stm32f4xx_hal_flash_ex.c.obj
LOAD CMakeFiles/VCU2.0.elf.dir/Drivers/STM32F4xx_HAL_Driver/Src/stm32f4xx_hal_flash_ramfunc.c.obj
LOAD CMakeFiles/VCU2.0.elf.dir/Drivers/STM32F4xx_HAL_Driver/Src/stm32f4xx_hal_gpio.c.obj
LOAD CMakeFiles/VCU2.0.elf.dir/Drivers/STM32F4xx_HAL_Driver/Src/stm32f4xx_hal_iwdg.c.obj
LOAD CMakeFiles/VCU2.0.elf.dir/Drivers/STM32F4xx_HAL_Driver/Src/stm32f4xx_hal_pwr.c.obj
LOAD CMakeFiles/VCU2.0.elf.dir/Drivers/STM32F4xx_HAL_Driver/Src/stm32f4xx_hal_pwr_ex.c.obj
LOAD CMakeFiles/VCU2.0.elf.dir/Drivers/STM32F4xx_HAL_Driver/Src/stm32f4xx_hal_rcc.c.obj
LOAD CMakeFiles/VCU2.0.elf.dir/Drivers/STM32F4xx_HAL_Driver/Src/stm32f4xx_hal_rcc_ex.c.obj
LOAD CMakeFiles/VCU2.0.elf.dir/Drivers/STM32F4xx_HAL_Driver/Src/stm32f4xx_hal_tim.c.obj
LOAD CMakeFiles/VCU2.0.elf.dir/Drivers/STM32F4xx_HAL_Driver/Src/stm32f4xx_hal_tim_ex.c.obj
LOAD CMakeFiles/VCU2.0.elf.dir/Drivers/STM32F4xx_HAL_Driver/Src/stm32f4xx_hal_usart.c.obj
LOAD CMakeFiles/VCU2.0.elf.dir/Drivers/STM32F4xx_HAL_Driver/Src/stm32f4xx_ll_adc.c.obj
LOAD CMakeFiles/VCU2.0.elf.dir/Middlewares/Third_Party/FreeRTOS/Source/CMSIS_RTOS_V2/cmsis_os2.c.obj
LOAD CMakeFiles/VCU2.0.elf.dir/Middlewares/Third_Party/FreeRTOS/Source/croutine.c.obj
LOAD CMakeFiles/VCU2.0.elf.dir/Middlewares/Third_Party/FreeRTOS/Source/event_groups.c.obj
LOAD CMakeFiles/VCU2.0.elf.dir/Middlewares/Third_Party/FreeRTOS/Source/list.c.obj
LOAD CMakeFiles/VCU2.0.elf.dir/Middlewares/Third_Party/FreeRTOS/Source/portable/GCC/ARM_CM4F/port.c.obj
LOAD CMakeFiles/VCU2.0.elf.dir/Middlewares/Third_Party/FreeRTOS/Source/portable/MemMang/heap_4.c.obj
LOAD CMakeFiles/VCU2.0.elf.dir/Middlewares/Third_Party/FreeRTOS/Source/queue.c.obj
LOAD CMakeFiles/VCU2.0.elf.dir/Middlewares/Third_Party/FreeRTOS/Source/stream_buffer.c.obj
LOAD CMakeFiles/VCU2.0.elf.dir/Middlewares/Third_Party/FreeRTOS/Source/tasks.c.obj
LOAD CMakeFiles/VCU2.0.elf.dir/Middlewares/Third_Party/FreeRTOS/Source/timers.c.obj
START GROUP
LOAD c:/progra~2/armgnu~1/125863~1.3re/bin/../lib/gcc/arm-none-eabi/12.3.1/thumb/v7e-m+fp/hard\libgcc.a
LOAD c:/progra~2/armgnu~1/125863~1.3re/bin/../lib/gcc/arm-none-eabi/12.3.1/thumb/v7e-m+fp/hard\libg.a
LOAD c:/progra~2/armgnu~1/125863~1.3re/bin/../lib/gcc/arm-none-eabi/12.3.1/thumb/v7e-m+fp/hard\libc.a
END GROUP
LOAD c:/progra~2/armgnu~1/125863~1.3re/bin/../lib/gcc/arm-none-eabi/12.3.1/thumb/v7e-m+fp/hard/crtend.o
LOAD c:/progra~2/armgnu~1/125863~1.3re/bin/../lib/gcc/arm-none-eabi/12.3.1/thumb/v7e-m+fp/hard/crtn.o
                0x20020000                        _estack = (ORIGIN (RAM) + LENGTH (RAM))
                0x00000200                        _Min_Heap_Size = 0x200
                0x00000400                        _Min_Stack_Size = 0x400

.isr_vector     0x08000000      0x1c4
                0x08000000                        . = ALIGN (0x4)
 *(.isr_vector)
 .isr_vector    0x08000000      0x1c4 CMakeFiles/VCU2.0.elf.dir/Core/Startup/startup_stm32f446vetx.s.obj
                0x08000000                g_pfnVectors
                0x080001c4                        . = ALIGN (0x4)

.text           0x08000200     0xe358
                0x08000200                        . = ALIGN (0x4)
 *(.text)
 .text          0x08000200      0x378 c:/progra~2/armgnu~1/125863~1.3re/bin/../lib/gcc/arm-none-eabi/12.3.1/thumb/v7e-m+fp/hard\libgcc.a(_arm_addsubdf3.o)
                0x08000200                __aeabi_drsub
                0x08000208                __aeabi_dsub
                0x08000208                __subdf3
                0x0800020c                __aeabi_dadd
                0x0800020c                __adddf3
                0x08000484                __floatunsidf
                0x08000484                __aeabi_ui2d
                0x080004a4                __floatsidf
                0x080004a4                __aeabi_i2d
                0x080004c8                __aeabi_f2d
                0x080004c8                __extendsfdf2
                0x0800050c                __floatundidf
                0x0800050c                __aeabi_ul2d
                0x0800051c                __floatdidf
                0x0800051c                __aeabi_l2d
 .text          0x08000578      0x110 c:/progra~2/armgnu~1/125863~1.3re/bin/../lib/gcc/arm-none-eabi/12.3.1/thumb/v7e-m+fp/hard\libgcc.a(_arm_cmpdf2.o)
                0x08000578                __gtdf2
                0x08000578                __gedf2
                0x08000580                __ltdf2
                0x08000580                __ledf2
                0x08000588                __nedf2
                0x08000588                __eqdf2
                0x08000588                __cmpdf2
                0x08000604                __aeabi_cdrcmple
                0x08000614                __aeabi_cdcmpeq
                0x08000614                __aeabi_cdcmple
                0x08000624                __aeabi_dcmpeq
                0x08000638                __aeabi_dcmplt
                0x0800064c                __aeabi_dcmple
                0x08000660                __aeabi_dcmpge
                0x08000674                __aeabi_dcmpgt
 .text          0x08000688       0x40 c:/progra~2/armgnu~1/125863~1.3re/bin/../lib/gcc/arm-none-eabi/12.3.1/thumb/v7e-m+fp/hard\libgcc.a(_arm_fixunsdfsi.o)
                0x08000688                __aeabi_d2uiz
                0x08000688                __fixunsdfsi
 .text          0x080006c8       0xa0 c:/progra~2/armgnu~1/125863~1.3re/bin/../lib/gcc/arm-none-eabi/12.3.1/thumb/v7e-m+fp/hard\libgcc.a(_arm_truncdfsf2.o)
                0x080006c8                __truncdfsf2
                0x080006c8                __aeabi_d2f
 .text          0x08000768       0x30 c:/progra~2/armgnu~1/125863~1.3re/bin/../lib/gcc/arm-none-eabi/12.3.1/thumb/v7e-m+fp/hard\libgcc.a(_aeabi_uldivmod.o)
                0x08000768                __aeabi_uldivmod
 .text          0x08000798        0x4 c:/progra~2/armgnu~1/125863~1.3re/bin/../lib/gcc/arm-none-eabi/12.3.1/thumb/v7e-m+fp/hard\libgcc.a(_dvmd_tls.o)
                0x08000798                __aeabi_idiv0
                0x08000798                __aeabi_ldiv0
 *fill*         0x0800079c        0x4 
 .text          0x080007a0      0x2e0 c:/progra~2/armgnu~1/125863~1.3re/bin/../lib/gcc/arm-none-eabi/12.3.1/thumb/v7e-m+fp/hard\libg.a(libc_a-strcmp.o)
                0x080007a0                strcmp
 .text          0x08000a80       0xa0 c:/progra~2/armgnu~1/125863~1.3re/bin/../lib/gcc/arm-none-eabi/12.3.1/thumb/v7e-m+fp/hard\libg.a(libc_a-memchr.o)
                0x08000a80                memchr
 .text          0x08000b20      0x134 c:/progra~2/armgnu~1/125863~1.3re/bin/../lib/gcc/arm-none-eabi/12.3.1/thumb/v7e-m+fp/hard\libg.a(libc_a-memcpy.o)
                0x08000b20                memcpy
 *fill*         0x08000c54       0x2c 
 .text          0x08000c80       0xd8 c:/progra~2/armgnu~1/125863~1.3re/bin/../lib/gcc/arm-none-eabi/12.3.1/thumb/v7e-m+fp/hard\libg.a(libc_a-strlen.o)
                0x08000c80                strlen
 .text          0x08000d58      0x424 c:/progra~2/armgnu~1/125863~1.3re/bin/../lib/gcc/arm-none-eabi/12.3.1/thumb/v7e-m+fp/hard\libgcc.a(_arm_muldivdf3.o)
                0x08000d58                __aeabi_dmul
                0x08000d58                __muldf3
                0x08000fac                __divdf3
                0x08000fac                __aeabi_ddiv
 .text          0x0800117c       0x2c c:/progra~2/armgnu~1/125863~1.3re/bin/../lib/gcc/arm-none-eabi/12.3.1/thumb/v7e-m+fp/hard\libgcc.a(_arm_unorddf2.o)
                0x0800117c                __unorddf2
                0x0800117c                __aeabi_dcmpun
 .text          0x080011a8       0x50 c:/progra~2/armgnu~1/125863~1.3re/bin/../lib/gcc/arm-none-eabi/12.3.1/thumb/v7e-m+fp/hard\libgcc.a(_arm_fixdfsi.o)
                0x080011a8                __aeabi_d2iz
                0x080011a8                __fixdfsi
 *(.text*)
 .text.deregister_tm_clones
                0x080011f8       0x1c c:/progra~2/armgnu~1/125863~1.3re/bin/../lib/gcc/arm-none-eabi/12.3.1/thumb/v7e-m+fp/hard/crtbegin.o
 .text.register_tm_clones
                0x08001214       0x24 c:/progra~2/armgnu~1/125863~1.3re/bin/../lib/gcc/arm-none-eabi/12.3.1/thumb/v7e-m+fp/hard/crtbegin.o
 .text.__do_global_dtors_aux
                0x08001238       0x28 c:/progra~2/armgnu~1/125863~1.3re/bin/../lib/gcc/arm-none-eabi/12.3.1/thumb/v7e-m+fp/hard/crtbegin.o
 .text.frame_dummy
                0x08001260       0x24 c:/progra~2/armgnu~1/125863~1.3re/bin/../lib/gcc/arm-none-eabi/12.3.1/thumb/v7e-m+fp/hard/crtbegin.o
 .text.set_ACB_State
                0x08001284       0x28 CMakeFiles/VCU2.0.elf.dir/Core/Src/ACB_comms_handler.c.obj
                0x08001284                set_ACB_State
 .text.send_ACB_mesg
                0x080012ac       0x28 CMakeFiles/VCU2.0.elf.dir/Core/Src/ACB_comms_handler.c.obj
                0x080012ac                send_ACB_mesg
 .text.MX_ADC1_Init
                0x080012d4       0xb8 CMakeFiles/VCU2.0.elf.dir/Core/Src/adc.c.obj
                0x080012d4                MX_ADC1_Init
 .text.HAL_ADC_MspInit
                0x0800138c       0xe0 CMakeFiles/VCU2.0.elf.dir/Core/Src/adc.c.obj
                0x0800138c                HAL_ADC_MspInit
 .text.ADC_get_val
                0x0800146c       0x24 CMakeFiles/VCU2.0.elf.dir/Core/Src/adc.c.obj
                0x0800146c                ADC_get_val
 .text.map      0x08001490       0x26 CMakeFiles/VCU2.0.elf.dir/Core/Src/apps_brake.c.obj
                0x08001490                map
 .text.sendTorqueWithFaultFixing
                0x080014b6       0x24 CMakeFiles/VCU2.0.elf.dir/Core/Src/apps_brake.c.obj
                0x080014b6                sendTorqueWithFaultFixing
 .text.handleImpossiblilty
                0x080014da        0xa CMakeFiles/VCU2.0.elf.dir/Core/Src/apps_brake.c.obj
 .text.StartBrakeProcessTask
                0x080014e4       0x84 CMakeFiles/VCU2.0.elf.dir/Core/Src/apps_brake.c.obj
                0x080014e4                StartBrakeProcessTask
 .text.brakePressed
                0x08001568       0x18 CMakeFiles/VCU2.0.elf.dir/Core/Src/apps_brake.c.obj
                0x08001568                brakePressed
 .text.twoFootRulePassed
                0x08001580       0x68 CMakeFiles/VCU2.0.elf.dir/Core/Src/apps_brake.c.obj
                0x08001580                twoFootRulePassed
 .text.detectBrake
                0x080015e8       0x1a CMakeFiles/VCU2.0.elf.dir/Core/Src/apps_brake.c.obj
                0x080015e8                detectBrake
 *fill*         0x08001602        0x2 
 .text.StartAppsProcessTask
                0x08001604      0x1c8 CMakeFiles/VCU2.0.elf.dir/Core/Src/apps_brake.c.obj
                0x08001604                StartAppsProcessTask
 .text.setStartFlag
                0x080017cc        0xc CMakeFiles/VCU2.0.elf.dir/Core/Src/bt_protocol.c.obj
 .text.setAcknowledgement
                0x080017d8        0xc CMakeFiles/VCU2.0.elf.dir/Core/Src/bt_protocol.c.obj
 .text.setEndFlag
                0x080017e4       0x10 CMakeFiles/VCU2.0.elf.dir/Core/Src/bt_protocol.c.obj
 .text.setHeader
                0x080017f4        0xc CMakeFiles/VCU2.0.elf.dir/Core/Src/bt_protocol.c.obj
 .text.setExpansion
                0x08001800       0x10 CMakeFiles/VCU2.0.elf.dir/Core/Src/bt_protocol.c.obj
 .text.setChecksum
                0x08001810       0x10 CMakeFiles/VCU2.0.elf.dir/Core/Src/bt_protocol.c.obj
 .text.updateSequence
                0x08001820       0x4c CMakeFiles/VCU2.0.elf.dir/Core/Src/bt_protocol.c.obj
 .text.buildPacket
                0x0800186c       0x20 CMakeFiles/VCU2.0.elf.dir/Core/Src/bt_protocol.c.obj
 .text.initPacket
                0x0800188c       0x78 CMakeFiles/VCU2.0.elf.dir/Core/Src/bt_protocol.c.obj
 .text.btInitialize
                0x08001904       0x34 CMakeFiles/VCU2.0.elf.dir/Core/Src/bt_protocol.c.obj
                0x08001904                btInitialize
 .text.btSendPacket
                0x08001938       0x44 CMakeFiles/VCU2.0.elf.dir/Core/Src/bt_protocol.c.obj
                0x08001938                btSendPacket
 .text.btUpdateData
                0x0800197c      0x130 CMakeFiles/VCU2.0.elf.dir/Core/Src/bt_protocol.c.obj
                0x0800197c                btUpdateData
 .text.StartBluetoothDumpTask
                0x08001aac       0x4c CMakeFiles/VCU2.0.elf.dir/Core/Src/bt_protocol.c.obj
                0x08001aac                StartBluetoothDumpTask
 .text.MX_CAN1_Init
                0x08001af8       0x38 CMakeFiles/VCU2.0.elf.dir/Core/Src/can.c.obj
                0x08001af8                MX_CAN1_Init
 .text.HAL_CAN_MspInit
                0x08001b30       0x70 CMakeFiles/VCU2.0.elf.dir/Core/Src/can.c.obj
                0x08001b30                HAL_CAN_MspInit
 .text.sendCan  0x08001ba0       0xbc CMakeFiles/VCU2.0.elf.dir/Core/Src/can.c.obj
                0x08001ba0                sendCan
 .text.nullTerminate
                0x08001c5c       0x14 CMakeFiles/VCU2.0.elf.dir/Core/Src/can.c.obj
                0x08001c5c                nullTerminate
 .text.messageReceivedFromControlUnit
                0x08001c70       0xac CMakeFiles/VCU2.0.elf.dir/Core/Src/can.c.obj
                0x08001c70                messageReceivedFromControlUnit
 .text.CAN_Polling
                0x08001d1c       0x30 CMakeFiles/VCU2.0.elf.dir/Core/Src/can.c.obj
                0x08001d1c                CAN_Polling
 .text.StartCanRxTask
                0x08001d4c      0x148 CMakeFiles/VCU2.0.elf.dir/Core/Src/can.c.obj
                0x08001d4c                StartCanRxTask
 .text.StartCanTxTask
                0x08001e94        0x2 CMakeFiles/VCU2.0.elf.dir/Core/Src/can.c.obj
                0x08001e94                StartCanTxTask
 *fill*         0x08001e96        0x2 
 .text.set_car_state
                0x08001e98       0x10 CMakeFiles/VCU2.0.elf.dir/Core/Src/car_state.c.obj
                0x08001e98                set_car_state
 .text.get_car_state
                0x08001ea8        0xc CMakeFiles/VCU2.0.elf.dir/Core/Src/car_state.c.obj
                0x08001ea8                get_car_state
 .text.dash_clear_all_leds
                0x08001eb4       0x34 CMakeFiles/VCU2.0.elf.dir/Core/Src/dashboard_leds.c.obj
                0x08001eb4                dash_clear_all_leds
 .text.dash_set_all_leds
                0x08001ee8       0x34 CMakeFiles/VCU2.0.elf.dir/Core/Src/dashboard_leds.c.obj
                0x08001ee8                dash_set_all_leds
 .text.dash_set_tsa_teal
                0x08001f1c       0x20 CMakeFiles/VCU2.0.elf.dir/Core/Src/dashboard_leds.c.obj
                0x08001f1c                dash_set_tsa_teal
 .text.dash_set_tsa_green
                0x08001f3c       0x20 CMakeFiles/VCU2.0.elf.dir/Core/Src/dashboard_leds.c.obj
                0x08001f3c                dash_set_tsa_green
 .text.dash_set_tsa_blue
                0x08001f5c       0x20 CMakeFiles/VCU2.0.elf.dir/Core/Src/dashboard_leds.c.obj
                0x08001f5c                dash_set_tsa_blue
 .text.dash_set_rtd_green
                0x08001f7c       0x20 CMakeFiles/VCU2.0.elf.dir/Core/Src/dashboard_leds.c.obj
                0x08001f7c                dash_set_rtd_green
 .text.dash_set_rtd_blue
                0x08001f9c       0x20 CMakeFiles/VCU2.0.elf.dir/Core/Src/dashboard_leds.c.obj
                0x08001f9c                dash_set_rtd_blue
 .text.dash_set_rtd_teal
                0x08001fbc       0x20 CMakeFiles/VCU2.0.elf.dir/Core/Src/dashboard_leds.c.obj
                0x08001fbc                dash_set_rtd_teal
 .text.vcu_debug_led
                0x08001fdc       0x38 CMakeFiles/VCU2.0.elf.dir/Core/Src/dashboard_leds.c.obj
                0x08001fdc                vcu_debug_led
 .text.led_mgmt_set_error
                0x08002014        0xc CMakeFiles/VCU2.0.elf.dir/Core/Src/dashboard_mgmt.c.obj
                0x08002014                led_mgmt_set_error
 .text.led_mgmt_clear_error
                0x08002020        0xc CMakeFiles/VCU2.0.elf.dir/Core/Src/dashboard_mgmt.c.obj
                0x08002020                led_mgmt_clear_error
 .text.StartDashboardLedTask
                0x0800202c       0xa4 CMakeFiles/VCU2.0.elf.dir/Core/Src/dashboard_mgmt.c.obj
                0x0800202c                StartDashboardLedTask
 .text.MX_DMA_Init
                0x080020d0       0x34 CMakeFiles/VCU2.0.elf.dir/Core/Src/dma.c.obj
                0x080020d0                MX_DMA_Init
 .text.log_and_handle_error
                0x08002104      0x138 CMakeFiles/VCU2.0.elf.dir/Core/Src/error_handler.c.obj
                0x08002104                log_and_handle_error
 .text.StartDefaultTask
                0x0800223c        0xa CMakeFiles/VCU2.0.elf.dir/Core/Src/freertos.c.obj
                0x0800223c                StartDefaultTask
 *fill*         0x08002246        0x2 
 .text.MX_FREERTOS_Init
                0x08002248      0x124 CMakeFiles/VCU2.0.elf.dir/Core/Src/freertos.c.obj
                0x08002248                MX_FREERTOS_Init
 .text.MX_GPIO_Init
                0x0800236c      0x1cc CMakeFiles/VCU2.0.elf.dir/Core/Src/gpio.c.obj
                0x0800236c                MX_GPIO_Init
 .text.StartMcHeartbeatTask
                0x08002538       0x88 CMakeFiles/VCU2.0.elf.dir/Core/Src/heartbeat.c.obj
                0x08002538                StartMcHeartbeatTask
 .text.get_acu_heartbeat_State
                0x080025c0        0xc CMakeFiles/VCU2.0.elf.dir/Core/Src/heartbeat.c.obj
                0x080025c0                get_acu_heartbeat_State
 .text.get_mc_heartbeat_State
                0x080025cc        0xc CMakeFiles/VCU2.0.elf.dir/Core/Src/heartbeat.c.obj
                0x080025cc                get_mc_heartbeat_State
 .text.StartAcuHeartbeatTask
                0x080025d8       0xe4 CMakeFiles/VCU2.0.elf.dir/Core/Src/heartbeat.c.obj
                0x080025d8                StartAcuHeartbeatTask
 .text.heartbeat_MC_get_task
                0x080026bc        0xc CMakeFiles/VCU2.0.elf.dir/Core/Src/heartbeat.c.obj
                0x080026bc                heartbeat_MC_get_task
 .text.initWdEventGroup
                0x080026c8       0x38 CMakeFiles/VCU2.0.elf.dir/Core/Src/iwdg.c.obj
 .text.wdErrorHandler
                0x08002700       0x10 CMakeFiles/VCU2.0.elf.dir/Core/Src/iwdg.c.obj
                0x08002700                wdErrorHandler
 .text.MX_IWDG_Init
                0x08002710       0x2c CMakeFiles/VCU2.0.elf.dir/Core/Src/iwdg.c.obj
                0x08002710                MX_IWDG_Init
 .text.wd_criticalTaskKick
                0x0800273c       0x2c CMakeFiles/VCU2.0.elf.dir/Core/Src/iwdg.c.obj
                0x0800273c                wd_criticalTaskKick
 .text.startFromIWDG
                0x08002768       0x20 CMakeFiles/VCU2.0.elf.dir/Core/Src/iwdg.c.obj
                0x08002768                startFromIWDG
 .text.StartWatchDogTask
                0x08002788       0x30 CMakeFiles/VCU2.0.elf.dir/Core/Src/iwdg.c.obj
                0x08002788                StartWatchDogTask
 .text.logInitialize
                0x080027b8       0x20 CMakeFiles/VCU2.0.elf.dir/Core/Src/logger.c.obj
                0x080027b8                logInitialize
 .text.logIndicator
                0x080027d8       0x28 CMakeFiles/VCU2.0.elf.dir/Core/Src/logger.c.obj
                0x080027d8                logIndicator
 .text.enableVCULogging
                0x08002800        0xc CMakeFiles/VCU2.0.elf.dir/Core/Src/logger.c.obj
                0x08002800                enableVCULogging
 .text.logMessage
                0x0800280c       0x60 CMakeFiles/VCU2.0.elf.dir/Core/Src/logger.c.obj
                0x0800280c                logMessage
 .text.logSensor
                0x0800286c       0x24 CMakeFiles/VCU2.0.elf.dir/Core/Src/logger.c.obj
                0x0800286c                logSensor
 .text.lv_battery_voltage
                0x08002890       0x4c CMakeFiles/VCU2.0.elf.dir/Core/Src/lv_battery_tap.c.obj
                0x08002890                lv_battery_voltage
 .text.HAL_TIM_PeriodElapsedCallback
                0x080028dc       0x18 CMakeFiles/VCU2.0.elf.dir/Core/Src/main.c.obj
                0x080028dc                HAL_TIM_PeriodElapsedCallback
 .text.Error_Handler
                0x080028f4       0x24 CMakeFiles/VCU2.0.elf.dir/Core/Src/main.c.obj
                0x080028f4                Error_Handler
 .text.SystemClock_Config
                0x08002918       0x90 CMakeFiles/VCU2.0.elf.dir/Core/Src/main.c.obj
                0x08002918                SystemClock_Config
 .text.main     0x080029a8       0x68 CMakeFiles/VCU2.0.elf.dir/Core/Src/main.c.obj
                0x080029a8                main
 .text.update_heartbeat
                0x08002a10       0x1e CMakeFiles/VCU2.0.elf.dir/Core/Src/motor_controller_can.c.obj
 *fill*         0x08002a2e        0x2 
 .text.mc_getAverageIGBTTemp
                0x08002a30       0x40 CMakeFiles/VCU2.0.elf.dir/Core/Src/motor_controller_can.c.obj
                0x08002a30                mc_getAverageIGBTTemp
 .text.mc_getMotorTemp
                0x08002a70       0x28 CMakeFiles/VCU2.0.elf.dir/Core/Src/motor_controller_can.c.obj
                0x08002a70                mc_getMotorTemp
 .text.mc_getBusCurrent
                0x08002a98       0x1c CMakeFiles/VCU2.0.elf.dir/Core/Src/motor_controller_can.c.obj
                0x08002a98                mc_getBusCurrent
 .text.mc_set_inverter_enable
                0x08002ab4        0xc CMakeFiles/VCU2.0.elf.dir/Core/Src/motor_controller_can.c.obj
                0x08002ab4                mc_set_inverter_enable
 .text.mc_process_temp1_can
                0x08002ac0       0x34 CMakeFiles/VCU2.0.elf.dir/Core/Src/motor_controller_can.c.obj
                0x08002ac0                mc_process_temp1_can
 .text.mc_process_temp3_can
                0x08002af4       0x14 CMakeFiles/VCU2.0.elf.dir/Core/Src/motor_controller_can.c.obj
                0x08002af4                mc_process_temp3_can
 .text.fixFaults
                0x08002b08       0x60 CMakeFiles/VCU2.0.elf.dir/Core/Src/motor_controller_can.c.obj
                0x08002b08                fixFaults
 .text.mc_process_fast_can
                0x08002b68       0x9c CMakeFiles/VCU2.0.elf.dir/Core/Src/motor_controller_can.c.obj
                0x08002b68                mc_process_fast_can
 .text.mc_process_current_can
                0x08002c04       0x54 CMakeFiles/VCU2.0.elf.dir/Core/Src/motor_controller_can.c.obj
                0x08002c04                mc_process_current_can
 .text.sendTorque
                0x08002c58       0x6c CMakeFiles/VCU2.0.elf.dir/Core/Src/motor_controller_can.c.obj
                0x08002c58                sendTorque
 .text.mc_enable_broadcast_msgs
                0x08002cc4       0x12 CMakeFiles/VCU2.0.elf.dir/Core/Src/motor_controller_can.c.obj
                0x08002cc4                mc_enable_broadcast_msgs
 *fill*         0x08002cd6        0x2 
 .text.EnableMC
                0x08002cd8        0xc CMakeFiles/VCU2.0.elf.dir/Core/Src/motor_controller_can.c.obj
                0x08002cd8                EnableMC
 .text.DisableMC
                0x08002ce4        0xc CMakeFiles/VCU2.0.elf.dir/Core/Src/motor_controller_can.c.obj
                0x08002ce4                DisableMC
 .text.bad_pedal_struct_err_handler
                0x08002cf0        0x2 CMakeFiles/VCU2.0.elf.dir/Core/Src/pedal_encoder.c.obj
                0x08002cf0                bad_pedal_struct_err_handler
 *fill*         0x08002cf2        0x2 
 .text.detectPedal
                0x08002cf4       0x74 CMakeFiles/VCU2.0.elf.dir/Core/Src/pedal_encoder.c.obj
                0x08002cf4                detectPedal
 .text.sensAgreement_990
                0x08002d68      0x100 CMakeFiles/VCU2.0.elf.dir/Core/Src/pedal_encoder.c.obj
                0x08002d68                sensAgreement_990
 .text.checkStartupCondition
                0x08002e68       0xc8 CMakeFiles/VCU2.0.elf.dir/Core/Src/startup_condition.c.obj
                0x08002e68                checkStartupCondition
 .text.HAL_MspInit
                0x08002f30       0x44 CMakeFiles/VCU2.0.elf.dir/Core/Src/stm32f4xx_hal_msp.c.obj
                0x08002f30                HAL_MspInit
 .text.HAL_InitTick
                0x08002f74       0x94 CMakeFiles/VCU2.0.elf.dir/Core/Src/stm32f4xx_hal_timebase_tim.c.obj
                0x08002f74                HAL_InitTick
 .text.NMI_Handler
                0x08003008        0x2 CMakeFiles/VCU2.0.elf.dir/Core/Src/stm32f4xx_it.c.obj
                0x08003008                NMI_Handler
 .text.HardFault_Handler
                0x0800300a        0x2 CMakeFiles/VCU2.0.elf.dir/Core/Src/stm32f4xx_it.c.obj
                0x0800300a                HardFault_Handler
 .text.MemManage_Handler
                0x0800300c        0x2 CMakeFiles/VCU2.0.elf.dir/Core/Src/stm32f4xx_it.c.obj
                0x0800300c                MemManage_Handler
 .text.BusFault_Handler
                0x0800300e        0x2 CMakeFiles/VCU2.0.elf.dir/Core/Src/stm32f4xx_it.c.obj
                0x0800300e                BusFault_Handler
 .text.UsageFault_Handler
                0x08003010        0x2 CMakeFiles/VCU2.0.elf.dir/Core/Src/stm32f4xx_it.c.obj
                0x08003010                UsageFault_Handler
 .text.DebugMon_Handler
                0x08003012        0x2 CMakeFiles/VCU2.0.elf.dir/Core/Src/stm32f4xx_it.c.obj
                0x08003012                DebugMon_Handler
 .text.TIM1_UP_TIM10_IRQHandler
                0x08003014       0x10 CMakeFiles/VCU2.0.elf.dir/Core/Src/stm32f4xx_it.c.obj
                0x08003014                TIM1_UP_TIM10_IRQHandler
 .text.DMA2_Stream0_IRQHandler
                0x08003024       0x10 CMakeFiles/VCU2.0.elf.dir/Core/Src/stm32f4xx_it.c.obj
                0x08003024                DMA2_Stream0_IRQHandler
 .text._getpid  0x08003034        0x4 CMakeFiles/VCU2.0.elf.dir/Core/Src/syscalls.c.obj
                0x08003034                _getpid
 .text._kill    0x08003038       0x10 CMakeFiles/VCU2.0.elf.dir/Core/Src/syscalls.c.obj
                0x08003038                _kill
 .text._exit    0x08003048        0xc CMakeFiles/VCU2.0.elf.dir/Core/Src/syscalls.c.obj
                0x08003048                _exit
 .text._read    0x08003054       0x20 CMakeFiles/VCU2.0.elf.dir/Core/Src/syscalls.c.obj
                0x08003054                _read
 .text._write   0x08003074       0x1c CMakeFiles/VCU2.0.elf.dir/Core/Src/syscalls.c.obj
                0x08003074                _write
 .text._close   0x08003090        0x6 CMakeFiles/VCU2.0.elf.dir/Core/Src/syscalls.c.obj
                0x08003090                _close
 .text._fstat   0x08003096        0xa CMakeFiles/VCU2.0.elf.dir/Core/Src/syscalls.c.obj
                0x08003096                _fstat
 .text._isatty  0x080030a0        0x4 CMakeFiles/VCU2.0.elf.dir/Core/Src/syscalls.c.obj
                0x080030a0                _isatty
 .text._lseek   0x080030a4        0x4 CMakeFiles/VCU2.0.elf.dir/Core/Src/syscalls.c.obj
                0x080030a4                _lseek
 .text._sbrk    0x080030a8       0x48 CMakeFiles/VCU2.0.elf.dir/Core/Src/sysmem.c.obj
                0x080030a8                _sbrk
 .text.SystemInit
                0x080030f0       0x14 CMakeFiles/VCU2.0.elf.dir/Core/Src/system_stm32f4xx.c.obj
                0x080030f0                SystemInit
 .text.MX_TIM12_Init
                0x08003104       0x9c CMakeFiles/VCU2.0.elf.dir/Core/Src/tim.c.obj
                0x08003104                MX_TIM12_Init
 .text.HAL_TIM_IC_MspInit
                0x080031a0       0x6c CMakeFiles/VCU2.0.elf.dir/Core/Src/tim.c.obj
                0x080031a0                HAL_TIM_IC_MspInit
 .text.MX_USART2_Init
                0x0800320c       0x38 CMakeFiles/VCU2.0.elf.dir/Core/Src/usart.c.obj
                0x0800320c                MX_USART2_Init
 .text.HAL_USART_MspInit
                0x08003244       0x70 CMakeFiles/VCU2.0.elf.dir/Core/Src/usart.c.obj
                0x08003244                HAL_USART_MspInit
 .text.read_saftey_loop
                0x080032b4       0x18 CMakeFiles/VCU2.0.elf.dir/Core/Src/vcu_startup.c.obj
                0x080032b4                read_saftey_loop
 .text.go_idle  0x080032cc       0x1e CMakeFiles/VCU2.0.elf.dir/Core/Src/vcu_startup.c.obj
                0x080032cc                go_idle
 .text.fail_pulse
                0x080032ea       0x20 CMakeFiles/VCU2.0.elf.dir/Core/Src/vcu_startup.c.obj
 .text.isButtonPressed
                0x0800330a        0xe CMakeFiles/VCU2.0.elf.dir/Core/Src/vcu_startup.c.obj
                0x0800330a                isButtonPressed
 .text.StartVcuStateTask
                0x08003318      0x264 CMakeFiles/VCU2.0.elf.dir/Core/Src/vcu_startup.c.obj
                0x08003318                StartVcuStateTask
 .text.Reset_Handler
                0x0800357c       0x50 CMakeFiles/VCU2.0.elf.dir/Core/Startup/startup_stm32f446vetx.s.obj
                0x0800357c                Reset_Handler
 .text.Default_Handler
                0x080035cc        0x2 CMakeFiles/VCU2.0.elf.dir/Core/Startup/startup_stm32f446vetx.s.obj
                0x080035cc                RTC_Alarm_IRQHandler
                0x080035cc                EXTI2_IRQHandler
                0x080035cc                TIM8_CC_IRQHandler
                0x080035cc                FMPI2C1_EV_IRQHandler
                0x080035cc                SPI4_IRQHandler
                0x080035cc                TIM1_CC_IRQHandler
                0x080035cc                DMA2_Stream5_IRQHandler
                0x080035cc                DMA1_Stream5_IRQHandler
                0x080035cc                PVD_IRQHandler
                0x080035cc                SDIO_IRQHandler
                0x080035cc                TAMP_STAMP_IRQHandler
                0x080035cc                CAN2_RX1_IRQHandler
                0x080035cc                EXTI3_IRQHandler
                0x080035cc                TIM8_TRG_COM_TIM14_IRQHandler
                0x080035cc                TIM8_UP_TIM13_IRQHandler
                0x080035cc                I2C3_ER_IRQHandler
                0x080035cc                EXTI0_IRQHandler
                0x080035cc                I2C2_EV_IRQHandler
                0x080035cc                DMA1_Stream2_IRQHandler
                0x080035cc                CAN1_RX0_IRQHandler
                0x080035cc                FPU_IRQHandler
                0x080035cc                OTG_HS_WKUP_IRQHandler
                0x080035cc                CAN2_SCE_IRQHandler
                0x080035cc                DMA2_Stream2_IRQHandler
                0x080035cc                SPI1_IRQHandler
                0x080035cc                TIM6_DAC_IRQHandler
                0x080035cc                TIM1_BRK_TIM9_IRQHandler
                0x080035cc                DCMI_IRQHandler
                0x080035cc                CAN2_RX0_IRQHandler
                0x080035cc                DMA2_Stream3_IRQHandler
                0x080035cc                SAI2_IRQHandler
                0x080035cc                USART6_IRQHandler
                0x080035cc                USART3_IRQHandler
                0x080035cc                CAN1_RX1_IRQHandler
                0x080035cc                UART5_IRQHandler
                0x080035cc                TIM4_IRQHandler
                0x080035cc                QUADSPI_IRQHandler
                0x080035cc                I2C1_EV_IRQHandler
                0x080035cc                DMA1_Stream6_IRQHandler
                0x080035cc                DMA1_Stream1_IRQHandler
                0x080035cc                UART4_IRQHandler
                0x080035cc                TIM3_IRQHandler
                0x080035cc                RCC_IRQHandler
                0x080035cc                TIM8_BRK_TIM12_IRQHandler
                0x080035cc                Default_Handler
                0x080035cc                CEC_IRQHandler
                0x080035cc                EXTI15_10_IRQHandler
                0x080035cc                ADC_IRQHandler
                0x080035cc                DMA1_Stream7_IRQHandler
                0x080035cc                TIM7_IRQHandler
                0x080035cc                CAN2_TX_IRQHandler
                0x080035cc                TIM5_IRQHandler
                0x080035cc                DMA2_Stream7_IRQHandler
                0x080035cc                I2C3_EV_IRQHandler
                0x080035cc                EXTI9_5_IRQHandler
                0x080035cc                RTC_WKUP_IRQHandler
                0x080035cc                SPDIF_RX_IRQHandler
                0x080035cc                SPI2_IRQHandler
                0x080035cc                OTG_HS_EP1_IN_IRQHandler
                0x080035cc                DMA1_Stream0_IRQHandler
                0x080035cc                CAN1_TX_IRQHandler
                0x080035cc                FMPI2C1_ER_IRQHandler
                0x080035cc                EXTI4_IRQHandler
                0x080035cc                OTG_HS_EP1_OUT_IRQHandler
                0x080035cc                WWDG_IRQHandler
                0x080035cc                TIM2_IRQHandler
                0x080035cc                OTG_FS_WKUP_IRQHandler
                0x080035cc                TIM1_TRG_COM_TIM11_IRQHandler
                0x080035cc                OTG_HS_IRQHandler
                0x080035cc                EXTI1_IRQHandler
                0x080035cc                USART2_IRQHandler
                0x080035cc                I2C2_ER_IRQHandler
                0x080035cc                DMA2_Stream1_IRQHandler
                0x080035cc                CAN1_SCE_IRQHandler
                0x080035cc                FLASH_IRQHandler
                0x080035cc                DMA2_Stream4_IRQHandler
                0x080035cc                USART1_IRQHandler
                0x080035cc                OTG_FS_IRQHandler
                0x080035cc                SPI3_IRQHandler
                0x080035cc                DMA1_Stream4_IRQHandler
                0x080035cc                I2C1_ER_IRQHandler
                0x080035cc                FMC_IRQHandler
                0x080035cc                DMA2_Stream6_IRQHandler
                0x080035cc                SAI1_IRQHandler
                0x080035cc                DMA1_Stream3_IRQHandler
 .text.stm32_lock_init
                0x080035ce       0x24 CMakeFiles/VCU2.0.elf.dir/Core/ThreadSafe/newlib_lock_glue.c.obj
 .text.stm32_lock_acquire
                0x080035f2       0x3a CMakeFiles/VCU2.0.elf.dir/Core/ThreadSafe/newlib_lock_glue.c.obj
 .text.stm32_lock_release
                0x0800362c       0x2a CMakeFiles/VCU2.0.elf.dir/Core/ThreadSafe/newlib_lock_glue.c.obj
 .text.__retarget_lock_init_recursive
                0x08003656       0x28 CMakeFiles/VCU2.0.elf.dir/Core/ThreadSafe/newlib_lock_glue.c.obj
                0x08003656                __retarget_lock_init_recursive
 .text.__retarget_lock_close_recursive
                0x0800367e        0x8 CMakeFiles/VCU2.0.elf.dir/Core/ThreadSafe/newlib_lock_glue.c.obj
                0x0800367e                __retarget_lock_close_recursive
 .text.__retarget_lock_acquire_recursive
                0x08003686       0x12 CMakeFiles/VCU2.0.elf.dir/Core/ThreadSafe/newlib_lock_glue.c.obj
                0x08003686                __retarget_lock_acquire_recursive
 .text.__retarget_lock_release_recursive
                0x08003698       0x12 CMakeFiles/VCU2.0.elf.dir/Core/ThreadSafe/newlib_lock_glue.c.obj
                0x08003698                __retarget_lock_release_recursive
 *fill*         0x080036aa        0x2 
 .text.HAL_Init
                0x080036ac       0x34 CMakeFiles/VCU2.0.elf.dir/Drivers/STM32F4xx_HAL_Driver/Src/stm32f4xx_hal.c.obj
                0x080036ac                HAL_Init
 .text.HAL_IncTick
                0x080036e0       0x18 CMakeFiles/VCU2.0.elf.dir/Drivers/STM32F4xx_HAL_Driver/Src/stm32f4xx_hal.c.obj
                0x080036e0                HAL_IncTick
 .text.HAL_GetTick
                0x080036f8        0xc CMakeFiles/VCU2.0.elf.dir/Drivers/STM32F4xx_HAL_Driver/Src/stm32f4xx_hal.c.obj
                0x080036f8                HAL_GetTick
 .text.HAL_Delay
                0x08003704       0x28 CMakeFiles/VCU2.0.elf.dir/Drivers/STM32F4xx_HAL_Driver/Src/stm32f4xx_hal.c.obj
                0x08003704                HAL_Delay
 .text.ADC_Init
                0x0800372c      0x134 CMakeFiles/VCU2.0.elf.dir/Drivers/STM32F4xx_HAL_Driver/Src/stm32f4xx_hal_adc.c.obj
 .text.HAL_ADC_Init
                0x08003860       0x56 CMakeFiles/VCU2.0.elf.dir/Drivers/STM32F4xx_HAL_Driver/Src/stm32f4xx_hal_adc.c.obj
                0x08003860                HAL_ADC_Init
 *fill*         0x080038b6        0x2 
 .text.HAL_ADC_ConfigChannel
                0x080038b8      0x1ac CMakeFiles/VCU2.0.elf.dir/Drivers/STM32F4xx_HAL_Driver/Src/stm32f4xx_hal_adc.c.obj
                0x080038b8                HAL_ADC_ConfigChannel
 .text.HAL_CAN_Init
                0x08003a64      0x14c CMakeFiles/VCU2.0.elf.dir/Drivers/STM32F4xx_HAL_Driver/Src/stm32f4xx_hal_can.c.obj
                0x08003a64                HAL_CAN_Init
 .text.HAL_CAN_Start
                0x08003bb0       0x5c CMakeFiles/VCU2.0.elf.dir/Drivers/STM32F4xx_HAL_Driver/Src/stm32f4xx_hal_can.c.obj
                0x08003bb0                HAL_CAN_Start
 .text.HAL_CAN_AddTxMessage
                0x08003c0c       0xea CMakeFiles/VCU2.0.elf.dir/Drivers/STM32F4xx_HAL_Driver/Src/stm32f4xx_hal_can.c.obj
                0x08003c0c                HAL_CAN_AddTxMessage
 .text.HAL_CAN_GetRxMessage
                0x08003cf6      0x16a CMakeFiles/VCU2.0.elf.dir/Drivers/STM32F4xx_HAL_Driver/Src/stm32f4xx_hal_can.c.obj
                0x08003cf6                HAL_CAN_GetRxMessage
 .text.HAL_CAN_GetRxFifoFillLevel
                0x08003e60       0x26 CMakeFiles/VCU2.0.elf.dir/Drivers/STM32F4xx_HAL_Driver/Src/stm32f4xx_hal_can.c.obj
                0x08003e60                HAL_CAN_GetRxFifoFillLevel
 *fill*         0x08003e86        0x2 
 .text.__NVIC_EnableIRQ
                0x08003e88       0x1c CMakeFiles/VCU2.0.elf.dir/Drivers/STM32F4xx_HAL_Driver/Src/stm32f4xx_hal_cortex.c.obj
 .text.__NVIC_SetPriority
                0x08003ea4       0x28 CMakeFiles/VCU2.0.elf.dir/Drivers/STM32F4xx_HAL_Driver/Src/stm32f4xx_hal_cortex.c.obj
 .text.NVIC_EncodePriority
                0x08003ecc       0x3e CMakeFiles/VCU2.0.elf.dir/Drivers/STM32F4xx_HAL_Driver/Src/stm32f4xx_hal_cortex.c.obj
 *fill*         0x08003f0a        0x2 
 .text.HAL_NVIC_SetPriorityGrouping
                0x08003f0c       0x24 CMakeFiles/VCU2.0.elf.dir/Drivers/STM32F4xx_HAL_Driver/Src/stm32f4xx_hal_cortex.c.obj
                0x08003f0c                HAL_NVIC_SetPriorityGrouping
 .text.HAL_NVIC_SetPriority
                0x08003f30       0x20 CMakeFiles/VCU2.0.elf.dir/Drivers/STM32F4xx_HAL_Driver/Src/stm32f4xx_hal_cortex.c.obj
                0x08003f30                HAL_NVIC_SetPriority
 .text.HAL_NVIC_EnableIRQ
                0x08003f50        0x8 CMakeFiles/VCU2.0.elf.dir/Drivers/STM32F4xx_HAL_Driver/Src/stm32f4xx_hal_cortex.c.obj
                0x08003f50                HAL_NVIC_EnableIRQ
 .text.DMA_CalcBaseAndBitshift
                0x08003f58       0x44 CMakeFiles/VCU2.0.elf.dir/Drivers/STM32F4xx_HAL_Driver/Src/stm32f4xx_hal_dma.c.obj
 .text.DMA_CheckFifoParam
                0x08003f9c       0x8e CMakeFiles/VCU2.0.elf.dir/Drivers/STM32F4xx_HAL_Driver/Src/stm32f4xx_hal_dma.c.obj
 *fill*         0x0800402a        0x2 
 .text.HAL_DMA_Init
                0x0800402c       0xcc CMakeFiles/VCU2.0.elf.dir/Drivers/STM32F4xx_HAL_Driver/Src/stm32f4xx_hal_dma.c.obj
                0x0800402c                HAL_DMA_Init
 .text.HAL_DMA_IRQHandler
                0x080040f8      0x1dc CMakeFiles/VCU2.0.elf.dir/Drivers/STM32F4xx_HAL_Driver/Src/stm32f4xx_hal_dma.c.obj
                0x080040f8                HAL_DMA_IRQHandler
 .text.HAL_GPIO_Init
                0x080042d4      0x1e0 CMakeFiles/VCU2.0.elf.dir/Drivers/STM32F4xx_HAL_Driver/Src/stm32f4xx_hal_gpio.c.obj
                0x080042d4                HAL_GPIO_Init
 .text.HAL_GPIO_ReadPin
                0x080044b4        0xe CMakeFiles/VCU2.0.elf.dir/Drivers/STM32F4xx_HAL_Driver/Src/stm32f4xx_hal_gpio.c.obj
                0x080044b4                HAL_GPIO_ReadPin
 .text.HAL_GPIO_WritePin
                0x080044c2        0xc CMakeFiles/VCU2.0.elf.dir/Drivers/STM32F4xx_HAL_Driver/Src/stm32f4xx_hal_gpio.c.obj
                0x080044c2                HAL_GPIO_WritePin
 .text.HAL_IWDG_Init
                0x080044ce       0x58 CMakeFiles/VCU2.0.elf.dir/Drivers/STM32F4xx_HAL_Driver/Src/stm32f4xx_hal_iwdg.c.obj
                0x080044ce                HAL_IWDG_Init
 .text.HAL_IWDG_Refresh
                0x08004526        0xc CMakeFiles/VCU2.0.elf.dir/Drivers/STM32F4xx_HAL_Driver/Src/stm32f4xx_hal_iwdg.c.obj
                0x08004526                HAL_IWDG_Refresh
 *fill*         0x08004532        0x2 
 .text.HAL_RCC_ClockConfig
                0x08004534      0x160 CMakeFiles/VCU2.0.elf.dir/Drivers/STM32F4xx_HAL_Driver/Src/stm32f4xx_hal_rcc.c.obj
                0x08004534                HAL_RCC_ClockConfig
 .text.HAL_RCC_GetHCLKFreq
                0x08004694        0xc CMakeFiles/VCU2.0.elf.dir/Drivers/STM32F4xx_HAL_Driver/Src/stm32f4xx_hal_rcc.c.obj
                0x08004694                HAL_RCC_GetHCLKFreq
 .text.HAL_RCC_GetPCLK1Freq
                0x080046a0       0x20 CMakeFiles/VCU2.0.elf.dir/Drivers/STM32F4xx_HAL_Driver/Src/stm32f4xx_hal_rcc.c.obj
                0x080046a0                HAL_RCC_GetPCLK1Freq
 .text.HAL_RCC_GetPCLK2Freq
                0x080046c0       0x20 CMakeFiles/VCU2.0.elf.dir/Drivers/STM32F4xx_HAL_Driver/Src/stm32f4xx_hal_rcc.c.obj
                0x080046c0                HAL_RCC_GetPCLK2Freq
 .text.HAL_RCC_GetClockConfig
                0x080046e0       0x3c CMakeFiles/VCU2.0.elf.dir/Drivers/STM32F4xx_HAL_Driver/Src/stm32f4xx_hal_rcc.c.obj
                0x080046e0                HAL_RCC_GetClockConfig
 .text.HAL_RCC_GetSysClockFreq
                0x0800471c      0x128 CMakeFiles/VCU2.0.elf.dir/Drivers/STM32F4xx_HAL_Driver/Src/stm32f4xx_hal_rcc_ex.c.obj
                0x0800471c                HAL_RCC_GetSysClockFreq
 .text.HAL_RCC_OscConfig
                0x08004844      0x444 CMakeFiles/VCU2.0.elf.dir/Drivers/STM32F4xx_HAL_Driver/Src/stm32f4xx_hal_rcc_ex.c.obj
                0x08004844                HAL_RCC_OscConfig
 .text.TIM_TI1_ConfigInputStage
                0x08004c88       0x26 CMakeFiles/VCU2.0.elf.dir/Drivers/STM32F4xx_HAL_Driver/Src/stm32f4xx_hal_tim.c.obj
 .text.TIM_TI2_SetConfig
                0x08004cae       0x36 CMakeFiles/VCU2.0.elf.dir/Drivers/STM32F4xx_HAL_Driver/Src/stm32f4xx_hal_tim.c.obj
 .text.TIM_TI2_ConfigInputStage
                0x08004ce4       0x28 CMakeFiles/VCU2.0.elf.dir/Drivers/STM32F4xx_HAL_Driver/Src/stm32f4xx_hal_tim.c.obj
 .text.TIM_TI3_SetConfig
                0x08004d0c       0x36 CMakeFiles/VCU2.0.elf.dir/Drivers/STM32F4xx_HAL_Driver/Src/stm32f4xx_hal_tim.c.obj
 .text.TIM_TI4_SetConfig
                0x08004d42       0x36 CMakeFiles/VCU2.0.elf.dir/Drivers/STM32F4xx_HAL_Driver/Src/stm32f4xx_hal_tim.c.obj
 .text.HAL_TIM_Base_MspInit
                0x08004d78        0x2 CMakeFiles/VCU2.0.elf.dir/Drivers/STM32F4xx_HAL_Driver/Src/stm32f4xx_hal_tim.c.obj
                0x08004d78                HAL_TIM_Base_MspInit
 *fill*         0x08004d7a        0x2 
 .text.HAL_TIM_Base_Start_IT
                0x08004d7c       0x88 CMakeFiles/VCU2.0.elf.dir/Drivers/STM32F4xx_HAL_Driver/Src/stm32f4xx_hal_tim.c.obj
                0x08004d7c                HAL_TIM_Base_Start_IT
 .text.HAL_TIM_OC_DelayElapsedCallback
                0x08004e04        0x2 CMakeFiles/VCU2.0.elf.dir/Drivers/STM32F4xx_HAL_Driver/Src/stm32f4xx_hal_tim.c.obj
                0x08004e04                HAL_TIM_OC_DelayElapsedCallback
 .text.HAL_TIM_IC_CaptureCallback
                0x08004e06        0x2 CMakeFiles/VCU2.0.elf.dir/Drivers/STM32F4xx_HAL_Driver/Src/stm32f4xx_hal_tim.c.obj
                0x08004e06                HAL_TIM_IC_CaptureCallback
 .text.HAL_TIM_PWM_PulseFinishedCallback
                0x08004e08        0x2 CMakeFiles/VCU2.0.elf.dir/Drivers/STM32F4xx_HAL_Driver/Src/stm32f4xx_hal_tim.c.obj
                0x08004e08                HAL_TIM_PWM_PulseFinishedCallback
 .text.HAL_TIM_TriggerCallback
                0x08004e0a        0x2 CMakeFiles/VCU2.0.elf.dir/Drivers/STM32F4xx_HAL_Driver/Src/stm32f4xx_hal_tim.c.obj
                0x08004e0a                HAL_TIM_TriggerCallback
 .text.HAL_TIM_IRQHandler
                0x08004e0c      0x15e CMakeFiles/VCU2.0.elf.dir/Drivers/STM32F4xx_HAL_Driver/Src/stm32f4xx_hal_tim.c.obj
                0x08004e0c                HAL_TIM_IRQHandler
 *fill*         0x08004f6a        0x2 
 .text.TIM_Base_SetConfig
                0x08004f6c       0xd8 CMakeFiles/VCU2.0.elf.dir/Drivers/STM32F4xx_HAL_Driver/Src/stm32f4xx_hal_tim.c.obj
                0x08004f6c                TIM_Base_SetConfig
 .text.HAL_TIM_Base_Init
                0x08005044       0x58 CMakeFiles/VCU2.0.elf.dir/Drivers/STM32F4xx_HAL_Driver/Src/stm32f4xx_hal_tim.c.obj
                0x08005044                HAL_TIM_Base_Init
 .text.HAL_TIM_IC_Init
                0x0800509c       0x58 CMakeFiles/VCU2.0.elf.dir/Drivers/STM32F4xx_HAL_Driver/Src/stm32f4xx_hal_tim.c.obj
                0x0800509c                HAL_TIM_IC_Init
 .text.TIM_TI1_SetConfig
                0x080050f4       0x7c CMakeFiles/VCU2.0.elf.dir/Drivers/STM32F4xx_HAL_Driver/Src/stm32f4xx_hal_tim.c.obj
                0x080050f4                TIM_TI1_SetConfig
 .text.HAL_TIM_IC_ConfigChannel
                0x08005170       0xc4 CMakeFiles/VCU2.0.elf.dir/Drivers/STM32F4xx_HAL_Driver/Src/stm32f4xx_hal_tim.c.obj
                0x08005170                HAL_TIM_IC_ConfigChannel
 .text.TIM_ETR_SetConfig
                0x08005234       0x1a CMakeFiles/VCU2.0.elf.dir/Drivers/STM32F4xx_HAL_Driver/Src/stm32f4xx_hal_tim.c.obj
                0x08005234                TIM_ETR_SetConfig
 .text.TIM_SlaveTimer_SetConfig
                0x0800524e       0xb8 CMakeFiles/VCU2.0.elf.dir/Drivers/STM32F4xx_HAL_Driver/Src/stm32f4xx_hal_tim.c.obj
 .text.HAL_TIM_SlaveConfigSynchro
                0x08005306       0x52 CMakeFiles/VCU2.0.elf.dir/Drivers/STM32F4xx_HAL_Driver/Src/stm32f4xx_hal_tim.c.obj
                0x08005306                HAL_TIM_SlaveConfigSynchro
 .text.HAL_TIMEx_CommutCallback
                0x08005358        0x2 CMakeFiles/VCU2.0.elf.dir/Drivers/STM32F4xx_HAL_Driver/Src/stm32f4xx_hal_tim_ex.c.obj
                0x08005358                HAL_TIMEx_CommutCallback
 .text.HAL_TIMEx_BreakCallback
                0x0800535a        0x2 CMakeFiles/VCU2.0.elf.dir/Drivers/STM32F4xx_HAL_Driver/Src/stm32f4xx_hal_tim_ex.c.obj
                0x0800535a                HAL_TIMEx_BreakCallback
 .text.USART_SetConfig
                0x0800535c      0x11c CMakeFiles/VCU2.0.elf.dir/Drivers/STM32F4xx_HAL_Driver/Src/stm32f4xx_hal_usart.c.obj
 .text.USART_WaitOnFlagUntilTimeout
                0x08005478       0x78 CMakeFiles/VCU2.0.elf.dir/Drivers/STM32F4xx_HAL_Driver/Src/stm32f4xx_hal_usart.c.obj
 .text.HAL_USART_Init
                0x080054f0       0x50 CMakeFiles/VCU2.0.elf.dir/Drivers/STM32F4xx_HAL_Driver/Src/stm32f4xx_hal_usart.c.obj
                0x080054f0                HAL_USART_Init
 .text.HAL_USART_Transmit
                0x08005540       0xd0 CMakeFiles/VCU2.0.elf.dir/Drivers/STM32F4xx_HAL_Driver/Src/stm32f4xx_hal_usart.c.obj
                0x08005540                HAL_USART_Transmit
 .text.SysTick_Handler
                0x08005610       0x18 CMakeFiles/VCU2.0.elf.dir/Middlewares/Third_Party/FreeRTOS/Source/CMSIS_RTOS_V2/cmsis_os2.c.obj
                0x08005610                SysTick_Handler
 .text.osKernelInitialize
                0x08005628       0x24 CMakeFiles/VCU2.0.elf.dir/Middlewares/Third_Party/FreeRTOS/Source/CMSIS_RTOS_V2/cmsis_os2.c.obj
                0x08005628                osKernelInitialize
 .text.osKernelStart
                0x0800564c       0x38 CMakeFiles/VCU2.0.elf.dir/Middlewares/Third_Party/FreeRTOS/Source/CMSIS_RTOS_V2/cmsis_os2.c.obj
                0x0800564c                osKernelStart
 .text.osThreadNew
                0x08005684       0xbe CMakeFiles/VCU2.0.elf.dir/Middlewares/Third_Party/FreeRTOS/Source/CMSIS_RTOS_V2/cmsis_os2.c.obj
                0x08005684                osThreadNew
 .text.osThreadFlagsSet
                0x08005742       0x72 CMakeFiles/VCU2.0.elf.dir/Middlewares/Third_Party/FreeRTOS/Source/CMSIS_RTOS_V2/cmsis_os2.c.obj
                0x08005742                osThreadFlagsSet
 .text.osDelay  0x080057b4       0x1c CMakeFiles/VCU2.0.elf.dir/Middlewares/Third_Party/FreeRTOS/Source/CMSIS_RTOS_V2/cmsis_os2.c.obj
                0x080057b4                osDelay
 .text.vApplicationGetIdleTaskMemory
                0x080057d0       0x18 CMakeFiles/VCU2.0.elf.dir/Middlewares/Third_Party/FreeRTOS/Source/CMSIS_RTOS_V2/cmsis_os2.c.obj
                0x080057d0                vApplicationGetIdleTaskMemory
 .text.vApplicationGetTimerTaskMemory
                0x080057e8       0x18 CMakeFiles/VCU2.0.elf.dir/Middlewares/Third_Party/FreeRTOS/Source/CMSIS_RTOS_V2/cmsis_os2.c.obj
                0x080057e8                vApplicationGetTimerTaskMemory
 .text.prvTestWaitCondition
                0x08005800       0x1a CMakeFiles/VCU2.0.elf.dir/Middlewares/Third_Party/FreeRTOS/Source/event_groups.c.obj
 .text.xEventGroupCreate
                0x0800581a       0x1c CMakeFiles/VCU2.0.elf.dir/Middlewares/Third_Party/FreeRTOS/Source/event_groups.c.obj
                0x0800581a                xEventGroupCreate
 .text.xEventGroupWaitBits
                0x08005836      0x10a CMakeFiles/VCU2.0.elf.dir/Middlewares/Third_Party/FreeRTOS/Source/event_groups.c.obj
                0x08005836                xEventGroupWaitBits
 .text.xEventGroupSetBits
                0x08005940       0x8e CMakeFiles/VCU2.0.elf.dir/Middlewares/Third_Party/FreeRTOS/Source/event_groups.c.obj
                0x08005940                xEventGroupSetBits
 .text.vListInitialise
                0x080059ce       0x16 CMakeFiles/VCU2.0.elf.dir/Middlewares/Third_Party/FreeRTOS/Source/list.c.obj
                0x080059ce                vListInitialise
 .text.vListInitialiseItem
                0x080059e4        0x6 CMakeFiles/VCU2.0.elf.dir/Middlewares/Third_Party/FreeRTOS/Source/list.c.obj
                0x080059e4                vListInitialiseItem
 .text.vListInsertEnd
                0x080059ea       0x16 CMakeFiles/VCU2.0.elf.dir/Middlewares/Third_Party/FreeRTOS/Source/list.c.obj
                0x080059ea                vListInsertEnd
 .text.vListInsert
                0x08005a00       0x32 CMakeFiles/VCU2.0.elf.dir/Middlewares/Third_Party/FreeRTOS/Source/list.c.obj
                0x08005a00                vListInsert
 .text.uxListRemove
                0x08005a32       0x26 CMakeFiles/VCU2.0.elf.dir/Middlewares/Third_Party/FreeRTOS/Source/list.c.obj
                0x08005a32                uxListRemove
 .text.prvTaskExitError
                0x08005a58       0x40 CMakeFiles/VCU2.0.elf.dir/Middlewares/Third_Party/FreeRTOS/Source/portable/GCC/ARM_CM4F/port.c.obj
 .text.prvPortStartFirstTask
                0x08005a98       0x28 CMakeFiles/VCU2.0.elf.dir/Middlewares/Third_Party/FreeRTOS/Source/portable/GCC/ARM_CM4F/port.c.obj
 .text.vPortEnableVFP
                0x08005ac0       0x14 CMakeFiles/VCU2.0.elf.dir/Middlewares/Third_Party/FreeRTOS/Source/portable/GCC/ARM_CM4F/port.c.obj
 .text.pxPortInitialiseStack
                0x08005ad4       0x2c CMakeFiles/VCU2.0.elf.dir/Middlewares/Third_Party/FreeRTOS/Source/portable/GCC/ARM_CM4F/port.c.obj
                0x08005ad4                pxPortInitialiseStack
 .text.SVC_Handler
                0x08005b00       0x24 CMakeFiles/VCU2.0.elf.dir/Middlewares/Third_Party/FreeRTOS/Source/portable/GCC/ARM_CM4F/port.c.obj
                0x08005b00                SVC_Handler
 .text.vPortEnterCritical
                0x08005b24       0x44 CMakeFiles/VCU2.0.elf.dir/Middlewares/Third_Party/FreeRTOS/Source/portable/GCC/ARM_CM4F/port.c.obj
                0x08005b24                vPortEnterCritical
 .text.vPortExitCritical
                0x08005b68       0x2c CMakeFiles/VCU2.0.elf.dir/Middlewares/Third_Party/FreeRTOS/Source/portable/GCC/ARM_CM4F/port.c.obj
                0x08005b68                vPortExitCritical
 *fill*         0x08005b94        0xc 
 .text.PendSV_Handler
                0x08005ba0       0x64 CMakeFiles/VCU2.0.elf.dir/Middlewares/Third_Party/FreeRTOS/Source/portable/GCC/ARM_CM4F/port.c.obj
                0x08005ba0                PendSV_Handler
 .text.xPortSysTickHandler
                0x08005c04       0x2c CMakeFiles/VCU2.0.elf.dir/Middlewares/Third_Party/FreeRTOS/Source/portable/GCC/ARM_CM4F/port.c.obj
                0x08005c04                xPortSysTickHandler
 .text.vPortSetupTimerInterrupt
                0x08005c30       0x28 CMakeFiles/VCU2.0.elf.dir/Middlewares/Third_Party/FreeRTOS/Source/portable/GCC/ARM_CM4F/port.c.obj
                0x08005c30                vPortSetupTimerInterrupt
 .text.xPortStartScheduler
                0x08005c58      0x118 CMakeFiles/VCU2.0.elf.dir/Middlewares/Third_Party/FreeRTOS/Source/portable/GCC/ARM_CM4F/port.c.obj
                0x08005c58                xPortStartScheduler
 .text.vPortValidateInterruptPriority
                0x08005d70       0x5c CMakeFiles/VCU2.0.elf.dir/Middlewares/Third_Party/FreeRTOS/Source/portable/GCC/ARM_CM4F/port.c.obj
                0x08005d70                vPortValidateInterruptPriority
 .text.prvHeapInit
                0x08005dcc       0x68 CMakeFiles/VCU2.0.elf.dir/Middlewares/Third_Party/FreeRTOS/Source/portable/MemMang/heap_4.c.obj
 .text.prvInsertBlockIntoFreeList
                0x08005e34       0x64 CMakeFiles/VCU2.0.elf.dir/Middlewares/Third_Party/FreeRTOS/Source/portable/MemMang/heap_4.c.obj
 .text.pvPortMalloc
                0x08005e98      0x104 CMakeFiles/VCU2.0.elf.dir/Middlewares/Third_Party/FreeRTOS/Source/portable/MemMang/heap_4.c.obj
                0x08005e98                pvPortMalloc
 .text.vPortFree
                0x08005f9c       0x7c CMakeFiles/VCU2.0.elf.dir/Middlewares/Third_Party/FreeRTOS/Source/portable/MemMang/heap_4.c.obj
                0x08005f9c                vPortFree
 .text.prvGetDisinheritPriorityAfterTimeout
                0x08006018       0x10 CMakeFiles/VCU2.0.elf.dir/Middlewares/Third_Party/FreeRTOS/Source/queue.c.obj
 .text.prvIsQueueFull
                0x08006028       0x1e CMakeFiles/VCU2.0.elf.dir/Middlewares/Third_Party/FreeRTOS/Source/queue.c.obj
 .text.prvIsQueueEmpty
                0x08006046       0x1a CMakeFiles/VCU2.0.elf.dir/Middlewares/Third_Party/FreeRTOS/Source/queue.c.obj
 .text.prvCopyDataToQueue
                0x08006060       0x76 CMakeFiles/VCU2.0.elf.dir/Middlewares/Third_Party/FreeRTOS/Source/queue.c.obj
 .text.prvCopyDataFromQueue
                0x080060d6       0x24 CMakeFiles/VCU2.0.elf.dir/Middlewares/Third_Party/FreeRTOS/Source/queue.c.obj
 .text.prvUnlockQueue
                0x080060fa       0x6e CMakeFiles/VCU2.0.elf.dir/Middlewares/Third_Party/FreeRTOS/Source/queue.c.obj
 .text.xQueueGenericReset
                0x08006168       0x84 CMakeFiles/VCU2.0.elf.dir/Middlewares/Third_Party/FreeRTOS/Source/queue.c.obj
                0x08006168                xQueueGenericReset
 .text.prvInitialiseNewQueue
                0x080061ec       0x22 CMakeFiles/VCU2.0.elf.dir/Middlewares/Third_Party/FreeRTOS/Source/queue.c.obj
 .text.xQueueGenericCreateStatic
                0x0800620e       0x94 CMakeFiles/VCU2.0.elf.dir/Middlewares/Third_Party/FreeRTOS/Source/queue.c.obj
                0x0800620e                xQueueGenericCreateStatic
 .text.xQueueGenericCreate
                0x080062a2       0x48 CMakeFiles/VCU2.0.elf.dir/Middlewares/Third_Party/FreeRTOS/Source/queue.c.obj
                0x080062a2                xQueueGenericCreate
 .text.xQueueGenericSend
                0x080062ea      0x188 CMakeFiles/VCU2.0.elf.dir/Middlewares/Third_Party/FreeRTOS/Source/queue.c.obj
                0x080062ea                xQueueGenericSend
 .text.prvInitialiseMutex
                0x08006472       0x18 CMakeFiles/VCU2.0.elf.dir/Middlewares/Third_Party/FreeRTOS/Source/queue.c.obj
 .text.xQueueCreateMutex
                0x0800648a       0x16 CMakeFiles/VCU2.0.elf.dir/Middlewares/Third_Party/FreeRTOS/Source/queue.c.obj
                0x0800648a                xQueueCreateMutex
 .text.xQueueGenericSendFromISR
                0x080064a0       0xce CMakeFiles/VCU2.0.elf.dir/Middlewares/Third_Party/FreeRTOS/Source/queue.c.obj
                0x080064a0                xQueueGenericSendFromISR
 .text.xQueueReceive
                0x0800656e      0x15e CMakeFiles/VCU2.0.elf.dir/Middlewares/Third_Party/FreeRTOS/Source/queue.c.obj
                0x0800656e                xQueueReceive
 .text.xQueueSemaphoreTake
                0x080066cc      0x1a6 CMakeFiles/VCU2.0.elf.dir/Middlewares/Third_Party/FreeRTOS/Source/queue.c.obj
                0x080066cc                xQueueSemaphoreTake
 *fill*         0x08006872        0x2 
 .text.vQueueAddToRegistry
                0x08006874       0x28 CMakeFiles/VCU2.0.elf.dir/Middlewares/Third_Party/FreeRTOS/Source/queue.c.obj
                0x08006874                vQueueAddToRegistry
 .text.vQueueWaitForMessageRestricted
                0x0800689c       0x52 CMakeFiles/VCU2.0.elf.dir/Middlewares/Third_Party/FreeRTOS/Source/queue.c.obj
                0x0800689c                vQueueWaitForMessageRestricted
 *fill*         0x080068ee        0x2 
 .text.prvResetNextTaskUnblockTime
                0x080068f0       0x2c CMakeFiles/VCU2.0.elf.dir/Middlewares/Third_Party/FreeRTOS/Source/tasks.c.obj
 .text.prvInitialiseNewTask
                0x0800691c      0x104 CMakeFiles/VCU2.0.elf.dir/Middlewares/Third_Party/FreeRTOS/Source/tasks.c.obj
 .text.prvInitialiseTaskLists
                0x08006a20       0x68 CMakeFiles/VCU2.0.elf.dir/Middlewares/Third_Party/FreeRTOS/Source/tasks.c.obj
 .text.prvAddNewTaskToReadyList
                0x08006a88       0xac CMakeFiles/VCU2.0.elf.dir/Middlewares/Third_Party/FreeRTOS/Source/tasks.c.obj
 .text.prvDeleteTCB
                0x08006b34       0x40 CMakeFiles/VCU2.0.elf.dir/Middlewares/Third_Party/FreeRTOS/Source/tasks.c.obj
 .text.prvCheckTasksWaitingTermination
                0x08006b74       0x4c CMakeFiles/VCU2.0.elf.dir/Middlewares/Third_Party/FreeRTOS/Source/tasks.c.obj
 .text.prvIdleTask
                0x08006bc0       0x28 CMakeFiles/VCU2.0.elf.dir/Middlewares/Third_Party/FreeRTOS/Source/tasks.c.obj
 .text.prvAddCurrentTaskToDelayedList
                0x08006be8       0x7c CMakeFiles/VCU2.0.elf.dir/Middlewares/Third_Party/FreeRTOS/Source/tasks.c.obj
 .text.xTaskCreateStatic
                0x08006c64       0x7a CMakeFiles/VCU2.0.elf.dir/Middlewares/Third_Party/FreeRTOS/Source/tasks.c.obj
                0x08006c64                xTaskCreateStatic
 .text.xTaskCreate
                0x08006cde       0x66 CMakeFiles/VCU2.0.elf.dir/Middlewares/Third_Party/FreeRTOS/Source/tasks.c.obj
                0x08006cde                xTaskCreate
 .text.vTaskStartScheduler
                0x08006d44       0xac CMakeFiles/VCU2.0.elf.dir/Middlewares/Third_Party/FreeRTOS/Source/tasks.c.obj
                0x08006d44                vTaskStartScheduler
 .text.vTaskSuspendAll
                0x08006df0       0x10 CMakeFiles/VCU2.0.elf.dir/Middlewares/Third_Party/FreeRTOS/Source/tasks.c.obj
                0x08006df0                vTaskSuspendAll
 .text.xTaskGetTickCount
                0x08006e00        0xc CMakeFiles/VCU2.0.elf.dir/Middlewares/Third_Party/FreeRTOS/Source/tasks.c.obj
                0x08006e00                xTaskGetTickCount
 .text.xTaskIncrementTick
                0x08006e0c      0x118 CMakeFiles/VCU2.0.elf.dir/Middlewares/Third_Party/FreeRTOS/Source/tasks.c.obj
                0x08006e0c                xTaskIncrementTick
 .text.xTaskResumeAll
                0x08006f24       0xf8 CMakeFiles/VCU2.0.elf.dir/Middlewares/Third_Party/FreeRTOS/Source/tasks.c.obj
                0x08006f24                xTaskResumeAll
 .text.vTaskDelay
                0x0800701c       0x4c CMakeFiles/VCU2.0.elf.dir/Middlewares/Third_Party/FreeRTOS/Source/tasks.c.obj
                0x0800701c                vTaskDelay
 .text.vTaskSwitchContext
                0x08007068       0xa4 CMakeFiles/VCU2.0.elf.dir/Middlewares/Third_Party/FreeRTOS/Source/tasks.c.obj
                0x08007068                vTaskSwitchContext
 .text.vTaskPlaceOnEventList
                0x0800710c       0x30 CMakeFiles/VCU2.0.elf.dir/Middlewares/Third_Party/FreeRTOS/Source/tasks.c.obj
                0x0800710c                vTaskPlaceOnEventList
 .text.vTaskPlaceOnUnorderedEventList
                0x0800713c       0x58 CMakeFiles/VCU2.0.elf.dir/Middlewares/Third_Party/FreeRTOS/Source/tasks.c.obj
                0x0800713c                vTaskPlaceOnUnorderedEventList
 .text.vTaskPlaceOnEventListRestricted
                0x08007194       0x38 CMakeFiles/VCU2.0.elf.dir/Middlewares/Third_Party/FreeRTOS/Source/tasks.c.obj
                0x08007194                vTaskPlaceOnEventListRestricted
 .text.xTaskRemoveFromEventList
                0x080071cc       0x8c CMakeFiles/VCU2.0.elf.dir/Middlewares/Third_Party/FreeRTOS/Source/tasks.c.obj
                0x080071cc                xTaskRemoveFromEventList
 .text.vTaskRemoveFromUnorderedEventList
                0x08007258       0x88 CMakeFiles/VCU2.0.elf.dir/Middlewares/Third_Party/FreeRTOS/Source/tasks.c.obj
                0x08007258                vTaskRemoveFromUnorderedEventList
 .text.vTaskInternalSetTimeOutState
                0x080072e0       0x18 CMakeFiles/VCU2.0.elf.dir/Middlewares/Third_Party/FreeRTOS/Source/tasks.c.obj
                0x080072e0                vTaskInternalSetTimeOutState
 .text.xTaskCheckForTimeOut
                0x080072f8       0x84 CMakeFiles/VCU2.0.elf.dir/Middlewares/Third_Party/FreeRTOS/Source/tasks.c.obj
                0x080072f8                xTaskCheckForTimeOut
 .text.vTaskMissedYield
                0x0800737c        0xc CMakeFiles/VCU2.0.elf.dir/Middlewares/Third_Party/FreeRTOS/Source/tasks.c.obj
                0x0800737c                vTaskMissedYield
 .text.xTaskGetSchedulerState
                0x08007388       0x20 CMakeFiles/VCU2.0.elf.dir/Middlewares/Third_Party/FreeRTOS/Source/tasks.c.obj
                0x08007388                xTaskGetSchedulerState
 .text.xTaskPriorityInherit
                0x080073a8       0x98 CMakeFiles/VCU2.0.elf.dir/Middlewares/Third_Party/FreeRTOS/Source/tasks.c.obj
                0x080073a8                xTaskPriorityInherit
 .text.xTaskPriorityDisinherit
                0x08007440       0x90 CMakeFiles/VCU2.0.elf.dir/Middlewares/Third_Party/FreeRTOS/Source/tasks.c.obj
                0x08007440                xTaskPriorityDisinherit
 .text.vTaskPriorityDisinheritAfterTimeout
                0x080074d0       0xa0 CMakeFiles/VCU2.0.elf.dir/Middlewares/Third_Party/FreeRTOS/Source/tasks.c.obj
                0x080074d0                vTaskPriorityDisinheritAfterTimeout
 .text.uxTaskResetEventItemValue
                0x08007570       0x18 CMakeFiles/VCU2.0.elf.dir/Middlewares/Third_Party/FreeRTOS/Source/tasks.c.obj
                0x08007570                uxTaskResetEventItemValue
 .text.pvTaskIncrementMutexHeldCount
                0x08007588       0x1c CMakeFiles/VCU2.0.elf.dir/Middlewares/Third_Party/FreeRTOS/Source/tasks.c.obj
                0x08007588                pvTaskIncrementMutexHeldCount
 .text.xTaskNotifyWait
                0x080075a4       0xa4 CMakeFiles/VCU2.0.elf.dir/Middlewares/Third_Party/FreeRTOS/Source/tasks.c.obj
                0x080075a4                xTaskNotifyWait
 .text.xTaskGenericNotify
                0x08007648      0x108 CMakeFiles/VCU2.0.elf.dir/Middlewares/Third_Party/FreeRTOS/Source/tasks.c.obj
                0x08007648                xTaskGenericNotify
 .text.xTaskGenericNotifyFromISR
                0x08007750      0x138 CMakeFiles/VCU2.0.elf.dir/Middlewares/Third_Party/FreeRTOS/Source/tasks.c.obj
                0x08007750                xTaskGenericNotifyFromISR
 .text.prvGetNextExpireTime
                0x08007888       0x20 CMakeFiles/VCU2.0.elf.dir/Middlewares/Third_Party/FreeRTOS/Source/timers.c.obj
 .text.prvInsertTimerInActiveList
                0x080078a8       0x48 CMakeFiles/VCU2.0.elf.dir/Middlewares/Third_Party/FreeRTOS/Source/timers.c.obj
 .text.prvCheckForValidListAndQueue
                0x080078f0       0x70 CMakeFiles/VCU2.0.elf.dir/Middlewares/Third_Party/FreeRTOS/Source/timers.c.obj
 .text.xTimerCreateTimerTask
                0x08007960       0x64 CMakeFiles/VCU2.0.elf.dir/Middlewares/Third_Party/FreeRTOS/Source/timers.c.obj
                0x08007960                xTimerCreateTimerTask
 .text.xTimerGenericCommand
                0x080079c4       0x6c CMakeFiles/VCU2.0.elf.dir/Middlewares/Third_Party/FreeRTOS/Source/timers.c.obj
                0x080079c4                xTimerGenericCommand
 .text.prvSwitchTimerLists
                0x08007a30       0x7c CMakeFiles/VCU2.0.elf.dir/Middlewares/Third_Party/FreeRTOS/Source/timers.c.obj
 .text.prvSampleTimeNow
                0x08007aac       0x2c CMakeFiles/VCU2.0.elf.dir/Middlewares/Third_Party/FreeRTOS/Source/timers.c.obj
 .text.prvProcessExpiredTimer
                0x08007ad8       0x6c CMakeFiles/VCU2.0.elf.dir/Middlewares/Third_Party/FreeRTOS/Source/timers.c.obj
 .text.prvProcessTimerOrBlockTask
                0x08007b44       0x74 CMakeFiles/VCU2.0.elf.dir/Middlewares/Third_Party/FreeRTOS/Source/timers.c.obj
 .text.prvProcessReceivedCommands
                0x08007bb8      0x10c CMakeFiles/VCU2.0.elf.dir/Middlewares/Third_Party/FreeRTOS/Source/timers.c.obj
 .text.prvTimerTask
                0x08007cc4       0x16 CMakeFiles/VCU2.0.elf.dir/Middlewares/Third_Party/FreeRTOS/Source/timers.c.obj
 *fill*         0x08007cda        0x2 
 .text.__udivmoddi4
                0x08007cdc      0x2bc c:/progra~2/armgnu~1/125863~1.3re/bin/../lib/gcc/arm-none-eabi/12.3.1/thumb/v7e-m+fp/hard\libgcc.a(_udivmoddi4.o)
                0x08007cdc                __udivmoddi4
 .text.__assert_func
                0x08007f98       0x40 c:/progra~2/armgnu~1/125863~1.3re/bin/../lib/gcc/arm-none-eabi/12.3.1/thumb/v7e-m+fp/hard\libg.a(libc_a-assert.o)
                0x08007f98                __assert_func
 .text.itoa     0x08007fd8       0x2c c:/progra~2/armgnu~1/125863~1.3re/bin/../lib/gcc/arm-none-eabi/12.3.1/thumb/v7e-m+fp/hard\libg.a(libc_a-itoa.o)
                0x08007fd8                itoa
 .text.malloc   0x08008004       0x10 c:/progra~2/armgnu~1/125863~1.3re/bin/../lib/gcc/arm-none-eabi/12.3.1/thumb/v7e-m+fp/hard\libg.a(libc_a-malloc.o)
                0x08008004                malloc
 .text.free     0x08008014       0x10 c:/progra~2/armgnu~1/125863~1.3re/bin/../lib/gcc/arm-none-eabi/12.3.1/thumb/v7e-m+fp/hard\libg.a(libc_a-malloc.o)
                0x08008014                free
 .text._malloc_r
                0x08008024      0x574 c:/progra~2/armgnu~1/125863~1.3re/bin/../lib/gcc/arm-none-eabi/12.3.1/thumb/v7e-m+fp/hard\libg.a(libc_a-mallocr.o)
                0x08008024                _malloc_r
 .text.__malloc_lock
                0x08008598        0xc c:/progra~2/armgnu~1/125863~1.3re/bin/../lib/gcc/arm-none-eabi/12.3.1/thumb/v7e-m+fp/hard\libg.a(libc_a-mlock.o)
                0x08008598                __malloc_lock
 .text.__malloc_unlock
                0x080085a4        0xc c:/progra~2/armgnu~1/125863~1.3re/bin/../lib/gcc/arm-none-eabi/12.3.1/thumb/v7e-m+fp/hard\libg.a(libc_a-mlock.o)
                0x080085a4                __malloc_unlock
 .text.__utoa   0x080085b0       0x9c c:/progra~2/armgnu~1/125863~1.3re/bin/../lib/gcc/arm-none-eabi/12.3.1/thumb/v7e-m+fp/hard\libg.a(libc_a-utoa.o)
                0x080085b0                __utoa
 .text.fiprintf
                0x0800864c       0x28 c:/progra~2/armgnu~1/125863~1.3re/bin/../lib/gcc/arm-none-eabi/12.3.1/thumb/v7e-m+fp/hard\libg.a(libc_a-fiprintf.o)
                0x0800864c                fiprintf
 .text.__sprint_r.part.0
                0x08008674       0x78 c:/progra~2/armgnu~1/125863~1.3re/bin/../lib/gcc/arm-none-eabi/12.3.1/thumb/v7e-m+fp/hard\libg.a(libc_a-vfiprintf.o)
 .text._vfiprintf_r
                0x080086ec      0xfa8 c:/progra~2/armgnu~1/125863~1.3re/bin/../lib/gcc/arm-none-eabi/12.3.1/thumb/v7e-m+fp/hard\libg.a(libc_a-vfiprintf.o)
                0x080086ec                _vfiprintf_r
 .text.__sbprintf
                0x08009694       0x80 c:/progra~2/armgnu~1/125863~1.3re/bin/../lib/gcc/arm-none-eabi/12.3.1/thumb/v7e-m+fp/hard\libg.a(libc_a-vfiprintf.o)
 .text.__sflush_r
                0x08009714      0x138 c:/progra~2/armgnu~1/125863~1.3re/bin/../lib/gcc/arm-none-eabi/12.3.1/thumb/v7e-m+fp/hard\libg.a(libc_a-fflush.o)
                0x08009714                __sflush_r
 .text._fflush_r
                0x0800984c       0x54 c:/progra~2/armgnu~1/125863~1.3re/bin/../lib/gcc/arm-none-eabi/12.3.1/thumb/v7e-m+fp/hard\libg.a(libc_a-fflush.o)
                0x0800984c                _fflush_r
 .text.stdio_exit_handler
                0x080098a0       0x18 c:/progra~2/armgnu~1/125863~1.3re/bin/../lib/gcc/arm-none-eabi/12.3.1/thumb/v7e-m+fp/hard\libg.a(libc_a-findfp.o)
 .text.cleanup_stdio
                0x080098b8       0x40 c:/progra~2/armgnu~1/125863~1.3re/bin/../lib/gcc/arm-none-eabi/12.3.1/thumb/v7e-m+fp/hard\libg.a(libc_a-findfp.o)
 .text.global_stdio_init.part.0
                0x080098f8       0xf0 c:/progra~2/armgnu~1/125863~1.3re/bin/../lib/gcc/arm-none-eabi/12.3.1/thumb/v7e-m+fp/hard\libg.a(libc_a-findfp.o)
 .text.__sinit  0x080099e8       0x3c c:/progra~2/armgnu~1/125863~1.3re/bin/../lib/gcc/arm-none-eabi/12.3.1/thumb/v7e-m+fp/hard\libg.a(libc_a-findfp.o)
                0x080099e8                __sinit
 .text.__sfp_lock_acquire
                0x08009a24        0xc c:/progra~2/armgnu~1/125863~1.3re/bin/../lib/gcc/arm-none-eabi/12.3.1/thumb/v7e-m+fp/hard\libg.a(libc_a-findfp.o)
                0x08009a24                __sfp_lock_acquire
 .text.__sfp_lock_release
                0x08009a30        0xc c:/progra~2/armgnu~1/125863~1.3re/bin/../lib/gcc/arm-none-eabi/12.3.1/thumb/v7e-m+fp/hard\libg.a(libc_a-findfp.o)
                0x08009a30                __sfp_lock_release
 .text.__sfvwrite_r
                0x08009a3c      0x300 c:/progra~2/armgnu~1/125863~1.3re/bin/../lib/gcc/arm-none-eabi/12.3.1/thumb/v7e-m+fp/hard\libg.a(libc_a-fvwrite.o)
                0x08009a3c                __sfvwrite_r
 .text._fwalk_sglue
                0x08009d3c       0x48 c:/progra~2/armgnu~1/125863~1.3re/bin/../lib/gcc/arm-none-eabi/12.3.1/thumb/v7e-m+fp/hard\libg.a(libc_a-fwalk.o)
                0x08009d3c                _fwalk_sglue
 .text.snprintf
                0x08009d84       0x88 c:/progra~2/armgnu~1/125863~1.3re/bin/../lib/gcc/arm-none-eabi/12.3.1/thumb/v7e-m+fp/hard\libg.a(libc_a-snprintf.o)
                0x08009d84                snprintf
 .text.sprintf  0x08009e0c       0x40 c:/progra~2/armgnu~1/125863~1.3re/bin/../lib/gcc/arm-none-eabi/12.3.1/thumb/v7e-m+fp/hard\libg.a(libc_a-sprintf.o)
                0x08009e0c                sprintf
 .text.__sread  0x08009e4c       0x24 c:/progra~2/armgnu~1/125863~1.3re/bin/../lib/gcc/arm-none-eabi/12.3.1/thumb/v7e-m+fp/hard\libg.a(libc_a-stdio.o)
                0x08009e4c                __sread
 .text.__swrite
                0x08009e70       0x40 c:/progra~2/armgnu~1/125863~1.3re/bin/../lib/gcc/arm-none-eabi/12.3.1/thumb/v7e-m+fp/hard\libg.a(libc_a-stdio.o)
                0x08009e70                __swrite
 .text.__sseek  0x08009eb0       0x24 c:/progra~2/armgnu~1/125863~1.3re/bin/../lib/gcc/arm-none-eabi/12.3.1/thumb/v7e-m+fp/hard\libg.a(libc_a-stdio.o)
                0x08009eb0                __sseek
 .text.__sclose
                0x08009ed4        0x8 c:/progra~2/armgnu~1/125863~1.3re/bin/../lib/gcc/arm-none-eabi/12.3.1/thumb/v7e-m+fp/hard\libg.a(libc_a-stdio.o)
                0x08009ed4                __sclose
 .text.__swsetup_r
                0x08009edc       0xc0 c:/progra~2/armgnu~1/125863~1.3re/bin/../lib/gcc/arm-none-eabi/12.3.1/thumb/v7e-m+fp/hard\libg.a(libc_a-wsetup.o)
                0x08009edc                __swsetup_r
 .text.__fputwc
                0x08009f9c       0x7c c:/progra~2/armgnu~1/125863~1.3re/bin/../lib/gcc/arm-none-eabi/12.3.1/thumb/v7e-m+fp/hard\libg.a(libc_a-fputwc.o)
                0x08009f9c                __fputwc
 .text._fputwc_r
                0x0800a018       0x60 c:/progra~2/armgnu~1/125863~1.3re/bin/../lib/gcc/arm-none-eabi/12.3.1/thumb/v7e-m+fp/hard\libg.a(libc_a-fputwc.o)
                0x0800a018                _fputwc_r
 .text.memmove  0x0800a078      0x100 c:/progra~2/armgnu~1/125863~1.3re/bin/../lib/gcc/arm-none-eabi/12.3.1/thumb/v7e-m+fp/hard\libg.a(libc_a-memmove.o)
                0x0800a078                memmove
 .text.memset   0x0800a178       0xa4 c:/progra~2/armgnu~1/125863~1.3re/bin/../lib/gcc/arm-none-eabi/12.3.1/thumb/v7e-m+fp/hard\libg.a(libc_a-memset.o)
                0x0800a178                memset
 .text.strncpy  0x0800a21c       0x68 c:/progra~2/armgnu~1/125863~1.3re/bin/../lib/gcc/arm-none-eabi/12.3.1/thumb/v7e-m+fp/hard\libg.a(libc_a-strncpy.o)
                0x0800a21c                strncpy
 .text.__locale_mb_cur_max
                0x0800a284        0xc c:/progra~2/armgnu~1/125863~1.3re/bin/../lib/gcc/arm-none-eabi/12.3.1/thumb/v7e-m+fp/hard\libg.a(libc_a-locale.o)
                0x0800a284                __locale_mb_cur_max
 .text._localeconv_r
                0x0800a290        0x8 c:/progra~2/armgnu~1/125863~1.3re/bin/../lib/gcc/arm-none-eabi/12.3.1/thumb/v7e-m+fp/hard\libg.a(libc_a-localeconv.o)
                0x0800a290                _localeconv_r
 .text._close_r
                0x0800a298       0x24 c:/progra~2/armgnu~1/125863~1.3re/bin/../lib/gcc/arm-none-eabi/12.3.1/thumb/v7e-m+fp/hard\libg.a(libc_a-closer.o)
                0x0800a298                _close_r
 .text._reclaim_reent
                0x0800a2bc       0x5c c:/progra~2/armgnu~1/125863~1.3re/bin/../lib/gcc/arm-none-eabi/12.3.1/thumb/v7e-m+fp/hard\libg.a(libc_a-reent.o)
                0x0800a2bc                _reclaim_reent
 .text._lseek_r
                0x0800a318       0x2c c:/progra~2/armgnu~1/125863~1.3re/bin/../lib/gcc/arm-none-eabi/12.3.1/thumb/v7e-m+fp/hard\libg.a(libc_a-lseekr.o)
                0x0800a318                _lseek_r
 .text._read_r  0x0800a344       0x2c c:/progra~2/armgnu~1/125863~1.3re/bin/../lib/gcc/arm-none-eabi/12.3.1/thumb/v7e-m+fp/hard\libg.a(libc_a-readr.o)
                0x0800a344                _read_r
 .text._sbrk_r  0x0800a370       0x24 c:/progra~2/armgnu~1/125863~1.3re/bin/../lib/gcc/arm-none-eabi/12.3.1/thumb/v7e-m+fp/hard\libg.a(libc_a-sbrkr.o)
                0x0800a370                _sbrk_r
 .text._write_r
                0x0800a394       0x2c c:/progra~2/armgnu~1/125863~1.3re/bin/../lib/gcc/arm-none-eabi/12.3.1/thumb/v7e-m+fp/hard\libg.a(libc_a-writer.o)
                0x0800a394                _write_r
 .text.__errno  0x0800a3c0        0xc c:/progra~2/armgnu~1/125863~1.3re/bin/../lib/gcc/arm-none-eabi/12.3.1/thumb/v7e-m+fp/hard\libg.a(libc_a-errno.o)
                0x0800a3c0                __errno
 .text.__libc_init_array
                0x0800a3cc       0x50 c:/progra~2/armgnu~1/125863~1.3re/bin/../lib/gcc/arm-none-eabi/12.3.1/thumb/v7e-m+fp/hard\libg.a(libc_a-init.o)
                0x0800a3cc                __libc_init_array
 .text.sysconf  0x0800a41c       0x1c c:/progra~2/armgnu~1/125863~1.3re/bin/../lib/gcc/arm-none-eabi/12.3.1/thumb/v7e-m+fp/hard\libg.a(libc_a-sysconf.o)
                0x0800a41c                sysconf
 .text.strcpy   0x0800a438       0xbc c:/progra~2/armgnu~1/125863~1.3re/bin/../lib/gcc/arm-none-eabi/12.3.1/thumb/v7e-m+fp/hard\libg.a(libc_a-strcpy.o)
                0x0800a438                strcpy
 .text.startup.register_fini
                0x0800a4f4       0x14 c:/progra~2/armgnu~1/125863~1.3re/bin/../lib/gcc/arm-none-eabi/12.3.1/thumb/v7e-m+fp/hard\libg.a(libc_a-__call_atexit.o)
 .text.abort    0x0800a508       0x10 c:/progra~2/armgnu~1/125863~1.3re/bin/../lib/gcc/arm-none-eabi/12.3.1/thumb/v7e-m+fp/hard\libg.a(libc_a-abort.o)
                0x0800a508                abort
 .text.atexit   0x0800a518        0xc c:/progra~2/armgnu~1/125863~1.3re/bin/../lib/gcc/arm-none-eabi/12.3.1/thumb/v7e-m+fp/hard\libg.a(libc_a-atexit.o)
                0x0800a518                atexit
 .text._malloc_trim_r
                0x0800a524       0xb8 c:/progra~2/armgnu~1/125863~1.3re/bin/../lib/gcc/arm-none-eabi/12.3.1/thumb/v7e-m+fp/hard\libg.a(libc_a-freer.o)
                0x0800a524                _malloc_trim_r
 .text._free_r  0x0800a5dc      0x1fc c:/progra~2/armgnu~1/125863~1.3re/bin/../lib/gcc/arm-none-eabi/12.3.1/thumb/v7e-m+fp/hard\libg.a(libc_a-freer.o)
                0x0800a5dc                _free_r
 .text.__ascii_mbtowc
                0x0800a7d8       0x2c c:/progra~2/armgnu~1/125863~1.3re/bin/../lib/gcc/arm-none-eabi/12.3.1/thumb/v7e-m+fp/hard\libg.a(libc_a-mbtowc_r.o)
                0x0800a7d8                __ascii_mbtowc
 .text._realloc_r
                0x0800a804      0x344 c:/progra~2/armgnu~1/125863~1.3re/bin/../lib/gcc/arm-none-eabi/12.3.1/thumb/v7e-m+fp/hard\libg.a(libc_a-reallocr.o)
                0x0800a804                _realloc_r
 .text.__ascii_wctomb
                0x0800ab48       0x1c c:/progra~2/armgnu~1/125863~1.3re/bin/../lib/gcc/arm-none-eabi/12.3.1/thumb/v7e-m+fp/hard\libg.a(libc_a-wctomb_r.o)
                0x0800ab48                __ascii_wctomb
 .text._wcrtomb_r
                0x0800ab64       0x4c c:/progra~2/armgnu~1/125863~1.3re/bin/../lib/gcc/arm-none-eabi/12.3.1/thumb/v7e-m+fp/hard\libg.a(libc_a-wcrtomb.o)
                0x0800ab64                _wcrtomb_r
 .text._wcsrtombs_r
                0x0800abb0       0x18 c:/progra~2/armgnu~1/125863~1.3re/bin/../lib/gcc/arm-none-eabi/12.3.1/thumb/v7e-m+fp/hard\libg.a(libc_a-wcsrtombs.o)
                0x0800abb0                _wcsrtombs_r
 .text._svfprintf_r
                0x0800abc8     0x1bc0 c:/progra~2/armgnu~1/125863~1.3re/bin/../lib/gcc/arm-none-eabi/12.3.1/thumb/v7e-m+fp/hard\libg.a(libc_a-svfprintf.o)
                0x0800abc8                _svfprintf_r
 .text._fclose_r
                0x0800c788       0xc0 c:/progra~2/armgnu~1/125863~1.3re/bin/../lib/gcc/arm-none-eabi/12.3.1/thumb/v7e-m+fp/hard\libg.a(libc_a-fclose.o)
                0x0800c788                _fclose_r
 .text.__smakebuf_r
                0x0800c848       0xdc c:/progra~2/armgnu~1/125863~1.3re/bin/../lib/gcc/arm-none-eabi/12.3.1/thumb/v7e-m+fp/hard\libg.a(libc_a-makebuf.o)
                0x0800c848                __smakebuf_r
 .text.__swbuf_r
                0x0800c924       0xac c:/progra~2/armgnu~1/125863~1.3re/bin/../lib/gcc/arm-none-eabi/12.3.1/thumb/v7e-m+fp/hard\libg.a(libc_a-wbuf.o)
                0x0800c924                __swbuf_r
 .text.raise    0x0800c9d0       0x58 c:/progra~2/armgnu~1/125863~1.3re/bin/../lib/gcc/arm-none-eabi/12.3.1/thumb/v7e-m+fp/hard\libg.a(libc_a-signal.o)
                0x0800c9d0                raise
 .text._fstat_r
                0x0800ca28       0x2c c:/progra~2/armgnu~1/125863~1.3re/bin/../lib/gcc/arm-none-eabi/12.3.1/thumb/v7e-m+fp/hard\libg.a(libc_a-fstatr.o)
                0x0800ca28                _fstat_r
 .text._isatty_r
                0x0800ca54       0x24 c:/progra~2/armgnu~1/125863~1.3re/bin/../lib/gcc/arm-none-eabi/12.3.1/thumb/v7e-m+fp/hard\libg.a(libc_a-isattyr.o)
                0x0800ca54                _isatty_r
 .text._kill_r  0x0800ca78       0x2c c:/progra~2/armgnu~1/125863~1.3re/bin/../lib/gcc/arm-none-eabi/12.3.1/thumb/v7e-m+fp/hard\libg.a(libc_a-signalr.o)
                0x0800ca78                _kill_r
 .text._getpid_r
                0x0800caa4        0x4 c:/progra~2/armgnu~1/125863~1.3re/bin/../lib/gcc/arm-none-eabi/12.3.1/thumb/v7e-m+fp/hard\libg.a(libc_a-signalr.o)
                0x0800caa4                _getpid_r
 .text.__libc_fini_array
                0x0800caa8       0x28 c:/progra~2/armgnu~1/125863~1.3re/bin/../lib/gcc/arm-none-eabi/12.3.1/thumb/v7e-m+fp/hard\libg.a(libc_a-fini.o)
                0x0800caa8                __libc_fini_array
 .text.frexp    0x0800cad0       0x68 c:/progra~2/armgnu~1/125863~1.3re/bin/../lib/gcc/arm-none-eabi/12.3.1/thumb/v7e-m+fp/hard\libg.a(libm_a-s_frexp.o)
                0x0800cad0                frexp
 .text.__register_exitproc
                0x0800cb38       0x80 c:/progra~2/armgnu~1/125863~1.3re/bin/../lib/gcc/arm-none-eabi/12.3.1/thumb/v7e-m+fp/hard\libg.a(libc_a-__atexit.o)
                0x0800cb38                __register_exitproc
 .text.quorem   0x0800cbb8      0x12c c:/progra~2/armgnu~1/125863~1.3re/bin/../lib/gcc/arm-none-eabi/12.3.1/thumb/v7e-m+fp/hard\libg.a(libc_a-dtoa.o)
 *fill*         0x0800cce4        0x4 
 .text._dtoa_r  0x0800cce8      0xe4c c:/progra~2/armgnu~1/125863~1.3re/bin/../lib/gcc/arm-none-eabi/12.3.1/thumb/v7e-m+fp/hard\libg.a(libc_a-dtoa.o)
                0x0800cce8                _dtoa_r
 .text._Balloc  0x0800db34       0x4c c:/progra~2/armgnu~1/125863~1.3re/bin/../lib/gcc/arm-none-eabi/12.3.1/thumb/v7e-m+fp/hard\libg.a(libc_a-mprec.o)
                0x0800db34                _Balloc
 .text._Bfree   0x0800db80       0x14 c:/progra~2/armgnu~1/125863~1.3re/bin/../lib/gcc/arm-none-eabi/12.3.1/thumb/v7e-m+fp/hard\libg.a(libc_a-mprec.o)
                0x0800db80                _Bfree
 .text.__multadd
                0x0800db94       0xa0 c:/progra~2/armgnu~1/125863~1.3re/bin/../lib/gcc/arm-none-eabi/12.3.1/thumb/v7e-m+fp/hard\libg.a(libc_a-mprec.o)
                0x0800db94                __multadd
 .text.__hi0bits
                0x0800dc34       0x44 c:/progra~2/armgnu~1/125863~1.3re/bin/../lib/gcc/arm-none-eabi/12.3.1/thumb/v7e-m+fp/hard\libg.a(libc_a-mprec.o)
                0x0800dc34                __hi0bits
 .text.__lo0bits
                0x0800dc78       0x60 c:/progra~2/armgnu~1/125863~1.3re/bin/../lib/gcc/arm-none-eabi/12.3.1/thumb/v7e-m+fp/hard\libg.a(libc_a-mprec.o)
                0x0800dc78                __lo0bits
 .text.__i2b    0x0800dcd8       0x5c c:/progra~2/armgnu~1/125863~1.3re/bin/../lib/gcc/arm-none-eabi/12.3.1/thumb/v7e-m+fp/hard\libg.a(libc_a-mprec.o)
                0x0800dcd8                __i2b
 .text.__multiply
                0x0800dd34      0x16c c:/progra~2/armgnu~1/125863~1.3re/bin/../lib/gcc/arm-none-eabi/12.3.1/thumb/v7e-m+fp/hard\libg.a(libc_a-mprec.o)
                0x0800dd34                __multiply
 .text.__pow5mult
                0x0800dea0       0xb4 c:/progra~2/armgnu~1/125863~1.3re/bin/../lib/gcc/arm-none-eabi/12.3.1/thumb/v7e-m+fp/hard\libg.a(libc_a-mprec.o)
                0x0800dea0                __pow5mult
 .text.__lshift
                0x0800df54       0xf0 c:/progra~2/armgnu~1/125863~1.3re/bin/../lib/gcc/arm-none-eabi/12.3.1/thumb/v7e-m+fp/hard\libg.a(libc_a-mprec.o)
                0x0800df54                __lshift
 .text.__mcmp   0x0800e044       0x44 c:/progra~2/armgnu~1/125863~1.3re/bin/../lib/gcc/arm-none-eabi/12.3.1/thumb/v7e-m+fp/hard\libg.a(libc_a-mprec.o)
                0x0800e044                __mcmp
 .text.__mdiff  0x0800e088      0x164 c:/progra~2/armgnu~1/125863~1.3re/bin/../lib/gcc/arm-none-eabi/12.3.1/thumb/v7e-m+fp/hard\libg.a(libc_a-mprec.o)
                0x0800e088                __mdiff
 .text.__d2b    0x0800e1ec       0xc0 c:/progra~2/armgnu~1/125863~1.3re/bin/../lib/gcc/arm-none-eabi/12.3.1/thumb/v7e-m+fp/hard\libg.a(libc_a-mprec.o)
                0x0800e1ec                __d2b
 .text._wcsnrtombs_l
                0x0800e2ac       0xfc c:/progra~2/armgnu~1/125863~1.3re/bin/../lib/gcc/arm-none-eabi/12.3.1/thumb/v7e-m+fp/hard\libg.a(libc_a-wcsnrtombs.o)
                0x0800e2ac                _wcsnrtombs_l
 .text._wcsnrtombs_r
                0x0800e3a8       0x24 c:/progra~2/armgnu~1/125863~1.3re/bin/../lib/gcc/arm-none-eabi/12.3.1/thumb/v7e-m+fp/hard\libg.a(libc_a-wcsnrtombs.o)
                0x0800e3a8                _wcsnrtombs_r
 .text.__ssprint_r
                0x0800e3cc      0x108 c:/progra~2/armgnu~1/125863~1.3re/bin/../lib/gcc/arm-none-eabi/12.3.1/thumb/v7e-m+fp/hard\libg.a(libc_a-svfiprintf.o)
                0x0800e3cc                __ssprint_r
 .text._calloc_r
                0x0800e4d4       0x6c c:/progra~2/armgnu~1/125863~1.3re/bin/../lib/gcc/arm-none-eabi/12.3.1/thumb/v7e-m+fp/hard\libg.a(libc_a-callocr.o)
                0x0800e4d4                _calloc_r
 *(.glue_7)
 .glue_7        0x0800e540        0x0 linker stubs
 *(.glue_7t)
 .glue_7t       0x0800e540        0x0 linker stubs
 *(.eh_frame)
 .eh_frame      0x0800e540        0x0 c:/progra~2/armgnu~1/125863~1.3re/bin/../lib/gcc/arm-none-eabi/12.3.1/thumb/v7e-m+fp/hard/crtbegin.o
 *(.init)
 .init          0x0800e540        0x4 c:/progra~2/armgnu~1/125863~1.3re/bin/../lib/gcc/arm-none-eabi/12.3.1/thumb/v7e-m+fp/hard/crti.o
                0x0800e540                _init
 .init          0x0800e544        0x8 c:/progra~2/armgnu~1/125863~1.3re/bin/../lib/gcc/arm-none-eabi/12.3.1/thumb/v7e-m+fp/hard/crtn.o
 *(.fini)
 .fini          0x0800e54c        0x4 c:/progra~2/armgnu~1/125863~1.3re/bin/../lib/gcc/arm-none-eabi/12.3.1/thumb/v7e-m+fp/hard/crti.o
                0x0800e54c                _fini
 .fini          0x0800e550        0x8 c:/progra~2/armgnu~1/125863~1.3re/bin/../lib/gcc/arm-none-eabi/12.3.1/thumb/v7e-m+fp/hard/crtn.o
                0x0800e558                        . = ALIGN (0x4)
                0x0800e558                        _etext = .

.vfp11_veneer   0x0800e558        0x0
 .vfp11_veneer  0x0800e558        0x0 linker stubs

.v4_bx          0x0800e558        0x0
 .v4_bx         0x0800e558        0x0 linker stubs

.iplt           0x0800e558        0x0
 .iplt          0x0800e558        0x0 c:/progra~2/armgnu~1/125863~1.3re/bin/../lib/gcc/arm-none-eabi/12.3.1/thumb/v7e-m+fp/hard/crtbegin.o

.rodata         0x0800e558      0xd50
                0x0800e558                        . = ALIGN (0x4)
 *(.rodata)
 .rodata        0x0800e558        0x9 CMakeFiles/VCU2.0.elf.dir/Core/Src/main.c.obj
 *(.rodata*)
 *fill*         0x0800e561        0x3 
 .rodata.ADC_get_val.str1.4
                0x0800e564       0x37 CMakeFiles/VCU2.0.elf.dir/Core/Src/adc.c.obj
 *fill*         0x0800e59b        0x1 
 .rodata.__func__.0
                0x0800e59c        0xc CMakeFiles/VCU2.0.elf.dir/Core/Src/adc.c.obj
 .rodata.StartBrakeProcessTask.str1.4
                0x0800e5a8        0x6 CMakeFiles/VCU2.0.elf.dir/Core/Src/apps_brake.c.obj
 *fill*         0x0800e5ae        0x2 
 .rodata.StartAppsProcessTask.str1.4
                0x0800e5b0        0x5 CMakeFiles/VCU2.0.elf.dir/Core/Src/apps_brake.c.obj
 *fill*         0x0800e5b5        0x3 
 .rodata.updateSequence.str1.4
                0x0800e5b8        0x5 CMakeFiles/VCU2.0.elf.dir/Core/Src/bt_protocol.c.obj
 *fill*         0x0800e5bd        0x3 
 .rodata.initPacket.str1.4
                0x0800e5c0        0x5 CMakeFiles/VCU2.0.elf.dir/Core/Src/bt_protocol.c.obj
 *fill*         0x0800e5c5        0x3 
 .rodata.btUpdateData.str1.4
                0x0800e5c8       0x2d CMakeFiles/VCU2.0.elf.dir/Core/Src/bt_protocol.c.obj
 *fill*         0x0800e5f5        0x3 
 .rodata.str1.4
                0x0800e5f8       0xac CMakeFiles/VCU2.0.elf.dir/Core/Src/bt_protocol.c.obj
 .rodata.sendCan.str1.4
                0x0800e6a4       0x55 CMakeFiles/VCU2.0.elf.dir/Core/Src/can.c.obj
 *fill*         0x0800e6f9        0x3 
 .rodata.messageReceivedFromControlUnit.str1.4
                0x0800e6fc       0x8f CMakeFiles/VCU2.0.elf.dir/Core/Src/can.c.obj
 *fill*         0x0800e78b        0x1 
 .rodata.StartCanRxTask.str1.4
                0x0800e78c       0x1a CMakeFiles/VCU2.0.elf.dir/Core/Src/can.c.obj
                                 0x1f (size before relaxing)
 *fill*         0x0800e7a6        0x2 
 .rodata.vcu_debug_led.str1.4
                0x0800e7a8       0x1a CMakeFiles/VCU2.0.elf.dir/Core/Src/dashboard_leds.c.obj
 *fill*         0x0800e7c2        0x2 
 .rodata.log_and_handle_error.str1.4
                0x0800e7c4      0x142 CMakeFiles/VCU2.0.elf.dir/Core/Src/error_handler.c.obj
 *fill*         0x0800e906        0x2 
 .rodata.str1.4
                0x0800e908       0x9c CMakeFiles/VCU2.0.elf.dir/Core/Src/freertos.c.obj
 .rodata.appsProcTask_attributes
                0x0800e9a4       0x24 CMakeFiles/VCU2.0.elf.dir/Core/Src/freertos.c.obj
                0x0800e9a4                appsProcTask_attributes
 .rodata.brakeProcTask_attributes
                0x0800e9c8       0x24 CMakeFiles/VCU2.0.elf.dir/Core/Src/freertos.c.obj
                0x0800e9c8                brakeProcTask_attributes
 .rodata.acuHrtbeatTask_attributes
                0x0800e9ec       0x24 CMakeFiles/VCU2.0.elf.dir/Core/Src/freertos.c.obj
                0x0800e9ec                acuHrtbeatTask_attributes
 .rodata.mcHrtbeatTask_attributes
                0x0800ea10       0x24 CMakeFiles/VCU2.0.elf.dir/Core/Src/freertos.c.obj
                0x0800ea10                mcHrtbeatTask_attributes
 .rodata.vcuStateTask_attributes
                0x0800ea34       0x24 CMakeFiles/VCU2.0.elf.dir/Core/Src/freertos.c.obj
                0x0800ea34                vcuStateTask_attributes
 .rodata.btDumpTask_attributes
                0x0800ea58       0x24 CMakeFiles/VCU2.0.elf.dir/Core/Src/freertos.c.obj
                0x0800ea58                btDumpTask_attributes
 .rodata.canRxTask_attributes
                0x0800ea7c       0x24 CMakeFiles/VCU2.0.elf.dir/Core/Src/freertos.c.obj
                0x0800ea7c                canRxTask_attributes
 .rodata.canTxTask_attributes
                0x0800eaa0       0x24 CMakeFiles/VCU2.0.elf.dir/Core/Src/freertos.c.obj
                0x0800eaa0                canTxTask_attributes
 .rodata.watchDogTask_attributes
                0x0800eac4       0x24 CMakeFiles/VCU2.0.elf.dir/Core/Src/freertos.c.obj
                0x0800eac4                watchDogTask_attributes
 .rodata.dashLedTask_attributes
                0x0800eae8       0x24 CMakeFiles/VCU2.0.elf.dir/Core/Src/freertos.c.obj
                0x0800eae8                dashLedTask_attributes
 .rodata.defaultTask_attributes
                0x0800eb0c       0x24 CMakeFiles/VCU2.0.elf.dir/Core/Src/freertos.c.obj
                0x0800eb0c                defaultTask_attributes
 .rodata.StartMcHeartbeatTask.str1.4
                0x0800eb30       0x53 CMakeFiles/VCU2.0.elf.dir/Core/Src/heartbeat.c.obj
 *fill*         0x0800eb83        0x1 
 .rodata.StartAcuHeartbeatTask.str1.4
                0x0800eb84       0x8e CMakeFiles/VCU2.0.elf.dir/Core/Src/heartbeat.c.obj
 *fill*         0x0800ec12        0x2 
 .rodata.wdErrorHandler.str1.4
                0x0800ec14       0x1b CMakeFiles/VCU2.0.elf.dir/Core/Src/iwdg.c.obj
 *fill*         0x0800ec2f        0x1 
 .rodata.main.str1.4
                0x0800ec30       0x19 CMakeFiles/VCU2.0.elf.dir/Core/Src/main.c.obj
 *fill*         0x0800ec49        0x3 
 .rodata.fixFaults.str1.4
                0x0800ec4c       0x2a CMakeFiles/VCU2.0.elf.dir/Core/Src/motor_controller_can.c.obj
 *fill*         0x0800ec76        0x2 
 .rodata.sensAgreement_990.str1.4
                0x0800ec78       0x4e CMakeFiles/VCU2.0.elf.dir/Core/Src/pedal_encoder.c.obj
 *fill*         0x0800ecc6        0x2 
 .rodata.checkStartupCondition.str1.4
                0x0800ecc8       0x8a CMakeFiles/VCU2.0.elf.dir/Core/Src/startup_condition.c.obj
 *fill*         0x0800ed52        0x2 
 .rodata.APBPrescTable